******************************************************************************
                  TI ARM Linker PC v20.2.7                     
******************************************************************************
>> Linked Fri Feb  6 14:13:48 2026

OUTPUT FILE NAME:   <spi_demo.out>
ENTRY POINT SYMBOL: "_c_int00_noargs"  address: 20008fd9


MEMORY CONFIGURATION

         name            origin    length      used     unused   attr    fill
----------------------  --------  ---------  --------  --------  ----  --------
  SRAM_CODE             20004000   00013000  00009962  0000969e  RW X
  SRAM_DATA             20017000   00019000  0000103e  00017fc2  RW X


SEGMENT ALLOCATION MAP

run origin  load origin   length   init length attrs members
----------  ----------- ---------- ----------- ----- -------
20004000    20004000    00009968   00009968    r-x
  20004000    20004000    00000400   00000400    r-- .intvecs
  20004400    20004400    00004fd6   00004fd6    r-x .text
  200093d8    200093d8    00004544   00004544    r-- .const
  2000d920    2000d920    00000048   00000048    r-- .cinit
20017000    20017000    0000083e   00000000    rw-
  20017000    20017000    00000800   00000000    rw- .sysmem
  20017800    20017800    00000030   00000000    rw- .data
  20017830    20017830    0000000e   00000000    rw- .bss
2002f800    2002f800    00000800   00000000    rw-
  2002f800    2002f800    00000800   00000000    rw- .stack


SECTION ALLOCATION MAP

 output                                  attributes/
section   page    origin      length       input sections
--------  ----  ----------  ----------   ----------------
.intvecs   0    20004000    00000400     
                  20004000    00000400     startup_ccs.obj (.intvecs)

.init_array 
*          0    20004000    00000000     UNINITIALIZED

.text      0    20004400    00004fd6     
                  20004400    00000a80     Adafruit_GFX.obj (.text)
                  20004e80    00000a78     oled_test.obj (.text)
                  200058f8    00000a4e     rtsv7M4_T_le_eabi.lib : _printfi.c.obj (.text:__TI_printfi)
                  20006346    00000002                           : _lock.c.obj (.text:_nop)
                  20006348    000006ec     main.obj (.text)
                  20006a34    0000049e     Adafruit_SSD1351.obj (.text)
                  20006ed2    00000002     rtsv7M4_T_le_eabi.lib : div0.asm.obj (.text)
                  20006ed4    0000027c     uart_if.obj (.text)
                  20007150    00000268     rtsv7M4_T_le_eabi.lib : _printfi.c.obj (.text:_pconv_a)
                  200073b8    000001cc                           : _printfi.c.obj (.text:_pconv_g)
                  20007584    000001b6                           : fd_add_t2.asm.obj (.text)
                  2000773a    00000002     --HOLE-- [fill = 0]
                  2000773c    00000178     driverlib.a : prcm.obj (.text:PRCMCC3200MCUInit)
                  200078b4    0000015c     pin_mux_config.obj (.text)
                  20007a10    0000013c     rtsv7M4_T_le_eabi.lib : _printfi.c.obj (.text:_pconv_e)
                  20007b4c    00000136                           : fd_div_t2.asm.obj (.text)
                  20007c82    00000002     --HOLE-- [fill = 0]
                  20007c84    00000120                           : _printfi.c.obj (.text:fcvt)
                  20007da4    00000100                           : memory.c.obj (.text:aligned_alloc)
                  20007ea4    000000fc                           : fd_mul_t2.asm.obj (.text)
                  20007fa0    000000e4                           : memory.c.obj (.text:free)
                  20008084    000000e4                           : memory.c.obj (.text:realloc)
                  20008168    000000d0                           : s_scalbn.c.obj (.text:scalbn)
                  20008238    000000b1                           : _printfi.c.obj (.text:_ltostr)
                  200082e9    00000003     --HOLE-- [fill = 0]
                  200082ec    000000a8     driverlib.a : interrupt.obj (.text:IntEnable)
                  20008394    000000a0                 : spi.obj (.text:SPIConfigSetExpClk)
                  20008434    0000009c     rtsv7M4_T_le_eabi.lib : memcpy_t2.asm.obj (.text)
                  200084d0    00000096                           : ull_div_t2.asm.obj (.text)
                  20008566    00000002     --HOLE-- [fill = 0]
                  20008568    00000094     driverlib.a : prcm.obj (.text:PRCMPeripheralClockGet)
                  200085fc    00000088                 : pin.obj (.text:PinConfigSet)
                  20008684    00000086     rtsv7M4_T_le_eabi.lib : fd_cmp_t2.asm.obj (.text:__aeabi_cdcmple)
                  2000870a    00000086                           : fd_cmp_t2.asm.obj (.text:__aeabi_cdrcmple)
                  20008790    00000082     driverlib.a : gpio.obj (.text:GPIOIntTypeSet)
                  20008812    0000007a     rtsv7M4_T_le_eabi.lib : memset_t2.asm.obj (.text)
                  2000888c    00000076     driverlib.a : uart.obj (.text:UARTConfigSetExpClk)
                  20008902    00000002     --HOLE-- [fill = 0]
                  20008904    00000070     rtsv7M4_T_le_eabi.lib : memory.c.obj (.text:split)
                  20008974    0000006e                           : _printfi.c.obj (.text:_mcpy)
                  200089e2    00000068                           : copy_decompress_lzss.c.obj (.text:decompress:lzss:__TI_decompress_lzss)
                  20008a4a    00000002     --HOLE-- [fill = 0]
                  20008a4c    0000005c                           : s_frexp.c.obj (.text:frexp)
                  20008aa8    00000058     driverlib.a : prcm.obj (.text:PRCMPeripheralReset)
                  20008b00    00000056     rtsv7M4_T_le_eabi.lib : _printfi.c.obj (.text:_pconv_f)
                  20008b56    00000054                           : _ltoa.c.obj (.text:__TI_ltoa)
                  20008baa    00000052                           : _printfi.c.obj (.text:_ecpy)
                  20008bfc    0000004c                           : atoi.c.obj (.text:atoi)
                  20008c48    00000048     driverlib.a : gpio.obj (.text:GPIOGetIntNumber)
                  20008c90    00000048     rtsv7M4_T_le_eabi.lib : fd_toi_t2.asm.obj (.text)
                  20008cd8    00000044                           : autoinit.c.obj (.text:__TI_auto_init_nobinit_nopinit:__TI_auto_init_nobinit_nopinit)
                  20008d1c    00000040     driverlib.a : pin.obj (.text:PinModeSet)
                  20008d5c    00000040     rtsv7M4_T_le_eabi.lib : vsnprintf.c.obj (.text:vsnprintf)
                  20008d9c    0000003e                           : _printfi.c.obj (.text:_fcpy)
                  20008dda    00000002     --HOLE-- [fill = 0]
                  20008ddc    0000003c     driverlib.a : prcm.obj (.text:PRCMPeripheralClkEnable)
                  20008e18    00000036                 : gpio.obj (.text:GPIODirModeSet)
                  20008e4e    00000030                 : pin.obj (.text:PinTypeGPIO)
                  20008e7e    00000002     --HOLE-- [fill = 0]
                  20008e80    00000030                 : uart.obj (.text:UARTDisable)
                  20008eb0    00000030     rtsv7M4_T_le_eabi.lib : vsnprintf.c.obj (.text:_outs)
                  20008ee0    0000002e                           : i_tofd_t2.asm.obj (.text)
                  20008f0e    00000002     --HOLE-- [fill = 0]
                  20008f10    0000002c     driverlib.a : prcm.obj (.text:PRCMSysResetCauseGet)
                  20008f3c    00000028                 : prcm.obj (.text:PRCMPeripheralClkDisable)
                  20008f64    00000028     rtsv7M4_T_le_eabi.lib : memory.c.obj (.text:free_list_insert)
                  20008f8c    00000028                           : memmov.c.obj (.text:memmove)
                  20008fb4    00000024     driverlib.a : uart.obj (.text:UARTEnable)
                  20008fd8    00000024     rtsv7M4_T_le_eabi.lib : boot_cortex_m.c.obj (.text:_c_int00_noargs:_c_int00_noargs)
                  20008ffc    00000022     driverlib.a : gpio.obj (.text:GPIOIntStatus)
                  2000901e    00000022                 : spi.obj (.text:SPIReset)
                  20009040    00000020                 : gpio.obj (.text:GPIOPinWrite)
                  20009060    00000020                 : interrupt.obj (.text:IntRegister)
                  20009080    00000020                 : spi.obj (.text:SPIDataGet)
                  200090a0    0000001e                 : gpio.obj (.text:GPIOIntRegister)
                  200090be    0000001e                 : spi.obj (.text:SPIDataPut)
                  200090dc    0000001e                 : uart.obj (.text:UARTCharPut)
                  200090fa    00000002     --HOLE-- [fill = 0]
                  200090fc    0000001c                 : systick.obj (.text:SysTickIntRegister)
                  20009118    0000001c                 : uart.obj (.text:UARTCharGetNonBlocking)
                  20009134    0000001c     rtsv7M4_T_le_eabi.lib : copy_zero_init.c.obj (.text:decompress:ZI:__TI_zero_init_nomemset:__TI_zero_init_nomemset)
                  20009150    0000001c                           : memory.c.obj (.text:free_list_remove)
                  2000916c    0000001c                           : memccpy.c.obj (.text:memccpy)
                  20009188    0000001a     driverlib.a : gpio.obj (.text:GPIOIntEnable)
                  200091a2    0000001a                 : pin.obj (.text:PinTypeSPI)
                  200091bc    0000001a                 : pin.obj (.text:PinTypeUART)
                  200091d6    0000001a                 : spi.obj (.text:SPIFIFOEnable)
                  200091f0    00000018                 : gpio.obj (.text:GPIOPinRead)
                  20009208    00000018                 : spi.obj (.text:SPICSDisable)
                  20009220    00000018                 : spi.obj (.text:SPICSEnable)
                  20009238    00000018                 : spi.obj (.text:SPIEnable)
                  20009250    00000018                 : systick.obj (.text:SysTickPeriodSet)
                  20009268    00000018                 : uart.obj (.text:UARTCharsAvail)
                  20009280    00000018     rtsv7M4_T_le_eabi.lib : vsnprintf.c.obj (.text:_outc)
                  20009298    00000018                           : ll_mul_t2.asm.obj (.text)
                  200092b0    00000016     driverlib.a : prcm.obj (.text:PRCMHIBRegRead)
                  200092c6    00000016                 : prcm.obj (.text:PRCMHIBRegWrite)
                  200092dc    00000016     rtsv7M4_T_le_eabi.lib : strchr.c.obj (.text:strchr)
                  200092f2    00000014     driverlib.a : cpu.obj (.text:CPUcpsie)
                  20009306    00000014                 : gpio.obj (.text:GPIOIntClear)
                  2000931a    00000002     --HOLE-- [fill = 0]
                  2000931c    00000014                 : interrupt.obj (.text:IntVTableBaseSet)
                  20009330    00000014     rtsv7M4_T_le_eabi.lib : strlen.c.obj (.text:strlen)
                  20009344    00000012                           : wcslen.c.obj (.text:wcslen)
                  20009356    00000002     --HOLE-- [fill = 0]
                  20009358    00000010     driverlib.a : systick.obj (.text:SysTickEnable)
                  20009368    00000010                 : systick.obj (.text:SysTickIntEnable)
                  20009378    0000000e     rtsv7M4_T_le_eabi.lib : copy_decompress_none.c.obj (.text:decompress:none:__TI_decompress_none)
                  20009386    0000000e     startup_ccs.obj (.text)
                  20009394    0000000c     driverlib.a : systick.obj (.text:SysTickValueGet)
                  200093a0    0000000c     rtsv7M4_T_le_eabi.lib : s_copysign.c.obj (.text:copysign)
                  200093ac    0000000a     driverlib.a : interrupt.obj (.text:IntMasterEnable)
                  200093b6    00000002     --HOLE-- [fill = 0]
                  200093b8    00000008     rtsv7M4_T_le_eabi.lib : errno.c.obj (.text:__aeabi_errno_addr)
                  200093c0    00000008                           : memory.c.obj (.text:malloc)
                  200093c8    00000006     driverlib.a : utils.obj (.text:UtilsDelay)
                  200093ce    00000004     rtsv7M4_T_le_eabi.lib : pre_init.c.obj (.text:_system_pre_init)
                  200093d2    00000004                           : exit.c.obj (.text:abort:abort)

.const     0    200093d8    00004544     
                  200093d8    00000e10     main.obj (.const:$P$T0$1)
                  2000a1e8    00000e10     main.obj (.const:$P$T1$2)
                  2000aff8    00000e10     main.obj (.const:$P$T2$3)
                  2000be08    00000e10     main.obj (.const:$P$T3$4)
                  2000cc18    000004fb     Adafruit_GFX.obj (.const:.string:font)
                  2000d113    000004fb     oled_test.obj (.const:.string:font)
                  2000d60e    00000101     rtsv7M4_T_le_eabi.lib : ctype.c.obj (.const:.string:_ctypes_)
                  2000d70f    00000001     --HOLE-- [fill = 0]
                  2000d710    00000100     driverlib.a : pin.obj (.const:g_ulPinToPadMap)
                  2000d810    000000a8                 : prcm.obj (.const:PRCM_PeriphRegsList)
                  2000d8b8    00000028     main.obj (.const:$P$T4$5)
                  2000d8e0    00000018     driverlib.a : interrupt.obj (.const:g_pulEnRegs)
                  2000d8f8    00000014     main.obj (.const:$P$T5$6)
                  2000d90c    00000008     main.obj (.const:switch2)
                  2000d914    00000008     main.obj (.const:switch3)

.cinit     0    2000d920    00000048     
                  2000d920    00000020     (.cinit..data.load) [load image, compression = lzss]
                  2000d940    0000000c     (__TI_handler_table)
                  2000d94c    00000004     --HOLE-- [fill = 0]
                  2000d950    00000008     (.cinit..bss.load) [load image, compression = zero_init]
                  2000d958    00000010     (__TI_cinit_table)

.sysmem    0    20017000    00000800     UNINITIALIZED
                  20017000    00000010     rtsv7M4_T_le_eabi.lib : memory.c.obj (.sysmem)
                  20017010    000007f0     --HOLE--

.data      0    20017800    00000030     UNINITIALIZED
                  20017800    00000015     Adafruit_GFX.obj (.data)
                  20017815    00000003     --HOLE--
                  20017818    00000008     rtsv7M4_T_le_eabi.lib : _lock.c.obj (.data:$O1$$)
                  20017820    00000008                           : memory.c.obj (.data:$O1$$)
                  20017828    00000004     main.obj (.data)
                  2001782c    00000004     rtsv7M4_T_le_eabi.lib : errno.c.obj (.data)

.bss       0    20017830    0000000e     UNINITIALIZED
                  20017830    00000004     uart_if.obj (.bss)
                  20017834    00000004     (.common:SW2_intcount)
                  20017838    00000004     (.common:SW3_intcount)
                  2001783c    00000001     (.common:SW2_intflag)
                  2001783d    00000001     (.common:SW3_intflag)

.stack     0    2002f800    00000800     UNINITIALIZED
                  2002f800    00000004     rtsv7M4_T_le_eabi.lib : boot_cortex_m.c.obj (.stack)
                  2002f804    000007fc     --HOLE--

__llvm_prf_cnts 
*          0    20017000    00000000     UNINITIALIZED

MODULE SUMMARY

       Module                       code    ro data   rw data
       ------                       ----    -------   -------
    .\
       main.obj                     1772    14476     14     
       Adafruit_GFX.obj             2688    1275      21     
       oled_test.obj                2680    1275      0      
       Adafruit_SSD1351.obj         1182    0         0      
       startup_ccs.obj              14      1024      0      
       uart_if.obj                  636     0         4      
       pin_mux_config.obj           348     0         0      
    +--+----------------------------+-------+---------+---------+
       Total:                       9320    18050     39     
                                                             
    C:/ti/CC3200SDK_1.5.0/cc3200-sdk/driverlib/ccs/Release/driverlib.a
       prcm.obj                     800     168       0      
       pin.obj                      300     256       0      
       gpio.obj                     422     0         0      
       spi.obj                      354     0         0      
       uart.obj                     284     0         0      
       interrupt.obj                230     24        0      
       systick.obj                  96      0         0      
       cpu.obj                      20      0         0      
       utils.obj                    6       0         0      
    +--+----------------------------+-------+---------+---------+
       Total:                       2512    448       0      
                                                             
    C:\ti\ccs1250\ccs\tools\compiler\ti-cgt-arm_20.2.7.LTS\lib\rtsv7M4_T_le_eabi.lib
       _printfi.c.obj               4835    0         0      
       memory.c.obj                 900     0         8      
       fd_add_t2.asm.obj            438     0         0      
       fd_div_t2.asm.obj            310     0         0      
       fd_cmp_t2.asm.obj            268     0         0      
       ctype.c.obj                  0       257       0      
       fd_mul_t2.asm.obj            252     0         0      
       s_scalbn.c.obj               208     0         0      
       memcpy_t2.asm.obj            156     0         0      
       ull_div_t2.asm.obj           150     0         0      
       vsnprintf.c.obj              136     0         0      
       memset_t2.asm.obj            122     0         0      
       copy_decompress_lzss.c.obj   104     0         0      
       s_frexp.c.obj                92      0         0      
       _ltoa.c.obj                  84      0         0      
       atoi.c.obj                   76      0         0      
       fd_toi_t2.asm.obj            72      0         0      
       autoinit.c.obj               68      0         0      
       i_tofd_t2.asm.obj            46      0         0      
       memmov.c.obj                 40      0         0      
       boot_cortex_m.c.obj          36      0         0      
       copy_zero_init.c.obj         28      0         0      
       memccpy.c.obj                28      0         0      
       ll_mul_t2.asm.obj            24      0         0      
       strchr.c.obj                 22      0         0      
       strlen.c.obj                 20      0         0      
       wcslen.c.obj                 18      0         0      
       copy_decompress_none.c.obj   14      0         0      
       errno.c.obj                  8       0         4      
       s_copysign.c.obj             12      0         0      
       _lock.c.obj                  2       0         8      
       exit.c.obj                   4       0         0      
       pre_init.c.obj               4       0         0      
       div0.asm.obj                 2       0         0      
    +--+----------------------------+-------+---------+---------+
       Total:                       8579    257       20     
                                                             
       Heap:                        0       0         2048   
       Stack:                       0       0         2048   
       Linker Generated:            0       68        0      
    +--+----------------------------+-------+---------+---------+
       Grand Total:                 20411   18823     4155   


LINKER GENERATED COPY TABLES

__TI_cinit_table @ 2000d958 records: 2, size/record: 8, table size: 16
	.data: load addr=2000d920, load size=00000020 bytes, run addr=20017800, run size=00000030 bytes, compression=lzss
	.bss: load addr=2000d950, load size=00000008 bytes, run addr=20017830, run size=0000000e bytes, compression=zero_init


LINKER GENERATED HANDLER TABLE

__TI_handler_table @ 2000d940 records: 3, size/record: 4, table size: 12
	index: 0, handler: __TI_decompress_lzss
	index: 1, handler: __TI_decompress_none
	index: 2, handler: __TI_zero_init


GLOBAL SYMBOLS: SORTED ALPHABETICALLY BY Name 

address   name                          
-------   ----                          
20006abd  Adafruit_Init                 
200093d3  C$$EXIT                       
200092f3  CPUcpsie                      
20006f15  ClearTerm                     
20006c33  Color565                      
20006f1f  Error                         
20008e19  GPIODirModeSet                
20009307  GPIOIntClear                  
20009189  GPIOIntEnable                 
200090a1  GPIOIntRegister               
20008ffd  GPIOIntStatus                 
20008791  GPIOIntTypeSet                
200091f1  GPIOPinRead                   
20009041  GPIOPinWrite                  
20006f57  GetCmd                        
20006ed5  InitTerm                      
200082ed  IntEnable                     
200093ad  IntMasterEnable               
20009061  IntRegister                   
2000931d  IntVTableBaseSet              
20006ef3  Message                       
20004dab  Outstr                        
2000773d  PRCMCC3200MCUInit             
200092b1  PRCMHIBRegRead                
200092c7  PRCMHIBRegWrite               
20008f3d  PRCMPeripheralClkDisable      
20008ddd  PRCMPeripheralClkEnable       
20008569  PRCMPeripheralClockGet        
20008aa9  PRCMPeripheralReset           
20008f11  PRCMSysResetCauseGet          
200085fd  PinConfigSet                  
20008d1d  PinModeSet                    
200078b5  PinMuxConfig                  
20008e4f  PinTypeGPIO                   
200091a3  PinTypeSPI                    
200091bd  PinTypeUART                   
20007095  Report                        
20009387  ResetISR                      
20009209  SPICSDisable                  
20009221  SPICSEnable                   
20008395  SPIConfigSetExpClk            
20009081  SPIDataGet                    
200090bf  SPIDataPut                    
20009239  SPIEnable                     
200091d7  SPIFIFOEnable                 
2000901f  SPIReset                      
20017834  SW2_intcount                  
2001783c  SW2_intflag                   
20017838  SW3_intcount                  
2001783d  SW3_intflag                   
20009359  SysTickEnable                 
20009369  SysTickIntEnable              
200090fd  SysTickIntRegister            
20009251  SysTickPeriodSet              
20009395  SysTickValueGet               
20006ffd  TrimSpace                     
20009119  UARTCharGetNonBlocking        
200090dd  UARTCharPut                   
20009269  UARTCharsAvail                
2000888d  UARTConfigSetExpClk           
20008e81  UARTDisable                   
20008fb5  UARTEnable                    
200093c9  UtilsDelay                    
20030000  __STACK_END                   
00000800  __STACK_SIZE                  
00000800  __SYSMEM_SIZE                 
2000d958  __TI_CINIT_Base               
2000d968  __TI_CINIT_Limit              
2000d940  __TI_Handler_Table_Base       
2000d94c  __TI_Handler_Table_Limit      
20008cd9  __TI_auto_init_nobinit_nopinit
200089e3  __TI_decompress_lzss          
20009379  __TI_decompress_none          
20008b57  __TI_ltoa                     
ffffffff  __TI_pprof_out_hndl           
200058f9  __TI_printfi                  
ffffffff  __TI_prof_data_size           
ffffffff  __TI_prof_data_start          
2000d920  __TI_static_base__            
20009135  __TI_zero_init_nomemset       
20008685  __aeabi_cdcmpeq               
20008685  __aeabi_cdcmple               
2000870b  __aeabi_cdrcmple              
20008c91  __aeabi_d2iz                  
2000758f  __aeabi_dadd                  
20007b4d  __aeabi_ddiv                  
20007ea5  __aeabi_dmul                  
20007585  __aeabi_dsub                  
200093b9  __aeabi_errno_addr            
20008ee1  __aeabi_i2d                   
20006ed3  __aeabi_idiv0                 
20006ed3  __aeabi_ldiv0                 
20009299  __aeabi_lmul                  
20008813  __aeabi_memclr                
20008813  __aeabi_memclr4               
20008813  __aeabi_memclr8               
20008435  __aeabi_memcpy                
20008435  __aeabi_memcpy4               
20008435  __aeabi_memcpy8               
20008815  __aeabi_memset                
20008815  __aeabi_memset4               
20008815  __aeabi_memset8               
200084d1  __aeabi_uldivmod              
ffffffff  __binit__                     
ffffffff  __c_args__                    
UNDEFED   __mpu_init                    
2002f800  __stack                       
20017000  __start___llvm_prf_cnts       
20017000  __stop___llvm_prf_cnts        
20008fd9  _c_int00_noargs               
2000d60e  _ctypes_                      
20017818  _lock                         
20006347  _nop                          
20017000  _sys_memory                   
UNDEFED   _system_post_cinit            
200093cf  _system_pre_init              
2001781c  _unlock                       
200093d3  abort                         
20007da5  aligned_alloc                 
20005649  alphabet                      
20008bfd  atoi                          
ffffffff  binit                         
200093a1  copysign                      
200093a1  copysignl                     
20017800  cursor_x                      
20017804  cursor_y                      
20004c5f  drawChar                      
20004401  drawCircle                    
20004535  drawCircleHelper              
200055c5  drawDialogueChoices           
20006ddd  drawFastHLine                 
20006d41  drawFastVLine                 
2000477b  drawLine                      
20006e79  drawPixel                     
200056d1  drawPixelArt                  
20004867  drawRect                      
200048b5  drawRoundRect                 
20004a1d  drawTriangle                  
2001782c  errno                         
20004653  fillCircle                    
2000468d  fillCircleHelper              
20006c8b  fillRect                      
200049a3  fillRoundRect                 
20006c75  fillScreen                    
20004a5f  fillTriangle                  
20007fa1  free                          
20008a4d  frexp                         
20008a4d  frexpl                        
20004000  g_pfnVectors                  
20006bef  goTo                          
20004e5f  height                        
20005593  helloworld                    
20005747  horizontallines               
20006eb7  invert                        
200053f3  lcdTestPattern                
200054c3  lcdTestPattern2               
20008169  ldexp                         
20008169  ldexpl                        
200067fd  main                          
200093c1  malloc                        
20007da5  memalign                      
2000916d  memccpy                       
20008435  memcpy                        
20008f8d  memmove                       
2000881b  memset                        
2000640d  playGame                      
20008085  realloc                       
2000668d  runOledTest                   
20008169  scalbn                        
20008169  scalbnl                       
20004df7  setCursor                     
20004e2f  setTextColor                  
20004e0f  setTextSize                   
20004e47  setTextWrap                   
200092dd  strchr                        
20009331  strlen                        
20017828  systick_cnt                   
200050b7  testdrawcircles               
20004f27  testdrawrects                 
20004eb5  testfastlines                 
20005045  testfillcircles               
20004f87  testfillrects                 
20005225  testlines                     
200051b3  testroundrects                
20005131  testtriangles                 
20017810  textbgcolor                   
2001780c  textcolor                     
20017808  textsize                      
20005825  verticallines                 
20008d5d  vsnprintf                     
20009345  wcslen                        
20004e5b  width                         
20017814  wrap                          
20006a35  writeCommand                  
20006a79  writeData                     


GLOBAL SYMBOLS: SORTED BY Symbol Address 

address   name                          
-------   ----                          
00000800  __STACK_SIZE                  
00000800  __SYSMEM_SIZE                 
20004000  g_pfnVectors                  
20004401  drawCircle                    
20004535  drawCircleHelper              
20004653  fillCircle                    
2000468d  fillCircleHelper              
2000477b  drawLine                      
20004867  drawRect                      
200048b5  drawRoundRect                 
200049a3  fillRoundRect                 
20004a1d  drawTriangle                  
20004a5f  fillTriangle                  
20004c5f  drawChar                      
20004dab  Outstr                        
20004df7  setCursor                     
20004e0f  setTextSize                   
20004e2f  setTextColor                  
20004e47  setTextWrap                   
20004e5b  width                         
20004e5f  height                        
20004eb5  testfastlines                 
20004f27  testdrawrects                 
20004f87  testfillrects                 
20005045  testfillcircles               
200050b7  testdrawcircles               
20005131  testtriangles                 
200051b3  testroundrects                
20005225  testlines                     
200053f3  lcdTestPattern                
200054c3  lcdTestPattern2               
20005593  helloworld                    
200055c5  drawDialogueChoices           
20005649  alphabet                      
200056d1  drawPixelArt                  
20005747  horizontallines               
20005825  verticallines                 
200058f9  __TI_printfi                  
20006347  _nop                          
2000640d  playGame                      
2000668d  runOledTest                   
200067fd  main                          
20006a35  writeCommand                  
20006a79  writeData                     
20006abd  Adafruit_Init                 
20006bef  goTo                          
20006c33  Color565                      
20006c75  fillScreen                    
20006c8b  fillRect                      
20006d41  drawFastVLine                 
20006ddd  drawFastHLine                 
20006e79  drawPixel                     
20006eb7  invert                        
20006ed3  __aeabi_idiv0                 
20006ed3  __aeabi_ldiv0                 
20006ed5  InitTerm                      
20006ef3  Message                       
20006f15  ClearTerm                     
20006f1f  Error                         
20006f57  GetCmd                        
20006ffd  TrimSpace                     
20007095  Report                        
20007585  __aeabi_dsub                  
2000758f  __aeabi_dadd                  
2000773d  PRCMCC3200MCUInit             
200078b5  PinMuxConfig                  
20007b4d  __aeabi_ddiv                  
20007da5  aligned_alloc                 
20007da5  memalign                      
20007ea5  __aeabi_dmul                  
20007fa1  free                          
20008085  realloc                       
20008169  ldexp                         
20008169  ldexpl                        
20008169  scalbn                        
20008169  scalbnl                       
200082ed  IntEnable                     
20008395  SPIConfigSetExpClk            
20008435  __aeabi_memcpy                
20008435  __aeabi_memcpy4               
20008435  __aeabi_memcpy8               
20008435  memcpy                        
200084d1  __aeabi_uldivmod              
20008569  PRCMPeripheralClockGet        
200085fd  PinConfigSet                  
20008685  __aeabi_cdcmpeq               
20008685  __aeabi_cdcmple               
2000870b  __aeabi_cdrcmple              
20008791  GPIOIntTypeSet                
20008813  __aeabi_memclr                
20008813  __aeabi_memclr4               
20008813  __aeabi_memclr8               
20008815  __aeabi_memset                
20008815  __aeabi_memset4               
20008815  __aeabi_memset8               
2000881b  memset                        
2000888d  UARTConfigSetExpClk           
200089e3  __TI_decompress_lzss          
20008a4d  frexp                         
20008a4d  frexpl                        
20008aa9  PRCMPeripheralReset           
20008b57  __TI_ltoa                     
20008bfd  atoi                          
20008c91  __aeabi_d2iz                  
20008cd9  __TI_auto_init_nobinit_nopinit
20008d1d  PinModeSet                    
20008d5d  vsnprintf                     
20008ddd  PRCMPeripheralClkEnable       
20008e19  GPIODirModeSet                
20008e4f  PinTypeGPIO                   
20008e81  UARTDisable                   
20008ee1  __aeabi_i2d                   
20008f11  PRCMSysResetCauseGet          
20008f3d  PRCMPeripheralClkDisable      
20008f8d  memmove                       
20008fb5  UARTEnable                    
20008fd9  _c_int00_noargs               
20008ffd  GPIOIntStatus                 
2000901f  SPIReset                      
20009041  GPIOPinWrite                  
20009061  IntRegister                   
20009081  SPIDataGet                    
200090a1  GPIOIntRegister               
200090bf  SPIDataPut                    
200090dd  UARTCharPut                   
200090fd  SysTickIntRegister            
20009119  UARTCharGetNonBlocking        
20009135  __TI_zero_init_nomemset       
2000916d  memccpy                       
20009189  GPIOIntEnable                 
200091a3  PinTypeSPI                    
200091bd  PinTypeUART                   
200091d7  SPIFIFOEnable                 
200091f1  GPIOPinRead                   
20009209  SPICSDisable                  
20009221  SPICSEnable                   
20009239  SPIEnable                     
20009251  SysTickPeriodSet              
20009269  UARTCharsAvail                
20009299  __aeabi_lmul                  
200092b1  PRCMHIBRegRead                
200092c7  PRCMHIBRegWrite               
200092dd  strchr                        
200092f3  CPUcpsie                      
20009307  GPIOIntClear                  
2000931d  IntVTableBaseSet              
20009331  strlen                        
20009345  wcslen                        
20009359  SysTickEnable                 
20009369  SysTickIntEnable              
20009379  __TI_decompress_none          
20009387  ResetISR                      
20009395  SysTickValueGet               
200093a1  copysign                      
200093a1  copysignl                     
200093ad  IntMasterEnable               
200093b9  __aeabi_errno_addr            
200093c1  malloc                        
200093c9  UtilsDelay                    
200093cf  _system_pre_init              
200093d3  C$$EXIT                       
200093d3  abort                         
2000d60e  _ctypes_                      
2000d920  __TI_static_base__            
2000d940  __TI_Handler_Table_Base       
2000d94c  __TI_Handler_Table_Limit      
2000d958  __TI_CINIT_Base               
2000d968  __TI_CINIT_Limit              
20017000  __start___llvm_prf_cnts       
20017000  __stop___llvm_prf_cnts        
20017000  _sys_memory                   
20017800  cursor_x                      
20017804  cursor_y                      
20017808  textsize                      
2001780c  textcolor                     
20017810  textbgcolor                   
20017814  wrap                          
20017818  _lock                         
2001781c  _unlock                       
20017828  systick_cnt                   
2001782c  errno                         
20017834  SW2_intcount                  
20017838  SW3_intcount                  
2001783c  SW2_intflag                   
2001783d  SW3_intflag                   
2002f800  __stack                       
20030000  __STACK_END                   
ffffffff  __TI_pprof_out_hndl           
ffffffff  __TI_prof_data_size           
ffffffff  __TI_prof_data_start          
ffffffff  __binit__                     
ffffffff  __c_args__                    
ffffffff  binit                         
UNDEFED   __mpu_init                    
UNDEFED   _system_post_cinit            

[195 symbols]
