******************************************************************************
                  TI ARM Linker PC v20.2.7                     
******************************************************************************
>> Linked Wed Feb 11 14:16:56 2026

OUTPUT FILE NAME:   <spi_demo.out>
ENTRY POINT SYMBOL: "_c_int00_noargs"  address: 20009305


MEMORY CONFIGURATION

         name            origin    length      used     unused   attr    fill
----------------------  --------  ---------  --------  --------  ----  --------
  SRAM_CODE             20004000   00013000  00009d4e  000092b2  RW X
  SRAM_DATA             20017000   00019000  0000125a  00017da6  RW X


SEGMENT ALLOCATION MAP

run origin  load origin   length   init length attrs members
----------  ----------- ---------- ----------- ----- -------
20004000    20004000    00009d50   00009d50    r-x
  20004000    20004000    00000400   00000400    r-- .intvecs
  20004400    20004400    000052ea   000052ea    r-x .text
  200096ec    200096ec    00004614   00004614    r-- .const
  2000dd00    2000dd00    00000050   00000050    r-- .cinit
20017000    20017000    00000a5c   00000000    rw-
  20017000    20017000    00000800   00000000    rw- .sysmem
  20017800    20017800    0000020e   00000000    rw- .bss
  20017a10    20017a10    0000004c   00000000    rw- .data
2002f800    2002f800    00000800   00000000    rw-
  2002f800    2002f800    00000800   00000000    rw- .stack


SECTION ALLOCATION MAP

 output                                  attributes/
section   page    origin      length       input sections
--------  ----  ----------  ----------   ----------------
.intvecs   0    20004000    00000400     
                  20004000    00000400     startup_ccs.obj (.intvecs)

.init_array 
*          0    20004000    00000000     UNINITIALIZED

.text      0    20004400    000052ea     
                  20004400    00000a80     Adafruit_GFX.obj (.text)
                  20004e80    00000a78     oled_test.obj (.text)
                  200058f8    00000a4e     rtsv7M4_T_le_eabi.lib : _printfi.c.obj (.text:__TI_printfi)
                  20006346    00000002                           : _lock.c.obj (.text:_nop)
                  20006348    00000a0c     main.obj (.text)
                  20006d54    0000049e     Adafruit_SSD1351.obj (.text)
                  200071f2    00000002     rtsv7M4_T_le_eabi.lib : div0.asm.obj (.text)
                  200071f4    0000027c     uart_if.obj (.text)
                  20007470    00000268     rtsv7M4_T_le_eabi.lib : _printfi.c.obj (.text:_pconv_a)
                  200076d8    000001cc                           : _printfi.c.obj (.text:_pconv_g)
                  200078a4    000001b6                           : fd_add_t2.asm.obj (.text)
                  20007a5a    00000002     --HOLE-- [fill = 0]
                  20007a5c    00000178     driverlib.a : prcm.obj (.text:PRCMCC3200MCUInit)
                  20007bd4    00000168     pin_mux_config.obj (.text)
                  20007d3c    0000013c     rtsv7M4_T_le_eabi.lib : _printfi.c.obj (.text:_pconv_e)
                  20007e78    00000136                           : fd_div_t2.asm.obj (.text)
                  20007fae    00000002     --HOLE-- [fill = 0]
                  20007fb0    00000120                           : _printfi.c.obj (.text:fcvt)
                  200080d0    00000100                           : memory.c.obj (.text:aligned_alloc)
                  200081d0    000000fc                           : fd_mul_t2.asm.obj (.text)
                  200082cc    000000e4                           : memory.c.obj (.text:free)
                  200083b0    000000e4                           : memory.c.obj (.text:realloc)
                  20008494    000000d0                           : s_scalbn.c.obj (.text:scalbn)
                  20008564    000000b1                           : _printfi.c.obj (.text:_ltostr)
                  20008615    00000003     --HOLE-- [fill = 0]
                  20008618    000000a8     driverlib.a : interrupt.obj (.text:IntEnable)
                  200086c0    000000a0                 : spi.obj (.text:SPIConfigSetExpClk)
                  20008760    0000009c     rtsv7M4_T_le_eabi.lib : memcpy_t2.asm.obj (.text)
                  200087fc    00000096                           : ull_div_t2.asm.obj (.text)
                  20008892    00000002     --HOLE-- [fill = 0]
                  20008894    00000094     driverlib.a : prcm.obj (.text:PRCMPeripheralClockGet)
                  20008928    00000088                 : pin.obj (.text:PinConfigSet)
                  200089b0    00000086     rtsv7M4_T_le_eabi.lib : fd_cmp_t2.asm.obj (.text:__aeabi_cdcmple)
                  20008a36    00000086                           : fd_cmp_t2.asm.obj (.text:__aeabi_cdrcmple)
                  20008abc    00000082     driverlib.a : gpio.obj (.text:GPIOIntTypeSet)
                  20008b3e    0000007a     rtsv7M4_T_le_eabi.lib : memset_t2.asm.obj (.text)
                  20008bb8    00000076     driverlib.a : uart.obj (.text:UARTConfigSetExpClk)
                  20008c2e    00000002     --HOLE-- [fill = 0]
                  20008c30    00000070     rtsv7M4_T_le_eabi.lib : memory.c.obj (.text:split)
                  20008ca0    0000006e                           : _printfi.c.obj (.text:_mcpy)
                  20008d0e    00000068                           : copy_decompress_lzss.c.obj (.text:decompress:lzss:__TI_decompress_lzss)
                  20008d76    00000002     --HOLE-- [fill = 0]
                  20008d78    0000005c                           : s_frexp.c.obj (.text:frexp)
                  20008dd4    00000058     driverlib.a : prcm.obj (.text:PRCMPeripheralReset)
                  20008e2c    00000056     rtsv7M4_T_le_eabi.lib : _printfi.c.obj (.text:_pconv_f)
                  20008e82    00000054                           : _ltoa.c.obj (.text:__TI_ltoa)
                  20008ed6    00000052                           : _printfi.c.obj (.text:_ecpy)
                  20008f28    0000004c                           : atoi.c.obj (.text:atoi)
                  20008f74    00000048     driverlib.a : gpio.obj (.text:GPIOGetIntNumber)
                  20008fbc    00000048     rtsv7M4_T_le_eabi.lib : fd_toi_t2.asm.obj (.text)
                  20009004    00000044                           : autoinit.c.obj (.text:__TI_auto_init_nobinit_nopinit:__TI_auto_init_nobinit_nopinit)
                  20009048    00000040     driverlib.a : pin.obj (.text:PinModeSet)
                  20009088    00000040     rtsv7M4_T_le_eabi.lib : vsnprintf.c.obj (.text:vsnprintf)
                  200090c8    0000003e                           : _printfi.c.obj (.text:_fcpy)
                  20009106    00000002     --HOLE-- [fill = 0]
                  20009108    0000003c     driverlib.a : prcm.obj (.text:PRCMPeripheralClkEnable)
                  20009144    00000036                 : gpio.obj (.text:GPIODirModeSet)
                  2000917a    00000030                 : pin.obj (.text:PinTypeGPIO)
                  200091aa    00000002     --HOLE-- [fill = 0]
                  200091ac    00000030                 : uart.obj (.text:UARTDisable)
                  200091dc    00000030     rtsv7M4_T_le_eabi.lib : vsnprintf.c.obj (.text:_outs)
                  2000920c    0000002e                           : i_tofd_t2.asm.obj (.text)
                  2000923a    00000002     --HOLE-- [fill = 0]
                  2000923c    0000002c     driverlib.a : prcm.obj (.text:PRCMSysResetCauseGet)
                  20009268    00000028                 : prcm.obj (.text:PRCMPeripheralClkDisable)
                  20009290    00000028     rtsv7M4_T_le_eabi.lib : memory.c.obj (.text:free_list_insert)
                  200092b8    00000028                           : memmov.c.obj (.text:memmove)
                  200092e0    00000024     driverlib.a : uart.obj (.text:UARTEnable)
                  20009304    00000024     rtsv7M4_T_le_eabi.lib : boot_cortex_m.c.obj (.text:_c_int00_noargs:_c_int00_noargs)
                  20009328    00000022     driverlib.a : gpio.obj (.text:GPIOIntStatus)
                  2000934a    00000022                 : spi.obj (.text:SPIReset)
                  2000936c    00000020                 : gpio.obj (.text:GPIOPinWrite)
                  2000938c    00000020                 : interrupt.obj (.text:IntRegister)
                  200093ac    00000020                 : spi.obj (.text:SPIDataGet)
                  200093cc    0000001e                 : gpio.obj (.text:GPIOIntRegister)
                  200093ea    0000001e                 : spi.obj (.text:SPIDataPut)
                  20009408    0000001e                 : uart.obj (.text:UARTCharPut)
                  20009426    00000002     --HOLE-- [fill = 0]
                  20009428    0000001c                 : systick.obj (.text:SysTickIntRegister)
                  20009444    0000001c                 : uart.obj (.text:UARTCharGetNonBlocking)
                  20009460    0000001c     rtsv7M4_T_le_eabi.lib : copy_zero_init.c.obj (.text:decompress:ZI:__TI_zero_init_nomemset:__TI_zero_init_nomemset)
                  2000947c    0000001c                           : memory.c.obj (.text:free_list_remove)
                  20009498    0000001c                           : memccpy.c.obj (.text:memccpy)
                  200094b4    0000001a     driverlib.a : gpio.obj (.text:GPIOIntEnable)
                  200094ce    0000001a                 : pin.obj (.text:PinTypeSPI)
                  200094e8    0000001a                 : pin.obj (.text:PinTypeUART)
                  20009502    0000001a                 : spi.obj (.text:SPIFIFOEnable)
                  2000951c    00000018                 : spi.obj (.text:SPICSDisable)
                  20009534    00000018                 : spi.obj (.text:SPICSEnable)
                  2000954c    00000018                 : spi.obj (.text:SPIEnable)
                  20009564    00000018                 : systick.obj (.text:SysTickPeriodSet)
                  2000957c    00000018                 : uart.obj (.text:UARTCharsAvail)
                  20009594    00000018     rtsv7M4_T_le_eabi.lib : vsnprintf.c.obj (.text:_outc)
                  200095ac    00000018                           : ll_mul_t2.asm.obj (.text)
                  200095c4    00000016     driverlib.a : prcm.obj (.text:PRCMHIBRegRead)
                  200095da    00000016                 : prcm.obj (.text:PRCMHIBRegWrite)
                  200095f0    00000016     rtsv7M4_T_le_eabi.lib : strchr.c.obj (.text:strchr)
                  20009606    00000014     driverlib.a : cpu.obj (.text:CPUcpsie)
                  2000961a    00000014                 : gpio.obj (.text:GPIOIntClear)
                  2000962e    00000002     --HOLE-- [fill = 0]
                  20009630    00000014                 : interrupt.obj (.text:IntVTableBaseSet)
                  20009644    00000014     rtsv7M4_T_le_eabi.lib : strlen.c.obj (.text:strlen)
                  20009658    00000012                           : wcslen.c.obj (.text:wcslen)
                  2000966a    00000002     --HOLE-- [fill = 0]
                  2000966c    00000010     driverlib.a : systick.obj (.text:SysTickEnable)
                  2000967c    00000010                 : systick.obj (.text:SysTickIntEnable)
                  2000968c    0000000e     rtsv7M4_T_le_eabi.lib : copy_decompress_none.c.obj (.text:decompress:none:__TI_decompress_none)
                  2000969a    0000000e     startup_ccs.obj (.text)
                  200096a8    0000000c     driverlib.a : systick.obj (.text:SysTickValueGet)
                  200096b4    0000000c     rtsv7M4_T_le_eabi.lib : s_copysign.c.obj (.text:copysign)
                  200096c0    0000000a     driverlib.a : interrupt.obj (.text:IntMasterEnable)
                  200096ca    00000002     --HOLE-- [fill = 0]
                  200096cc    00000008     rtsv7M4_T_le_eabi.lib : errno.c.obj (.text:__aeabi_errno_addr)
                  200096d4    00000008                           : memory.c.obj (.text:malloc)
                  200096dc    00000006     driverlib.a : utils.obj (.text:UtilsDelay)
                  200096e2    00000004     rtsv7M4_T_le_eabi.lib : pre_init.c.obj (.text:_system_pre_init)
                  200096e6    00000004                           : exit.c.obj (.text:abort:abort)

.const     0    200096ec    00004614     
                  200096ec    00000e10     main.obj (.const:$P$T0$1)
                  2000a4fc    00000e10     main.obj (.const:$P$T1$2)
                  2000b30c    00000e10     main.obj (.const:$P$T2$3)
                  2000c11c    00000e10     main.obj (.const:$P$T3$4)
                  2000cf2c    000004fb     Adafruit_GFX.obj (.const:.string:font)
                  2000d427    000004fb     oled_test.obj (.const:.string:font)
                  2000d922    00000101     rtsv7M4_T_le_eabi.lib : ctype.c.obj (.const:.string:_ctypes_)
                  2000da23    00000001     --HOLE-- [fill = 0]
                  2000da24    00000100     driverlib.a : pin.obj (.const:g_ulPinToPadMap)
                  2000db24    000000a8                 : prcm.obj (.const:PRCM_PeriphRegsList)
                  2000dbcc    00000066     main.obj (.const:.string)
                  2000dc32    00000002     --HOLE-- [fill = 0]
                  2000dc34    00000060     main.obj (.const:ir_key_table)
                  2000dc94    00000028     main.obj (.const:$P$T4$5)
                  2000dcbc    00000018     driverlib.a : interrupt.obj (.const:g_pulEnRegs)
                  2000dcd4    00000014     main.obj (.const:$P$T5$6)
                  2000dce8    00000008     main.obj (.const:infared)
                  2000dcf0    00000008     main.obj (.const:switch2)
                  2000dcf8    00000008     main.obj (.const:switch3)

.cinit     0    2000dd00    00000050     
                  2000dd00    00000025     (.cinit..data.load) [load image, compression = lzss]
                  2000dd25    00000003     --HOLE-- [fill = 0]
                  2000dd28    0000000c     (__TI_handler_table)
                  2000dd34    00000004     --HOLE-- [fill = 0]
                  2000dd38    00000008     (.cinit..bss.load) [load image, compression = zero_init]
                  2000dd40    00000010     (__TI_cinit_table)

.sysmem    0    20017000    00000800     UNINITIALIZED
                  20017000    00000010     rtsv7M4_T_le_eabi.lib : memory.c.obj (.sysmem)
                  20017010    000007f0     --HOLE--

.bss       0    20017800    0000020e     UNINITIALIZED
                  20017800    00000200     (.common:delta_log)
                  20017a00    00000004     uart_if.obj (.bss)
                  20017a04    00000004     (.common:SW2_intcount)
                  20017a08    00000004     (.common:SW3_intcount)
                  20017a0c    00000001     (.common:SW2_intflag)
                  20017a0d    00000001     (.common:SW3_intflag)

.data      0    20017a10    0000004c     UNINITIALIZED
                  20017a10    0000001d     main.obj (.data)
                  20017a2d    00000003     --HOLE--
                  20017a30    00000015     Adafruit_GFX.obj (.data)
                  20017a45    00000003     --HOLE--
                  20017a48    00000008     rtsv7M4_T_le_eabi.lib : _lock.c.obj (.data:$O1$$)
                  20017a50    00000008                           : memory.c.obj (.data:$O1$$)
                  20017a58    00000004                           : errno.c.obj (.data)

.stack     0    2002f800    00000800     UNINITIALIZED
                  2002f800    00000004     rtsv7M4_T_le_eabi.lib : boot_cortex_m.c.obj (.stack)
                  2002f804    000007fc     --HOLE--

__llvm_prf_cnts 
*          0    20017000    00000000     UNINITIALIZED

MODULE SUMMARY

       Module                       code    ro data   rw data
       ------                       ----    -------   -------
    .\
       main.obj                     2572    14682     551    
       Adafruit_GFX.obj             2688    1275      21     
       oled_test.obj                2680    1275      0      
       Adafruit_SSD1351.obj         1182    0         0      
       startup_ccs.obj              14      1024      0      
       uart_if.obj                  636     0         4      
       pin_mux_config.obj           360     0         0      
    +--+----------------------------+-------+---------+---------+
       Total:                       10132   18256     576    
                                                             
    C:/ti/CC3200SDK_1.5.0/cc3200-sdk/driverlib/ccs/Release/driverlib.a
       prcm.obj                     800     168       0      
       pin.obj                      300     256       0      
       gpio.obj                     398     0         0      
       spi.obj                      354     0         0      
       uart.obj                     284     0         0      
       interrupt.obj                230     24        0      
       systick.obj                  96      0         0      
       cpu.obj                      20      0         0      
       utils.obj                    6       0         0      
    +--+----------------------------+-------+---------+---------+
       Total:                       2488    448       0      
                                                             
    C:\ti\ccs1250\ccs\tools\compiler\ti-cgt-arm_20.2.7.LTS\lib\rtsv7M4_T_le_eabi.lib
       _printfi.c.obj               4835    0         0      
       memory.c.obj                 900     0         8      
       fd_add_t2.asm.obj            438     0         0      
       fd_div_t2.asm.obj            310     0         0      
       fd_cmp_t2.asm.obj            268     0         0      
       ctype.c.obj                  0       257       0      
       fd_mul_t2.asm.obj            252     0         0      
       s_scalbn.c.obj               208     0         0      
       memcpy_t2.asm.obj            156     0         0      
       ull_div_t2.asm.obj           150     0         0      
       vsnprintf.c.obj              136     0         0      
       memset_t2.asm.obj            122     0         0      
       copy_decompress_lzss.c.obj   104     0         0      
       s_frexp.c.obj                92      0         0      
       _ltoa.c.obj                  84      0         0      
       atoi.c.obj                   76      0         0      
       fd_toi_t2.asm.obj            72      0         0      
       autoinit.c.obj               68      0         0      
       i_tofd_t2.asm.obj            46      0         0      
       memmov.c.obj                 40      0         0      
       boot_cortex_m.c.obj          36      0         0      
       copy_zero_init.c.obj         28      0         0      
       memccpy.c.obj                28      0         0      
       ll_mul_t2.asm.obj            24      0         0      
       strchr.c.obj                 22      0         0      
       strlen.c.obj                 20      0         0      
       wcslen.c.obj                 18      0         0      
       copy_decompress_none.c.obj   14      0         0      
       errno.c.obj                  8       0         4      
       s_copysign.c.obj             12      0         0      
       _lock.c.obj                  2       0         8      
       exit.c.obj                   4       0         0      
       pre_init.c.obj               4       0         0      
       div0.asm.obj                 2       0         0      
    +--+----------------------------+-------+---------+---------+
       Total:                       8579    257       20     
                                                             
       Heap:                        0       0         2048   
       Stack:                       0       0         2048   
       Linker Generated:            0       73        0      
    +--+----------------------------+-------+---------+---------+
       Grand Total:                 21199   19034     4692   


LINKER GENERATED COPY TABLES

__TI_cinit_table @ 2000dd40 records: 2, size/record: 8, table size: 16
	.data: load addr=2000dd00, load size=00000025 bytes, run addr=20017a10, run size=0000004c bytes, compression=lzss
	.bss: load addr=2000dd38, load size=00000008 bytes, run addr=20017800, run size=0000020e bytes, compression=zero_init


LINKER GENERATED HANDLER TABLE

__TI_handler_table @ 2000dd28 records: 3, size/record: 4, table size: 12
	index: 0, handler: __TI_decompress_lzss
	index: 1, handler: __TI_decompress_none
	index: 2, handler: __TI_zero_init


GLOBAL SYMBOLS: SORTED ALPHABETICALLY BY Name 

address   name                          
-------   ----                          
20006ddd  Adafruit_Init                 
200096e7  C$$EXIT                       
20009607  CPUcpsie                      
20007235  ClearTerm                     
20006f53  Color565                      
2000723f  Error                         
20009145  GPIODirModeSet                
2000961b  GPIOIntClear                  
200094b5  GPIOIntEnable                 
200093cd  GPIOIntRegister               
20009329  GPIOIntStatus                 
20008abd  GPIOIntTypeSet                
2000936d  GPIOPinWrite                  
20007277  GetCmd                        
200071f5  InitTerm                      
20008619  IntEnable                     
200096c1  IntMasterEnable               
2000938d  IntRegister                   
20009631  IntVTableBaseSet              
20007213  Message                       
20004dab  Outstr                        
20007a5d  PRCMCC3200MCUInit             
200095c5  PRCMHIBRegRead                
200095db  PRCMHIBRegWrite               
20009269  PRCMPeripheralClkDisable      
20009109  PRCMPeripheralClkEnable       
20008895  PRCMPeripheralClockGet        
20008dd5  PRCMPeripheralReset           
2000923d  PRCMSysResetCauseGet          
20008929  PinConfigSet                  
20009049  PinModeSet                    
20007bd5  PinMuxConfig                  
2000917b  PinTypeGPIO                   
200094cf  PinTypeSPI                    
200094e9  PinTypeUART                   
2000684d  PrintDeltaLog                 
200073b5  Report                        
2000969b  ResetISR                      
2000951d  SPICSDisable                  
20009535  SPICSEnable                   
200086c1  SPIConfigSetExpClk            
200093ad  SPIDataGet                    
200093eb  SPIDataPut                    
2000954d  SPIEnable                     
20009503  SPIFIFOEnable                 
2000934b  SPIReset                      
20017a04  SW2_intcount                  
20017a0c  SW2_intflag                   
20017a08  SW3_intcount                  
20017a0d  SW3_intflag                   
2000966d  SysTickEnable                 
2000967d  SysTickIntEnable              
20009429  SysTickIntRegister            
20009565  SysTickPeriodSet              
200096a9  SysTickValueGet               
2000731d  TrimSpace                     
20009445  UARTCharGetNonBlocking        
20009409  UARTCharPut                   
2000957d  UARTCharsAvail                
20008bb9  UARTConfigSetExpClk           
200091ad  UARTDisable                   
200092e1  UARTEnable                    
200096dd  UtilsDelay                    
20030000  __STACK_END                   
00000800  __STACK_SIZE                  
00000800  __SYSMEM_SIZE                 
2000dd40  __TI_CINIT_Base               
2000dd50  __TI_CINIT_Limit              
2000dd28  __TI_Handler_Table_Base       
2000dd34  __TI_Handler_Table_Limit      
20009005  __TI_auto_init_nobinit_nopinit
20008d0f  __TI_decompress_lzss          
2000968d  __TI_decompress_none          
20008e83  __TI_ltoa                     
ffffffff  __TI_pprof_out_hndl           
200058f9  __TI_printfi                  
ffffffff  __TI_prof_data_size           
ffffffff  __TI_prof_data_start          
2000dd00  __TI_static_base__            
20009461  __TI_zero_init_nomemset       
200089b1  __aeabi_cdcmpeq               
200089b1  __aeabi_cdcmple               
20008a37  __aeabi_cdrcmple              
20008fbd  __aeabi_d2iz                  
200078af  __aeabi_dadd                  
20007e79  __aeabi_ddiv                  
200081d1  __aeabi_dmul                  
200078a5  __aeabi_dsub                  
200096cd  __aeabi_errno_addr            
2000920d  __aeabi_i2d                   
200071f3  __aeabi_idiv0                 
200071f3  __aeabi_ldiv0                 
200095ad  __aeabi_lmul                  
20008b3f  __aeabi_memclr                
20008b3f  __aeabi_memclr4               
20008b3f  __aeabi_memclr8               
20008761  __aeabi_memcpy                
20008761  __aeabi_memcpy4               
20008761  __aeabi_memcpy8               
20008b41  __aeabi_memset                
20008b41  __aeabi_memset4               
20008b41  __aeabi_memset8               
200087fd  __aeabi_uldivmod              
ffffffff  __binit__                     
ffffffff  __c_args__                    
UNDEFED   __mpu_init                    
2002f800  __stack                       
20017000  __start___llvm_prf_cnts       
20017000  __stop___llvm_prf_cnts        
20009305  _c_int00_noargs               
2000d922  _ctypes_                      
20017a48  _lock                         
20006347  _nop                          
20017000  _sys_memory                   
UNDEFED   _system_post_cinit            
200096e3  _system_pre_init              
20017a4c  _unlock                       
200096e7  abort                         
200080d1  aligned_alloc                 
20005649  alphabet                      
20008f29  atoi                          
ffffffff  binit                         
20017a28  bufferData                    
20017a24  bufferIntro                   
200096b5  copysign                      
200096b5  copysignl                     
20017a30  cursor_x                      
20017a34  cursor_y                      
20017800  delta_log                     
20017a14  delta_log_full                
20017a10  delta_log_idx                 
20004c5f  drawChar                      
20004401  drawCircle                    
20004535  drawCircleHelper              
200055c5  drawDialogueChoices           
200070fd  drawFastHLine                 
20007061  drawFastVLine                 
2000477b  drawLine                      
20007199  drawPixel                     
200056d1  drawPixelArt                  
20004867  drawRect                      
200048b5  drawRoundRect                 
20004a1d  drawTriangle                  
20017a2c  edgesDetected                 
20017a58  errno                         
20004653  fillCircle                    
2000468d  fillCircleHelper              
20006fab  fillRect                      
200049a3  fillRoundRect                 
20006f95  fillScreen                    
20004a5f  fillTriangle                  
200082cd  free                          
20008d79  frexp                         
20008d79  frexpl                        
20004000  g_pfnVectors                  
20006f0f  goTo                          
20004e5f  height                        
20005593  helloworld                    
20005747  horizontallines               
200071d7  invert                        
20006357  ir_lookup                     
20006a63  keyMappingTest                
20017a20  lastCode                      
200053f3  lcdTestPattern                
200054c3  lcdTestPattern2               
20008495  ldexp                         
20008495  ldexpl                        
20006b29  main                          
200096d5  malloc                        
200080d1  memalign                      
20009499  memccpy                       
20008761  memcpy                        
200092b9  memmove                       
20008b47  memset                        
20017a1c  newValueSet                   
2000645d  playGame                      
200083b1  realloc                       
200066e1  runOledTest                   
20008495  scalbn                        
20008495  scalbnl                       
20004df7  setCursor                     
20004e2f  setTextColor                  
20004e0f  setTextSize                   
20004e47  setTextWrap                   
200095f1  strchr                        
20009645  strlen                        
20017a18  systick_cnt                   
200050b7  testdrawcircles               
20004f27  testdrawrects                 
20004eb5  testfastlines                 
20005045  testfillcircles               
20004f87  testfillrects                 
20005225  testlines                     
200051b3  testroundrects                
20005131  testtriangles                 
20017a40  textbgcolor                   
20017a3c  textcolor                     
20017a38  textsize                      
20005825  verticallines                 
20009089  vsnprintf                     
20009659  wcslen                        
20004e5b  width                         
20017a44  wrap                          
20006d55  writeCommand                  
20006d99  writeData                     


GLOBAL SYMBOLS: SORTED BY Symbol Address 

address   name                          
-------   ----                          
00000800  __STACK_SIZE                  
00000800  __SYSMEM_SIZE                 
20004000  g_pfnVectors                  
20004401  drawCircle                    
20004535  drawCircleHelper              
20004653  fillCircle                    
2000468d  fillCircleHelper              
2000477b  drawLine                      
20004867  drawRect                      
200048b5  drawRoundRect                 
200049a3  fillRoundRect                 
20004a1d  drawTriangle                  
20004a5f  fillTriangle                  
20004c5f  drawChar                      
20004dab  Outstr                        
20004df7  setCursor                     
20004e0f  setTextSize                   
20004e2f  setTextColor                  
20004e47  setTextWrap                   
20004e5b  width                         
20004e5f  height                        
20004eb5  testfastlines                 
20004f27  testdrawrects                 
20004f87  testfillrects                 
20005045  testfillcircles               
200050b7  testdrawcircles               
20005131  testtriangles                 
200051b3  testroundrects                
20005225  testlines                     
200053f3  lcdTestPattern                
200054c3  lcdTestPattern2               
20005593  helloworld                    
200055c5  drawDialogueChoices           
20005649  alphabet                      
200056d1  drawPixelArt                  
20005747  horizontallines               
20005825  verticallines                 
200058f9  __TI_printfi                  
20006347  _nop                          
20006357  ir_lookup                     
2000645d  playGame                      
200066e1  runOledTest                   
2000684d  PrintDeltaLog                 
20006a63  keyMappingTest                
20006b29  main                          
20006d55  writeCommand                  
20006d99  writeData                     
20006ddd  Adafruit_Init                 
20006f0f  goTo                          
20006f53  Color565                      
20006f95  fillScreen                    
20006fab  fillRect                      
20007061  drawFastVLine                 
200070fd  drawFastHLine                 
20007199  drawPixel                     
200071d7  invert                        
200071f3  __aeabi_idiv0                 
200071f3  __aeabi_ldiv0                 
200071f5  InitTerm                      
20007213  Message                       
20007235  ClearTerm                     
2000723f  Error                         
20007277  GetCmd                        
2000731d  TrimSpace                     
200073b5  Report                        
200078a5  __aeabi_dsub                  
200078af  __aeabi_dadd                  
20007a5d  PRCMCC3200MCUInit             
20007bd5  PinMuxConfig                  
20007e79  __aeabi_ddiv                  
200080d1  aligned_alloc                 
200080d1  memalign                      
200081d1  __aeabi_dmul                  
200082cd  free                          
200083b1  realloc                       
20008495  ldexp                         
20008495  ldexpl                        
20008495  scalbn                        
20008495  scalbnl                       
20008619  IntEnable                     
200086c1  SPIConfigSetExpClk            
20008761  __aeabi_memcpy                
20008761  __aeabi_memcpy4               
20008761  __aeabi_memcpy8               
20008761  memcpy                        
200087fd  __aeabi_uldivmod              
20008895  PRCMPeripheralClockGet        
20008929  PinConfigSet                  
200089b1  __aeabi_cdcmpeq               
200089b1  __aeabi_cdcmple               
20008a37  __aeabi_cdrcmple              
20008abd  GPIOIntTypeSet                
20008b3f  __aeabi_memclr                
20008b3f  __aeabi_memclr4               
20008b3f  __aeabi_memclr8               
20008b41  __aeabi_memset                
20008b41  __aeabi_memset4               
20008b41  __aeabi_memset8               
20008b47  memset                        
20008bb9  UARTConfigSetExpClk           
20008d0f  __TI_decompress_lzss          
20008d79  frexp                         
20008d79  frexpl                        
20008dd5  PRCMPeripheralReset           
20008e83  __TI_ltoa                     
20008f29  atoi                          
20008fbd  __aeabi_d2iz                  
20009005  __TI_auto_init_nobinit_nopinit
20009049  PinModeSet                    
20009089  vsnprintf                     
20009109  PRCMPeripheralClkEnable       
20009145  GPIODirModeSet                
2000917b  PinTypeGPIO                   
200091ad  UARTDisable                   
2000920d  __aeabi_i2d                   
2000923d  PRCMSysResetCauseGet          
20009269  PRCMPeripheralClkDisable      
200092b9  memmove                       
200092e1  UARTEnable                    
20009305  _c_int00_noargs               
20009329  GPIOIntStatus                 
2000934b  SPIReset                      
2000936d  GPIOPinWrite                  
2000938d  IntRegister                   
200093ad  SPIDataGet                    
200093cd  GPIOIntRegister               
200093eb  SPIDataPut                    
20009409  UARTCharPut                   
20009429  SysTickIntRegister            
20009445  UARTCharGetNonBlocking        
20009461  __TI_zero_init_nomemset       
20009499  memccpy                       
200094b5  GPIOIntEnable                 
200094cf  PinTypeSPI                    
200094e9  PinTypeUART                   
20009503  SPIFIFOEnable                 
2000951d  SPICSDisable                  
20009535  SPICSEnable                   
2000954d  SPIEnable                     
20009565  SysTickPeriodSet              
2000957d  UARTCharsAvail                
200095ad  __aeabi_lmul                  
200095c5  PRCMHIBRegRead                
200095db  PRCMHIBRegWrite               
200095f1  strchr                        
20009607  CPUcpsie                      
2000961b  GPIOIntClear                  
20009631  IntVTableBaseSet              
20009645  strlen                        
20009659  wcslen                        
2000966d  SysTickEnable                 
2000967d  SysTickIntEnable              
2000968d  __TI_decompress_none          
2000969b  ResetISR                      
200096a9  SysTickValueGet               
200096b5  copysign                      
200096b5  copysignl                     
200096c1  IntMasterEnable               
200096cd  __aeabi_errno_addr            
200096d5  malloc                        
200096dd  UtilsDelay                    
200096e3  _system_pre_init              
200096e7  C$$EXIT                       
200096e7  abort                         
2000d922  _ctypes_                      
2000dd00  __TI_static_base__            
2000dd28  __TI_Handler_Table_Base       
2000dd34  __TI_Handler_Table_Limit      
2000dd40  __TI_CINIT_Base               
2000dd50  __TI_CINIT_Limit              
20017000  __start___llvm_prf_cnts       
20017000  __stop___llvm_prf_cnts        
20017000  _sys_memory                   
20017800  delta_log                     
20017a04  SW2_intcount                  
20017a08  SW3_intcount                  
20017a0c  SW2_intflag                   
20017a0d  SW3_intflag                   
20017a10  delta_log_idx                 
20017a14  delta_log_full                
20017a18  systick_cnt                   
20017a1c  newValueSet                   
20017a20  lastCode                      
20017a24  bufferIntro                   
20017a28  bufferData                    
20017a2c  edgesDetected                 
20017a30  cursor_x                      
20017a34  cursor_y                      
20017a38  textsize                      
20017a3c  textcolor                     
20017a40  textbgcolor                   
20017a44  wrap                          
20017a48  _lock                         
20017a4c  _unlock                       
20017a58  errno                         
2002f800  __stack                       
20030000  __STACK_END                   
ffffffff  __TI_pprof_out_hndl           
ffffffff  __TI_prof_data_size           
ffffffff  __TI_prof_data_start          
ffffffff  __binit__                     
ffffffff  __c_args__                    
ffffffff  binit                         
UNDEFED   __mpu_init                    
UNDEFED   _system_post_cinit            

[205 symbols]
