******************************************************************************
                  TI ARM Linker PC v20.2.7                     
******************************************************************************
>> Linked Mon Feb 16 22:41:30 2026

OUTPUT FILE NAME:   <spi_demo.out>
ENTRY POINT SYMBOL: "_c_int00_noargs"  address: 20008701


MEMORY CONFIGURATION

         name            origin    length      used     unused   attr    fill
----------------------  --------  ---------  --------  --------  ----  --------
  SRAM_CODE             20004000   00013000  00005436  0000dbca  RW X
  SRAM_DATA             20017000   00019000  000012ec  00017d14  RW X


SEGMENT ALLOCATION MAP

run origin  load origin   length   init length attrs members
----------  ----------- ---------- ----------- ----- -------
20004000    20004000    00005438   00005438    r-x
  20004000    20004000    00000400   00000400    r-- .intvecs
  20004400    20004400    00004742   00004742    r-x .text
  20008b44    20008b44    0000089c   0000089c    r-- .const
  200093e0    200093e0    00000058   00000058    r-- .cinit
20017000    20017000    00000aec   00000000    rw-
  20017000    20017000    00000800   00000000    rw- .sysmem
  20017800    20017800    00000278   00000000    rw- .bss
  20017a78    20017a78    00000074   00000000    rw- .data
2002f800    2002f800    00000800   00000000    rw-
  2002f800    2002f800    00000800   00000000    rw- .stack


SECTION ALLOCATION MAP

 output                                  attributes/
section   page    origin      length       input sections
--------  ----  ----------  ----------   ----------------
.intvecs   0    20004000    00000400     
                  20004000    00000400     startup_ccs.obj (.intvecs)

.init_array 
*          0    20004000    00000000     UNINITIALIZED

.text      0    20004400    00004742     
                  20004400    00000a80     Adafruit_GFX.obj (.text)
                  20004e80    00000a4e     rtsv7M4_T_le_eabi.lib : _printfi.c.obj (.text:__TI_printfi)
                  200058ce    00000002                           : _lock.c.obj (.text:_nop)
                  200058d0    0000068c     main.obj (.text)
                  20005f5c    0000049e     Adafruit_SSD1351.obj (.text)
                  200063fa    00000002     rtsv7M4_T_le_eabi.lib : div0.asm.obj (.text)
                  200063fc    0000027c     typing.obj (.text)
                  20006678    0000027c     uart_if.obj (.text)
                  200068f4    00000268     rtsv7M4_T_le_eabi.lib : _printfi.c.obj (.text:_pconv_a)
                  20006b5c    000001cc                           : _printfi.c.obj (.text:_pconv_g)
                  20006d28    000001b6                           : fd_add_t2.asm.obj (.text)
                  20006ede    00000002     --HOLE-- [fill = 0]
                  20006ee0    00000178     driverlib.a : prcm.obj (.text:PRCMCC3200MCUInit)
                  20007058    00000168     pin_mux_config.obj (.text)
                  200071c0    0000013c     rtsv7M4_T_le_eabi.lib : _printfi.c.obj (.text:_pconv_e)
                  200072fc    00000136                           : fd_div_t2.asm.obj (.text)
                  20007432    00000002     --HOLE-- [fill = 0]
                  20007434    00000120                           : _printfi.c.obj (.text:fcvt)
                  20007554    00000100                           : memory.c.obj (.text:aligned_alloc)
                  20007654    000000fc                           : fd_mul_t2.asm.obj (.text)
                  20007750    000000e4                           : memory.c.obj (.text:free)
                  20007834    000000e4                           : memory.c.obj (.text:realloc)
                  20007918    000000d0                           : s_scalbn.c.obj (.text:scalbn)
                  200079e8    000000b1                           : _printfi.c.obj (.text:_ltostr)
                  20007a99    00000003     --HOLE-- [fill = 0]
                  20007a9c    000000a8     driverlib.a : interrupt.obj (.text:IntEnable)
                  20007b44    000000a0                 : spi.obj (.text:SPIConfigSetExpClk)
                  20007be4    0000009c     rtsv7M4_T_le_eabi.lib : memcpy_t2.asm.obj (.text)
                  20007c80    00000096                           : ull_div_t2.asm.obj (.text)
                  20007d16    00000002     --HOLE-- [fill = 0]
                  20007d18    00000094     driverlib.a : prcm.obj (.text:PRCMPeripheralClockGet)
                  20007dac    00000088                 : pin.obj (.text:PinConfigSet)
                  20007e34    00000086     rtsv7M4_T_le_eabi.lib : fd_cmp_t2.asm.obj (.text:__aeabi_cdcmple)
                  20007eba    00000086                           : fd_cmp_t2.asm.obj (.text:__aeabi_cdrcmple)
                  20007f40    0000007a                           : memset_t2.asm.obj (.text)
                  20007fba    00000076     driverlib.a : uart.obj (.text:UARTConfigSetExpClk)
                  20008030    00000070     rtsv7M4_T_le_eabi.lib : memory.c.obj (.text:split)
                  200080a0    0000006e                           : _printfi.c.obj (.text:_mcpy)
                  2000810e    00000068                           : copy_decompress_lzss.c.obj (.text:decompress:lzss:__TI_decompress_lzss)
                  20008176    00000002     --HOLE-- [fill = 0]
                  20008178    0000005c                           : s_frexp.c.obj (.text:frexp)
                  200081d4    00000058     driverlib.a : prcm.obj (.text:PRCMPeripheralReset)
                  2000822c    00000056     rtsv7M4_T_le_eabi.lib : _printfi.c.obj (.text:_pconv_f)
                  20008282    00000054                           : _ltoa.c.obj (.text:__TI_ltoa)
                  200082d6    00000052                           : _printfi.c.obj (.text:_ecpy)
                  20008328    0000004c                           : atoi.c.obj (.text:atoi)
                  20008374    00000048                           : fd_toi_t2.asm.obj (.text)
                  200083bc    00000044     driverlib.a : uart.obj (.text:UARTIntNumberGet)
                  20008400    00000044     rtsv7M4_T_le_eabi.lib : autoinit.c.obj (.text:__TI_auto_init_nobinit_nopinit:__TI_auto_init_nobinit_nopinit)
                  20008444    00000040     driverlib.a : pin.obj (.text:PinModeSet)
                  20008484    00000040     rtsv7M4_T_le_eabi.lib : vsnprintf.c.obj (.text:vsnprintf)
                  200084c4    0000003e                           : _printfi.c.obj (.text:_fcpy)
                  20008502    00000002     --HOLE-- [fill = 0]
                  20008504    0000003c     driverlib.a : prcm.obj (.text:PRCMPeripheralClkEnable)
                  20008540    00000036                 : gpio.obj (.text:GPIODirModeSet)
                  20008576    00000030                 : pin.obj (.text:PinTypeGPIO)
                  200085a6    00000002     --HOLE-- [fill = 0]
                  200085a8    00000030                 : uart.obj (.text:UARTDisable)
                  200085d8    00000030     rtsv7M4_T_le_eabi.lib : vsnprintf.c.obj (.text:_outs)
                  20008608    0000002e                           : i_tofd_t2.asm.obj (.text)
                  20008636    00000002     --HOLE-- [fill = 0]
                  20008638    0000002c     driverlib.a : prcm.obj (.text:PRCMSysResetCauseGet)
                  20008664    00000028                 : prcm.obj (.text:PRCMPeripheralClkDisable)
                  2000868c    00000028     rtsv7M4_T_le_eabi.lib : memory.c.obj (.text:free_list_insert)
                  200086b4    00000028                           : memmov.c.obj (.text:memmove)
                  200086dc    00000024     driverlib.a : uart.obj (.text:UARTEnable)
                  20008700    00000024     rtsv7M4_T_le_eabi.lib : boot_cortex_m.c.obj (.text:_c_int00_noargs:_c_int00_noargs)
                  20008724    00000022     driverlib.a : gpio.obj (.text:GPIOIntStatus)
                  20008746    00000022                 : spi.obj (.text:SPIReset)
                  20008768    00000020                 : gpio.obj (.text:GPIOPinWrite)
                  20008788    00000020                 : interrupt.obj (.text:IntRegister)
                  200087a8    00000020                 : spi.obj (.text:SPIDataGet)
                  200087c8    0000001e                 : spi.obj (.text:SPIDataPut)
                  200087e6    0000001e                 : uart.obj (.text:UARTCharPut)
                  20008804    0000001e                 : uart.obj (.text:UARTIntRegister)
                  20008822    0000001e                 : uart.obj (.text:UARTIntStatus)
                  20008840    0000001c                 : systick.obj (.text:SysTickIntRegister)
                  2000885c    0000001c                 : uart.obj (.text:UARTCharGetNonBlocking)
                  20008878    0000001c     rtsv7M4_T_le_eabi.lib : copy_zero_init.c.obj (.text:decompress:ZI:__TI_zero_init_nomemset:__TI_zero_init_nomemset)
                  20008894    0000001c                           : memory.c.obj (.text:free_list_remove)
                  200088b0    0000001c                           : memccpy.c.obj (.text:memccpy)
                  200088cc    0000001a     driverlib.a : pin.obj (.text:PinTypeSPI)
                  200088e6    0000001a                 : pin.obj (.text:PinTypeUART)
                  20008900    0000001a                 : spi.obj (.text:SPIFIFOEnable)
                  2000891a    00000018                 : spi.obj (.text:SPICSDisable)
                  20008932    00000018                 : spi.obj (.text:SPICSEnable)
                  2000894a    00000018                 : spi.obj (.text:SPIEnable)
                  20008962    00000002     --HOLE-- [fill = 0]
                  20008964    00000018                 : systick.obj (.text:SysTickPeriodSet)
                  2000897c    00000018                 : uart.obj (.text:UARTCharsAvail)
                  20008994    00000018                 : uart.obj (.text:UARTIntEnable)
                  200089ac    00000018     rtsv7M4_T_le_eabi.lib : vsnprintf.c.obj (.text:_outc)
                  200089c4    00000018                           : ll_mul_t2.asm.obj (.text)
                  200089dc    00000016     driverlib.a : prcm.obj (.text:PRCMHIBRegRead)
                  200089f2    00000016                 : prcm.obj (.text:PRCMHIBRegWrite)
                  20008a08    00000016                 : uart.obj (.text:UARTFIFOEnable)
                  20008a1e    00000016     rtsv7M4_T_le_eabi.lib : strchr.c.obj (.text:strchr)
                  20008a34    00000014     driverlib.a : cpu.obj (.text:CPUcpsid)
                  20008a48    00000014                 : cpu.obj (.text:CPUcpsie)
                  20008a5c    00000014                 : gpio.obj (.text:GPIOIntClear)
                  20008a70    00000014                 : interrupt.obj (.text:IntVTableBaseSet)
                  20008a84    00000014     rtsv7M4_T_le_eabi.lib : strlen.c.obj (.text:strlen)
                  20008a98    00000012     driverlib.a : uart.obj (.text:UARTIntClear)
                  20008aaa    00000012     rtsv7M4_T_le_eabi.lib : wcslen.c.obj (.text:wcslen)
                  20008abc    00000010     driverlib.a : systick.obj (.text:SysTickEnable)
                  20008acc    00000010                 : systick.obj (.text:SysTickIntEnable)
                  20008adc    0000000e     rtsv7M4_T_le_eabi.lib : copy_decompress_none.c.obj (.text:decompress:none:__TI_decompress_none)
                  20008aea    0000000e     startup_ccs.obj (.text)
                  20008af8    0000000c     driverlib.a : systick.obj (.text:SysTickValueGet)
                  20008b04    0000000c     rtsv7M4_T_le_eabi.lib : s_copysign.c.obj (.text:copysign)
                  20008b10    0000000a     driverlib.a : interrupt.obj (.text:IntMasterDisable)
                  20008b1a    0000000a                 : interrupt.obj (.text:IntMasterEnable)
                  20008b24    00000008     rtsv7M4_T_le_eabi.lib : errno.c.obj (.text:__aeabi_errno_addr)
                  20008b2c    00000008                           : memory.c.obj (.text:malloc)
                  20008b34    00000006     driverlib.a : utils.obj (.text:UtilsDelay)
                  20008b3a    00000004     rtsv7M4_T_le_eabi.lib : pre_init.c.obj (.text:_system_pre_init)
                  20008b3e    00000004                           : exit.c.obj (.text:abort:abort)

.const     0    20008b44    0000089c     
                  20008b44    000004fb     Adafruit_GFX.obj (.const:.string:font)
                  2000903f    00000101     rtsv7M4_T_le_eabi.lib : ctype.c.obj (.const:.string:_ctypes_)
                  20009140    00000100     driverlib.a : pin.obj (.const:g_ulPinToPadMap)
                  20009240    000000a8                 : prcm.obj (.const:PRCM_PeriphRegsList)
                  200092e8    00000066     main.obj (.const:.string)
                  2000934e    00000002     --HOLE-- [fill = 0]
                  20009350    00000060     main.obj (.const:ir_key_table)
                  200093b0    00000018     driverlib.a : interrupt.obj (.const:g_pulEnRegs)
                  200093c8    00000010                 : uart.obj (.const:g_ppulUARTIntMap)
                  200093d8    00000008     main.obj (.const:infared)

.cinit     0    200093e0    00000058     
                  200093e0    0000002e     (.cinit..data.load) [load image, compression = lzss]
                  2000940e    00000002     --HOLE-- [fill = 0]
                  20009410    0000000c     (__TI_handler_table)
                  2000941c    00000004     --HOLE-- [fill = 0]
                  20009420    00000008     (.cinit..bss.load) [load image, compression = zero_init]
                  20009428    00000010     (__TI_cinit_table)

.sysmem    0    20017000    00000800     UNINITIALIZED
                  20017000    00000010     rtsv7M4_T_le_eabi.lib : memory.c.obj (.sysmem)
                  20017010    000007f0     --HOLE--

.bss       0    20017800    00000278     UNINITIALIZED
                  20017800    00000274     (.common:cBuff)
                  20017a74    00000004     uart_if.obj (.bss)

.data      0    20017a78    00000074     UNINITIALIZED
                  20017a78    00000040     main.obj (.data)
                  20017ab8    00000015     Adafruit_GFX.obj (.data)
                  20017acd    00000003     --HOLE--
                  20017ad0    00000008     rtsv7M4_T_le_eabi.lib : _lock.c.obj (.data:$O1$$)
                  20017ad8    00000008                           : memory.c.obj (.data:$O1$$)
                  20017ae0    00000008     typing.obj (.data)
                  20017ae8    00000004     rtsv7M4_T_le_eabi.lib : errno.c.obj (.data)

.stack     0    2002f800    00000800     UNINITIALIZED
                  2002f800    00000004     rtsv7M4_T_le_eabi.lib : boot_cortex_m.c.obj (.stack)
                  2002f804    000007fc     --HOLE--

__llvm_prf_cnts 
*          0    20017000    00000000     UNINITIALIZED

MODULE SUMMARY

       Module                       code    ro data   rw data
       ------                       ----    -------   -------
    .\
       Adafruit_GFX.obj             2688    1275      21     
       main.obj                     1676    206       692    
       Adafruit_SSD1351.obj         1182    0         0      
       startup_ccs.obj              14      1024      0      
       typing.obj                   636     0         8      
       uart_if.obj                  636     0         4      
       pin_mux_config.obj           360     0         0      
    +--+----------------------------+-------+---------+---------+
       Total:                       7192    2505      725    
                                                             
    C:/ti/CC3200SDK_1.5.0/cc3200-sdk/driverlib/ccs/Release/driverlib.a
       prcm.obj                     800     168       0      
       pin.obj                      300     256       0      
       uart.obj                     476     16        0      
       spi.obj                      354     0         0      
       interrupt.obj                240     24        0      
       gpio.obj                     140     0         0      
       systick.obj                  96      0         0      
       cpu.obj                      40      0         0      
       utils.obj                    6       0         0      
    +--+----------------------------+-------+---------+---------+
       Total:                       2452    464       0      
                                                             
    C:\ti\ccs1250\ccs\tools\compiler\ti-cgt-arm_20.2.7.LTS\lib\rtsv7M4_T_le_eabi.lib
       _printfi.c.obj               4835    0         0      
       memory.c.obj                 900     0         8      
       fd_add_t2.asm.obj            438     0         0      
       fd_div_t2.asm.obj            310     0         0      
       fd_cmp_t2.asm.obj            268     0         0      
       ctype.c.obj                  0       257       0      
       fd_mul_t2.asm.obj            252     0         0      
       s_scalbn.c.obj               208     0         0      
       memcpy_t2.asm.obj            156     0         0      
       ull_div_t2.asm.obj           150     0         0      
       vsnprintf.c.obj              136     0         0      
       memset_t2.asm.obj            122     0         0      
       copy_decompress_lzss.c.obj   104     0         0      
       s_frexp.c.obj                92      0         0      
       _ltoa.c.obj                  84      0         0      
       atoi.c.obj                   76      0         0      
       fd_toi_t2.asm.obj            72      0         0      
       autoinit.c.obj               68      0         0      
       i_tofd_t2.asm.obj            46      0         0      
       memmov.c.obj                 40      0         0      
       boot_cortex_m.c.obj          36      0         0      
       copy_zero_init.c.obj         28      0         0      
       memccpy.c.obj                28      0         0      
       ll_mul_t2.asm.obj            24      0         0      
       strchr.c.obj                 22      0         0      
       strlen.c.obj                 20      0         0      
       wcslen.c.obj                 18      0         0      
       copy_decompress_none.c.obj   14      0         0      
       errno.c.obj                  8       0         4      
       s_copysign.c.obj             12      0         0      
       _lock.c.obj                  2       0         8      
       exit.c.obj                   4       0         0      
       pre_init.c.obj               4       0         0      
       div0.asm.obj                 2       0         0      
    +--+----------------------------+-------+---------+---------+
       Total:                       8579    257       20     
                                                             
       Heap:                        0       0         2048   
       Stack:                       0       0         2048   
       Linker Generated:            0       82        0      
    +--+----------------------------+-------+---------+---------+
       Grand Total:                 18223   3308      4841   


LINKER GENERATED COPY TABLES

__TI_cinit_table @ 20009428 records: 2, size/record: 8, table size: 16
	.data: load addr=200093e0, load size=0000002e bytes, run addr=20017a78, run size=00000074 bytes, compression=lzss
	.bss: load addr=20009420, load size=00000008 bytes, run addr=20017800, run size=00000278 bytes, compression=zero_init


LINKER GENERATED HANDLER TABLE

__TI_handler_table @ 20009410 records: 3, size/record: 4, table size: 12
	index: 0, handler: __TI_decompress_lzss
	index: 1, handler: __TI_decompress_none
	index: 2, handler: __TI_zero_init


GLOBAL SYMBOLS: SORTED ALPHABETICALLY BY Name 

address   name                          
-------   ----                          
20005fe5  Adafruit_Init                 
20008b3f  C$$EXIT                       
20008a35  CPUcpsid                      
20008a49  CPUcpsie                      
200066b9  ClearTerm                     
2000615b  Color565                      
200066c3  Error                         
20008541  GPIODirModeSet                
20008a5d  GPIOIntClear                  
20008725  GPIOIntStatus                 
20008769  GPIOPinWrite                  
200066fb  GetCmd                        
20006679  InitTerm                      
20005d13  InitUartCommunication         
20007a9d  IntEnable                     
20008b11  IntMasterDisable              
20008b1b  IntMasterEnable               
20008789  IntRegister                   
20008a71  IntVTableBaseSet              
20006697  Message                       
20004dab  Outstr                        
20006ee1  PRCMCC3200MCUInit             
200089dd  PRCMHIBRegRead                
200089f3  PRCMHIBRegWrite               
20008665  PRCMPeripheralClkDisable      
20008505  PRCMPeripheralClkEnable       
20007d19  PRCMPeripheralClockGet        
200081d5  PRCMPeripheralReset           
20008639  PRCMSysResetCauseGet          
20007dad  PinConfigSet                  
20008445  PinModeSet                    
20007059  PinMuxConfig                  
20008577  PinTypeGPIO                   
200088cd  PinTypeSPI                    
200088e7  PinTypeUART                   
20006839  Report                        
20008aeb  ResetISR                      
2000891b  SPICSDisable                  
20008933  SPICSEnable                   
20007b45  SPIConfigSetExpClk            
200087a9  SPIDataGet                    
200087c9  SPIDataPut                    
2000894b  SPIEnable                     
20008901  SPIFIFOEnable                 
20008747  SPIReset                      
20008abd  SysTickEnable                 
20008acd  SysTickIntEnable              
20008841  SysTickIntRegister            
20008965  SysTickPeriodSet              
20008af9  SysTickValueGet               
200067a1  TrimSpace                     
2000885d  UARTCharGetNonBlocking        
200087e7  UARTCharPut                   
2000897d  UARTCharsAvail                
20007fbb  UARTConfigSetExpClk           
200085a9  UARTDisable                   
200086dd  UARTEnable                    
20008a09  UARTFIFOEnable                
20005cbf  UARTISR                       
20008a99  UARTIntClear                  
20008995  UARTIntEnable                 
20008805  UARTIntRegister               
20008823  UARTIntStatus                 
20008b35  UtilsDelay                    
20030000  __STACK_END                   
00000800  __STACK_SIZE                  
00000800  __SYSMEM_SIZE                 
20009428  __TI_CINIT_Base               
20009438  __TI_CINIT_Limit              
20009410  __TI_Handler_Table_Base       
2000941c  __TI_Handler_Table_Limit      
20008401  __TI_auto_init_nobinit_nopinit
2000810f  __TI_decompress_lzss          
20008add  __TI_decompress_none          
20008283  __TI_ltoa                     
ffffffff  __TI_pprof_out_hndl           
20004e81  __TI_printfi                  
ffffffff  __TI_prof_data_size           
ffffffff  __TI_prof_data_start          
200093e0  __TI_static_base__            
20008879  __TI_zero_init_nomemset       
20007e35  __aeabi_cdcmpeq               
20007e35  __aeabi_cdcmple               
20007ebb  __aeabi_cdrcmple              
20008375  __aeabi_d2iz                  
20006d33  __aeabi_dadd                  
200072fd  __aeabi_ddiv                  
20007655  __aeabi_dmul                  
20006d29  __aeabi_dsub                  
20008b25  __aeabi_errno_addr            
20008609  __aeabi_i2d                   
200063fb  __aeabi_idiv0                 
200063fb  __aeabi_ldiv0                 
200089c5  __aeabi_lmul                  
20007f41  __aeabi_memclr                
20007f41  __aeabi_memclr4               
20007f41  __aeabi_memclr8               
20007be5  __aeabi_memcpy                
20007be5  __aeabi_memcpy4               
20007be5  __aeabi_memcpy8               
20007f43  __aeabi_memset                
20007f43  __aeabi_memset4               
20007f43  __aeabi_memset8               
20007c81  __aeabi_uldivmod              
ffffffff  __binit__                     
ffffffff  __c_args__                    
UNDEFED   __mpu_init                    
2002f800  __stack                       
20017000  __start___llvm_prf_cnts       
20017000  __stop___llvm_prf_cnts        
20008701  _c_int00_noargs               
2000903f  _ctypes_                      
20017ad0  _lock                         
200058cf  _nop                          
20017000  _sys_memory                   
UNDEFED   _system_post_cinit            
20008b3b  _system_pre_init              
20017ad4  _unlock                       
20008b3f  abort                         
20007555  aligned_alloc                 
20008329  atoi                          
ffffffff  binit                         
20017aa8  bufferData                    
20017aa4  bufferIntro                   
20017800  cBuff                         
20017a8c  charIndex                     
20008b05  copysign                      
20008b05  copysignl                     
20017a9c  currentCode                   
20017ab4  current_char_timeout          
20017ab8  cursor_x                      
20017abc  cursor_y                      
20017a7c  delta_log_full                
20017a78  delta_log_idx                 
20004c5f  drawChar                      
20004401  drawCircle                    
20004535  drawCircleHelper              
20006305  drawFastHLine                 
20006269  drawFastVLine                 
2000477b  drawLine                      
200063a1  drawPixel                     
20004867  drawRect                      
200048b5  drawRoundRect                 
20004a1d  drawTriangle                  
20017aac  edgesDetected                 
20017ae8  errno                         
20004653  fillCircle                    
2000468d  fillCircleHelper              
200061b3  fillRect                      
200049a3  fillRoundRect                 
2000619d  fillScreen                    
20004a5f  fillTriangle                  
20007751  free                          
20008179  frexp                         
20008179  frexpl                        
20004000  g_pfnVectors                  
20006117  goTo                          
20004e5f  height                        
200063df  invert                        
200058df  ir_lookup                     
20005b55  keyMappingTest                
20017aa0  lastCode                      
20007919  ldexp                         
20007919  ldexpl                        
20005d69  main                          
20008b2d  malloc                        
20007555  memalign                      
200088b1  memccpy                       
20007be5  memcpy                        
200086b5  memmove                       
20007f49  memset                        
20017a80  messageIndex                  
20017a90  newCharSet                    
20017a98  newValueSet                   
20006661  nextChar                      
20007835  realloc                       
20017a88  rx_read                       
20017a84  rx_write                      
20007919  scalbn                        
20007919  scalbnl                       
200063fd  setChar                       
20004df7  setCursor                     
20004e2f  setTextColor                  
20004e0f  setTextSize                   
20004e47  setTextWrap                   
20008a1f  strchr                        
20008a85  strlen                        
20017a94  systick_cnt                   
20017ac8  textbgcolor                   
20017ac4  textcolor                     
20017ac0  textsize                      
20017ab0  typing                        
20008485  vsnprintf                     
20008aab  wcslen                        
20004e5b  width                         
20017acc  wrap                          
20005f5d  writeCommand                  
20005fa1  writeData                     


GLOBAL SYMBOLS: SORTED BY Symbol Address 

address   name                          
-------   ----                          
00000800  __STACK_SIZE                  
00000800  __SYSMEM_SIZE                 
20004000  g_pfnVectors                  
20004401  drawCircle                    
20004535  drawCircleHelper              
20004653  fillCircle                    
2000468d  fillCircleHelper              
2000477b  drawLine                      
20004867  drawRect                      
200048b5  drawRoundRect                 
200049a3  fillRoundRect                 
20004a1d  drawTriangle                  
20004a5f  fillTriangle                  
20004c5f  drawChar                      
20004dab  Outstr                        
20004df7  setCursor                     
20004e0f  setTextSize                   
20004e2f  setTextColor                  
20004e47  setTextWrap                   
20004e5b  width                         
20004e5f  height                        
20004e81  __TI_printfi                  
200058cf  _nop                          
200058df  ir_lookup                     
20005b55  keyMappingTest                
20005cbf  UARTISR                       
20005d13  InitUartCommunication         
20005d69  main                          
20005f5d  writeCommand                  
20005fa1  writeData                     
20005fe5  Adafruit_Init                 
20006117  goTo                          
2000615b  Color565                      
2000619d  fillScreen                    
200061b3  fillRect                      
20006269  drawFastVLine                 
20006305  drawFastHLine                 
200063a1  drawPixel                     
200063df  invert                        
200063fb  __aeabi_idiv0                 
200063fb  __aeabi_ldiv0                 
200063fd  setChar                       
20006661  nextChar                      
20006679  InitTerm                      
20006697  Message                       
200066b9  ClearTerm                     
200066c3  Error                         
200066fb  GetCmd                        
200067a1  TrimSpace                     
20006839  Report                        
20006d29  __aeabi_dsub                  
20006d33  __aeabi_dadd                  
20006ee1  PRCMCC3200MCUInit             
20007059  PinMuxConfig                  
200072fd  __aeabi_ddiv                  
20007555  aligned_alloc                 
20007555  memalign                      
20007655  __aeabi_dmul                  
20007751  free                          
20007835  realloc                       
20007919  ldexp                         
20007919  ldexpl                        
20007919  scalbn                        
20007919  scalbnl                       
20007a9d  IntEnable                     
20007b45  SPIConfigSetExpClk            
20007be5  __aeabi_memcpy                
20007be5  __aeabi_memcpy4               
20007be5  __aeabi_memcpy8               
20007be5  memcpy                        
20007c81  __aeabi_uldivmod              
20007d19  PRCMPeripheralClockGet        
20007dad  PinConfigSet                  
20007e35  __aeabi_cdcmpeq               
20007e35  __aeabi_cdcmple               
20007ebb  __aeabi_cdrcmple              
20007f41  __aeabi_memclr                
20007f41  __aeabi_memclr4               
20007f41  __aeabi_memclr8               
20007f43  __aeabi_memset                
20007f43  __aeabi_memset4               
20007f43  __aeabi_memset8               
20007f49  memset                        
20007fbb  UARTConfigSetExpClk           
2000810f  __TI_decompress_lzss          
20008179  frexp                         
20008179  frexpl                        
200081d5  PRCMPeripheralReset           
20008283  __TI_ltoa                     
20008329  atoi                          
20008375  __aeabi_d2iz                  
20008401  __TI_auto_init_nobinit_nopinit
20008445  PinModeSet                    
20008485  vsnprintf                     
20008505  PRCMPeripheralClkEnable       
20008541  GPIODirModeSet                
20008577  PinTypeGPIO                   
200085a9  UARTDisable                   
20008609  __aeabi_i2d                   
20008639  PRCMSysResetCauseGet          
20008665  PRCMPeripheralClkDisable      
200086b5  memmove                       
200086dd  UARTEnable                    
20008701  _c_int00_noargs               
20008725  GPIOIntStatus                 
20008747  SPIReset                      
20008769  GPIOPinWrite                  
20008789  IntRegister                   
200087a9  SPIDataGet                    
200087c9  SPIDataPut                    
200087e7  UARTCharPut                   
20008805  UARTIntRegister               
20008823  UARTIntStatus                 
20008841  SysTickIntRegister            
2000885d  UARTCharGetNonBlocking        
20008879  __TI_zero_init_nomemset       
200088b1  memccpy                       
200088cd  PinTypeSPI                    
200088e7  PinTypeUART                   
20008901  SPIFIFOEnable                 
2000891b  SPICSDisable                  
20008933  SPICSEnable                   
2000894b  SPIEnable                     
20008965  SysTickPeriodSet              
2000897d  UARTCharsAvail                
20008995  UARTIntEnable                 
200089c5  __aeabi_lmul                  
200089dd  PRCMHIBRegRead                
200089f3  PRCMHIBRegWrite               
20008a09  UARTFIFOEnable                
20008a1f  strchr                        
20008a35  CPUcpsid                      
20008a49  CPUcpsie                      
20008a5d  GPIOIntClear                  
20008a71  IntVTableBaseSet              
20008a85  strlen                        
20008a99  UARTIntClear                  
20008aab  wcslen                        
20008abd  SysTickEnable                 
20008acd  SysTickIntEnable              
20008add  __TI_decompress_none          
20008aeb  ResetISR                      
20008af9  SysTickValueGet               
20008b05  copysign                      
20008b05  copysignl                     
20008b11  IntMasterDisable              
20008b1b  IntMasterEnable               
20008b25  __aeabi_errno_addr            
20008b2d  malloc                        
20008b35  UtilsDelay                    
20008b3b  _system_pre_init              
20008b3f  C$$EXIT                       
20008b3f  abort                         
2000903f  _ctypes_                      
200093e0  __TI_static_base__            
20009410  __TI_Handler_Table_Base       
2000941c  __TI_Handler_Table_Limit      
20009428  __TI_CINIT_Base               
20009438  __TI_CINIT_Limit              
20017000  __start___llvm_prf_cnts       
20017000  __stop___llvm_prf_cnts        
20017000  _sys_memory                   
20017800  cBuff                         
20017a78  delta_log_idx                 
20017a7c  delta_log_full                
20017a80  messageIndex                  
20017a84  rx_write                      
20017a88  rx_read                       
20017a8c  charIndex                     
20017a90  newCharSet                    
20017a94  systick_cnt                   
20017a98  newValueSet                   
20017a9c  currentCode                   
20017aa0  lastCode                      
20017aa4  bufferIntro                   
20017aa8  bufferData                    
20017aac  edgesDetected                 
20017ab0  typing                        
20017ab4  current_char_timeout          
20017ab8  cursor_x                      
20017abc  cursor_y                      
20017ac0  textsize                      
20017ac4  textcolor                     
20017ac8  textbgcolor                   
20017acc  wrap                          
20017ad0  _lock                         
20017ad4  _unlock                       
20017ae8  errno                         
2002f800  __stack                       
20030000  __STACK_END                   
ffffffff  __TI_pprof_out_hndl           
ffffffff  __TI_prof_data_size           
ffffffff  __TI_prof_data_start          
ffffffff  __binit__                     
ffffffff  __c_args__                    
ffffffff  binit                         
UNDEFED   __mpu_init                    
UNDEFED   _system_post_cinit            

[198 symbols]
