******************************************************************************
                  TI ARM Linker PC v20.2.7                     
******************************************************************************
>> Linked Tue Feb 17 14:02:58 2026

OUTPUT FILE NAME:   <spi_demo.out>
ENTRY POINT SYMBOL: "_c_int00_noargs"  address: 20008901


MEMORY CONFIGURATION

         name            origin    length      used     unused   attr    fill
----------------------  --------  ---------  --------  --------  ----  --------
  SRAM_CODE             20004000   00013000  0000564a  0000d9b6  RW X
  SRAM_DATA             20017000   00019000  000012e4  00017d1c  RW X


SEGMENT ALLOCATION MAP

run origin  load origin   length   init length attrs members
----------  ----------- ---------- ----------- ----- -------
20004000    20004000    00005650   00005650    r-x
  20004000    20004000    00000400   00000400    r-- .intvecs
  20004400    20004400    0000495e   0000495e    r-x .text
  20008d60    20008d60    0000089c   0000089c    r-- .const
  20009600    20009600    00000050   00000050    r-- .cinit
20017000    20017000    00000ae4   00000000    rw-
  20017000    20017000    00000800   00000000    rw- .sysmem
  20017800    20017800    00000278   00000000    rw- .bss
  20017a78    20017a78    0000006c   00000000    rw- .data
2002f800    2002f800    00000800   00000000    rw-
  2002f800    2002f800    00000800   00000000    rw- .stack


SECTION ALLOCATION MAP

 output                                  attributes/
section   page    origin      length       input sections
--------  ----  ----------  ----------   ----------------
.intvecs   0    20004000    00000400     
                  20004000    00000400     startup_ccs.obj (.intvecs)

.init_array 
*          0    20004000    00000000     UNINITIALIZED

.text      0    20004400    0000495e     
                  20004400    00000a80     Adafruit_GFX.obj (.text)
                  20004e80    00000a4e     rtsv7M4_T_le_eabi.lib : _printfi.c.obj (.text:__TI_printfi)
                  200058ce    00000002                           : _lock.c.obj (.text:_nop)
                  200058d0    00000760     main.obj (.text)
                  20006030    0000049e     Adafruit_SSD1351.obj (.text)
                  200064ce    00000002     rtsv7M4_T_le_eabi.lib : div0.asm.obj (.text)
                  200064d0    0000027c     typing.obj (.text)
                  2000674c    0000027c     uart_if.obj (.text)
                  200069c8    00000268     rtsv7M4_T_le_eabi.lib : _printfi.c.obj (.text:_pconv_a)
                  20006c30    000001cc                           : _printfi.c.obj (.text:_pconv_g)
                  20006dfc    000001b6                           : fd_add_t2.asm.obj (.text)
                  20006fb2    00000002     --HOLE-- [fill = 0]
                  20006fb4    00000178     driverlib.a : prcm.obj (.text:PRCMCC3200MCUInit)
                  2000712c    00000168     pin_mux_config.obj (.text)
                  20007294    0000013c     rtsv7M4_T_le_eabi.lib : _printfi.c.obj (.text:_pconv_e)
                  200073d0    00000136                           : fd_div_t2.asm.obj (.text)
                  20007506    00000002     --HOLE-- [fill = 0]
                  20007508    00000120                           : _printfi.c.obj (.text:fcvt)
                  20007628    00000100                           : memory.c.obj (.text:aligned_alloc)
                  20007728    000000fc                           : fd_mul_t2.asm.obj (.text)
                  20007824    000000e4                           : memory.c.obj (.text:free)
                  20007908    000000e4                           : memory.c.obj (.text:realloc)
                  200079ec    000000d0                           : s_scalbn.c.obj (.text:scalbn)
                  20007abc    000000b1                           : _printfi.c.obj (.text:_ltostr)
                  20007b6d    00000003     --HOLE-- [fill = 0]
                  20007b70    000000a8     driverlib.a : interrupt.obj (.text:IntEnable)
                  20007c18    000000a0                 : spi.obj (.text:SPIConfigSetExpClk)
                  20007cb8    0000009c     rtsv7M4_T_le_eabi.lib : memcpy_t2.asm.obj (.text)
                  20007d54    00000096                           : ull_div_t2.asm.obj (.text)
                  20007dea    00000002     --HOLE-- [fill = 0]
                  20007dec    00000094     driverlib.a : prcm.obj (.text:PRCMPeripheralClockGet)
                  20007e80    00000088                 : pin.obj (.text:PinConfigSet)
                  20007f08    00000086     rtsv7M4_T_le_eabi.lib : fd_cmp_t2.asm.obj (.text:__aeabi_cdcmple)
                  20007f8e    00000086                           : fd_cmp_t2.asm.obj (.text:__aeabi_cdrcmple)
                  20008014    00000082     driverlib.a : gpio.obj (.text:GPIOIntTypeSet)
                  20008096    0000007a     rtsv7M4_T_le_eabi.lib : memset_t2.asm.obj (.text)
                  20008110    00000076     driverlib.a : uart.obj (.text:UARTConfigSetExpClk)
                  20008186    00000002     --HOLE-- [fill = 0]
                  20008188    00000070     rtsv7M4_T_le_eabi.lib : memory.c.obj (.text:split)
                  200081f8    0000006e                           : _printfi.c.obj (.text:_mcpy)
                  20008266    00000068                           : copy_decompress_lzss.c.obj (.text:decompress:lzss:__TI_decompress_lzss)
                  200082ce    00000002     --HOLE-- [fill = 0]
                  200082d0    00000060     systick_utils.obj (.text)
                  20008330    0000005c     rtsv7M4_T_le_eabi.lib : s_frexp.c.obj (.text:frexp)
                  2000838c    00000058     driverlib.a : prcm.obj (.text:PRCMPeripheralReset)
                  200083e4    00000056     rtsv7M4_T_le_eabi.lib : _printfi.c.obj (.text:_pconv_f)
                  2000843a    00000054                           : _ltoa.c.obj (.text:__TI_ltoa)
                  2000848e    00000052                           : _printfi.c.obj (.text:_ecpy)
                  200084e0    0000004c                           : atoi.c.obj (.text:atoi)
                  2000852c    00000048     driverlib.a : gpio.obj (.text:GPIOGetIntNumber)
                  20008574    00000048     rtsv7M4_T_le_eabi.lib : fd_toi_t2.asm.obj (.text)
                  200085bc    00000044     driverlib.a : uart.obj (.text:UARTIntNumberGet)
                  20008600    00000044     rtsv7M4_T_le_eabi.lib : autoinit.c.obj (.text:__TI_auto_init_nobinit_nopinit:__TI_auto_init_nobinit_nopinit)
                  20008644    00000040     driverlib.a : pin.obj (.text:PinModeSet)
                  20008684    00000040     rtsv7M4_T_le_eabi.lib : vsnprintf.c.obj (.text:vsnprintf)
                  200086c4    0000003e                           : _printfi.c.obj (.text:_fcpy)
                  20008702    00000002     --HOLE-- [fill = 0]
                  20008704    0000003c     driverlib.a : prcm.obj (.text:PRCMPeripheralClkEnable)
                  20008740    00000036                 : gpio.obj (.text:GPIODirModeSet)
                  20008776    00000030                 : pin.obj (.text:PinTypeGPIO)
                  200087a6    00000002     --HOLE-- [fill = 0]
                  200087a8    00000030                 : uart.obj (.text:UARTDisable)
                  200087d8    00000030     rtsv7M4_T_le_eabi.lib : vsnprintf.c.obj (.text:_outs)
                  20008808    0000002e                           : i_tofd_t2.asm.obj (.text)
                  20008836    00000002     --HOLE-- [fill = 0]
                  20008838    0000002c     driverlib.a : prcm.obj (.text:PRCMSysResetCauseGet)
                  20008864    00000028                 : prcm.obj (.text:PRCMPeripheralClkDisable)
                  2000888c    00000028     rtsv7M4_T_le_eabi.lib : memory.c.obj (.text:free_list_insert)
                  200088b4    00000028                           : memmov.c.obj (.text:memmove)
                  200088dc    00000024     driverlib.a : uart.obj (.text:UARTEnable)
                  20008900    00000024     rtsv7M4_T_le_eabi.lib : boot_cortex_m.c.obj (.text:_c_int00_noargs:_c_int00_noargs)
                  20008924    00000022     driverlib.a : gpio.obj (.text:GPIOIntStatus)
                  20008946    00000022                 : spi.obj (.text:SPIReset)
                  20008968    00000020                 : gpio.obj (.text:GPIOPinWrite)
                  20008988    00000020                 : interrupt.obj (.text:IntRegister)
                  200089a8    00000020                 : spi.obj (.text:SPIDataGet)
                  200089c8    0000001e                 : gpio.obj (.text:GPIOIntRegister)
                  200089e6    0000001e                 : spi.obj (.text:SPIDataPut)
                  20008a04    0000001e                 : uart.obj (.text:UARTCharPut)
                  20008a22    0000001e                 : uart.obj (.text:UARTIntRegister)
                  20008a40    0000001e                 : uart.obj (.text:UARTIntStatus)
                  20008a5e    00000002     --HOLE-- [fill = 0]
                  20008a60    0000001c                 : systick.obj (.text:SysTickIntRegister)
                  20008a7c    0000001c                 : uart.obj (.text:UARTCharGetNonBlocking)
                  20008a98    0000001c     rtsv7M4_T_le_eabi.lib : copy_zero_init.c.obj (.text:decompress:ZI:__TI_zero_init_nomemset:__TI_zero_init_nomemset)
                  20008ab4    0000001c                           : memory.c.obj (.text:free_list_remove)
                  20008ad0    0000001c                           : memccpy.c.obj (.text:memccpy)
                  20008aec    0000001a     driverlib.a : gpio.obj (.text:GPIOIntEnable)
                  20008b06    0000001a                 : pin.obj (.text:PinTypeSPI)
                  20008b20    0000001a                 : pin.obj (.text:PinTypeUART)
                  20008b3a    0000001a                 : spi.obj (.text:SPIFIFOEnable)
                  20008b54    00000018                 : spi.obj (.text:SPICSDisable)
                  20008b6c    00000018                 : spi.obj (.text:SPICSEnable)
                  20008b84    00000018                 : spi.obj (.text:SPIEnable)
                  20008b9c    00000018                 : systick.obj (.text:SysTickPeriodSet)
                  20008bb4    00000018                 : uart.obj (.text:UARTCharsAvail)
                  20008bcc    00000018                 : uart.obj (.text:UARTIntEnable)
                  20008be4    00000018     rtsv7M4_T_le_eabi.lib : vsnprintf.c.obj (.text:_outc)
                  20008bfc    00000018                           : ll_mul_t2.asm.obj (.text)
                  20008c14    00000016     driverlib.a : prcm.obj (.text:PRCMHIBRegRead)
                  20008c2a    00000016                 : prcm.obj (.text:PRCMHIBRegWrite)
                  20008c40    00000016                 : uart.obj (.text:UARTFIFOEnable)
                  20008c56    00000016     rtsv7M4_T_le_eabi.lib : strchr.c.obj (.text:strchr)
                  20008c6c    00000014     driverlib.a : cpu.obj (.text:CPUcpsie)
                  20008c80    00000014                 : gpio.obj (.text:GPIOIntClear)
                  20008c94    00000014                 : interrupt.obj (.text:IntVTableBaseSet)
                  20008ca8    00000014     rtsv7M4_T_le_eabi.lib : strlen.c.obj (.text:strlen)
                  20008cbc    00000012     driverlib.a : uart.obj (.text:UARTIntClear)
                  20008cce    00000012     rtsv7M4_T_le_eabi.lib : wcslen.c.obj (.text:wcslen)
                  20008ce0    00000010     driverlib.a : systick.obj (.text:SysTickEnable)
                  20008cf0    00000010                 : systick.obj (.text:SysTickIntEnable)
                  20008d00    0000000e     rtsv7M4_T_le_eabi.lib : copy_decompress_none.c.obj (.text:decompress:none:__TI_decompress_none)
                  20008d0e    0000000e     startup_ccs.obj (.text)
                  20008d1c    0000000c     driverlib.a : systick.obj (.text:SysTickValueGet)
                  20008d28    0000000c     rtsv7M4_T_le_eabi.lib : s_copysign.c.obj (.text:copysign)
                  20008d34    0000000a     driverlib.a : interrupt.obj (.text:IntMasterEnable)
                  20008d3e    00000002     --HOLE-- [fill = 0]
                  20008d40    00000008     rtsv7M4_T_le_eabi.lib : errno.c.obj (.text:__aeabi_errno_addr)
                  20008d48    00000008                           : memory.c.obj (.text:malloc)
                  20008d50    00000006     driverlib.a : utils.obj (.text:UtilsDelay)
                  20008d56    00000004     rtsv7M4_T_le_eabi.lib : pre_init.c.obj (.text:_system_pre_init)
                  20008d5a    00000004                           : exit.c.obj (.text:abort:abort)

.const     0    20008d60    0000089c     
                  20008d60    000004fb     Adafruit_GFX.obj (.const:.string:font)
                  2000925b    00000101     rtsv7M4_T_le_eabi.lib : ctype.c.obj (.const:.string:_ctypes_)
                  2000935c    00000100     driverlib.a : pin.obj (.const:g_ulPinToPadMap)
                  2000945c    000000a8                 : prcm.obj (.const:PRCM_PeriphRegsList)
                  20009504    00000066     main.obj (.const:.string)
                  2000956a    00000002     --HOLE-- [fill = 0]
                  2000956c    00000060     main.obj (.const:ir_key_table)
                  200095cc    00000018     driverlib.a : interrupt.obj (.const:g_pulEnRegs)
                  200095e4    00000010                 : uart.obj (.const:g_ppulUARTIntMap)
                  200095f4    00000008     main.obj (.const:infared)

.cinit     0    20009600    00000050     
                  20009600    0000002a     (.cinit..data.load) [load image, compression = lzss]
                  2000962a    00000002     --HOLE-- [fill = 0]
                  2000962c    0000000c     (__TI_handler_table)
                  20009638    00000008     (.cinit..bss.load) [load image, compression = zero_init]
                  20009640    00000010     (__TI_cinit_table)

.sysmem    0    20017000    00000800     UNINITIALIZED
                  20017000    00000010     rtsv7M4_T_le_eabi.lib : memory.c.obj (.sysmem)
                  20017010    000007f0     --HOLE--

.bss       0    20017800    00000278     UNINITIALIZED
                  20017800    00000274     (.common:cBuff)
                  20017a74    00000004     uart_if.obj (.bss)

.data      0    20017a78    0000006c     UNINITIALIZED
                  20017a78    00000034     main.obj (.data)
                  20017aac    00000015     Adafruit_GFX.obj (.data)
                  20017ac1    00000003     --HOLE--
                  20017ac4    00000008     rtsv7M4_T_le_eabi.lib : _lock.c.obj (.data:$O1$$)
                  20017acc    00000008                           : memory.c.obj (.data:$O1$$)
                  20017ad4    00000008     typing.obj (.data)
                  20017adc    00000004     rtsv7M4_T_le_eabi.lib : errno.c.obj (.data)
                  20017ae0    00000004     systick_utils.obj (.data)

.stack     0    2002f800    00000800     UNINITIALIZED
                  2002f800    00000004     rtsv7M4_T_le_eabi.lib : boot_cortex_m.c.obj (.stack)
                  2002f804    000007fc     --HOLE--

__llvm_prf_cnts 
*          0    20017000    00000000     UNINITIALIZED

MODULE SUMMARY

       Module                       code    ro data   rw data
       ------                       ----    -------   -------
    .\
       Adafruit_GFX.obj             2688    1275      21     
       main.obj                     1888    206       680    
       Adafruit_SSD1351.obj         1182    0         0      
       startup_ccs.obj              14      1024      0      
       typing.obj                   636     0         8      
       uart_if.obj                  636     0         4      
       pin_mux_config.obj           360     0         0      
       systick_utils.obj            96      0         4      
    +--+----------------------------+-------+---------+---------+
       Total:                       7500    2505      717    
                                                             
    C:/ti/CC3200SDK_1.5.0/cc3200-sdk/driverlib/ccs/Release/driverlib.a
       prcm.obj                     800     168       0      
       pin.obj                      300     256       0      
       uart.obj                     476     16        0      
       gpio.obj                     398     0         0      
       spi.obj                      354     0         0      
       interrupt.obj                230     24        0      
       systick.obj                  96      0         0      
       cpu.obj                      20      0         0      
       utils.obj                    6       0         0      
    +--+----------------------------+-------+---------+---------+
       Total:                       2680    464       0      
                                                             
    C:\ti\ccs1250\ccs\tools\compiler\ti-cgt-arm_20.2.7.LTS\lib\rtsv7M4_T_le_eabi.lib
       _printfi.c.obj               4835    0         0      
       memory.c.obj                 900     0         8      
       fd_add_t2.asm.obj            438     0         0      
       fd_div_t2.asm.obj            310     0         0      
       fd_cmp_t2.asm.obj            268     0         0      
       ctype.c.obj                  0       257       0      
       fd_mul_t2.asm.obj            252     0         0      
       s_scalbn.c.obj               208     0         0      
       memcpy_t2.asm.obj            156     0         0      
       ull_div_t2.asm.obj           150     0         0      
       vsnprintf.c.obj              136     0         0      
       memset_t2.asm.obj            122     0         0      
       copy_decompress_lzss.c.obj   104     0         0      
       s_frexp.c.obj                92      0         0      
       _ltoa.c.obj                  84      0         0      
       atoi.c.obj                   76      0         0      
       fd_toi_t2.asm.obj            72      0         0      
       autoinit.c.obj               68      0         0      
       i_tofd_t2.asm.obj            46      0         0      
       memmov.c.obj                 40      0         0      
       boot_cortex_m.c.obj          36      0         0      
       copy_zero_init.c.obj         28      0         0      
       memccpy.c.obj                28      0         0      
       ll_mul_t2.asm.obj            24      0         0      
       strchr.c.obj                 22      0         0      
       strlen.c.obj                 20      0         0      
       wcslen.c.obj                 18      0         0      
       copy_decompress_none.c.obj   14      0         0      
       errno.c.obj                  8       0         4      
       s_copysign.c.obj             12      0         0      
       _lock.c.obj                  2       0         8      
       exit.c.obj                   4       0         0      
       pre_init.c.obj               4       0         0      
       div0.asm.obj                 2       0         0      
    +--+----------------------------+-------+---------+---------+
       Total:                       8579    257       20     
                                                             
       Heap:                        0       0         2048   
       Stack:                       0       0         2048   
       Linker Generated:            0       78        0      
    +--+----------------------------+-------+---------+---------+
       Grand Total:                 18759   3304      4833   


LINKER GENERATED COPY TABLES

__TI_cinit_table @ 20009640 records: 2, size/record: 8, table size: 16
	.data: load addr=20009600, load size=0000002a bytes, run addr=20017a78, run size=0000006c bytes, compression=lzss
	.bss: load addr=20009638, load size=00000008 bytes, run addr=20017800, run size=00000278 bytes, compression=zero_init


LINKER GENERATED HANDLER TABLE

__TI_handler_table @ 2000962c records: 3, size/record: 4, table size: 12
	index: 0, handler: __TI_decompress_lzss
	index: 1, handler: __TI_decompress_none
	index: 2, handler: __TI_zero_init


GLOBAL SYMBOLS: SORTED ALPHABETICALLY BY Name 

address   name                          
-------   ----                          
200060b9  Adafruit_Init                 
20008d5b  C$$EXIT                       
20008c6d  CPUcpsie                      
2000678d  ClearTerm                     
2000622f  Color565                      
20006797  Error                         
20008741  GPIODirModeSet                
20008c81  GPIOIntClear                  
20008aed  GPIOIntEnable                 
200089c9  GPIOIntRegister               
20008925  GPIOIntStatus                 
20008015  GPIOIntTypeSet                
20008969  GPIOPinWrite                  
200067cf  GetCmd                        
2000674d  InitTerm                      
20005e49  InitUartCommunication         
20007b71  IntEnable                     
20008d35  IntMasterEnable               
20008989  IntRegister                   
20008c95  IntVTableBaseSet              
2000676b  Message                       
20004dab  Outstr                        
20006fb5  PRCMCC3200MCUInit             
20008c15  PRCMHIBRegRead                
20008c2b  PRCMHIBRegWrite               
20008865  PRCMPeripheralClkDisable      
20008705  PRCMPeripheralClkEnable       
20007ded  PRCMPeripheralClockGet        
2000838d  PRCMPeripheralReset           
20008839  PRCMSysResetCauseGet          
20007e81  PinConfigSet                  
20008645  PinModeSet                    
2000712d  PinMuxConfig                  
20008777  PinTypeGPIO                   
20008b07  PinTypeSPI                    
20008b21  PinTypeUART                   
2000690d  Report                        
20008d0f  ResetISR                      
20008b55  SPICSDisable                  
20008b6d  SPICSEnable                   
20007c19  SPIConfigSetExpClk            
200089a9  SPIDataGet                    
200089e7  SPIDataPut                    
20008b85  SPIEnable                     
20008b3b  SPIFIFOEnable                 
20008947  SPIReset                      
20008ce1  SysTickEnable                 
200082ff  SysTickInit                   
20008cf1  SysTickIntEnable              
20008a61  SysTickIntRegister            
20008b9d  SysTickPeriodSet              
200082f1  SysTickReset                  
20008d1d  SysTickValueGet               
20006875  TrimSpace                     
20008a7d  UARTCharGetNonBlocking        
20008a05  UARTCharPut                   
20008bb5  UARTCharsAvail                
20008111  UARTConfigSetExpClk           
200087a9  UARTDisable                   
200088dd  UARTEnable                    
20008c41  UARTFIFOEnable                
20005df5  UARTISR                       
20008cbd  UARTIntClear                  
20008bcd  UARTIntEnable                 
20008a23  UARTIntRegister               
20008a41  UARTIntStatus                 
20008d51  UtilsDelay                    
20030000  __STACK_END                   
00000800  __STACK_SIZE                  
00000800  __SYSMEM_SIZE                 
20009640  __TI_CINIT_Base               
20009650  __TI_CINIT_Limit              
2000962c  __TI_Handler_Table_Base       
20009638  __TI_Handler_Table_Limit      
20008601  __TI_auto_init_nobinit_nopinit
20008267  __TI_decompress_lzss          
20008d01  __TI_decompress_none          
2000843b  __TI_ltoa                     
ffffffff  __TI_pprof_out_hndl           
20004e81  __TI_printfi                  
ffffffff  __TI_prof_data_size           
ffffffff  __TI_prof_data_start          
20009600  __TI_static_base__            
20008a99  __TI_zero_init_nomemset       
20007f09  __aeabi_cdcmpeq               
20007f09  __aeabi_cdcmple               
20007f8f  __aeabi_cdrcmple              
20008575  __aeabi_d2iz                  
20006e07  __aeabi_dadd                  
200073d1  __aeabi_ddiv                  
20007729  __aeabi_dmul                  
20006dfd  __aeabi_dsub                  
20008d41  __aeabi_errno_addr            
20008809  __aeabi_i2d                   
200064cf  __aeabi_idiv0                 
200064cf  __aeabi_ldiv0                 
20008bfd  __aeabi_lmul                  
20008097  __aeabi_memclr                
20008097  __aeabi_memclr4               
20008097  __aeabi_memclr8               
20007cb9  __aeabi_memcpy                
20007cb9  __aeabi_memcpy4               
20007cb9  __aeabi_memcpy8               
20008099  __aeabi_memset                
20008099  __aeabi_memset4               
20008099  __aeabi_memset8               
20007d55  __aeabi_uldivmod              
ffffffff  __binit__                     
ffffffff  __c_args__                    
UNDEFED   __mpu_init                    
2002f800  __stack                       
20017000  __start___llvm_prf_cnts       
20017000  __stop___llvm_prf_cnts        
20008901  _c_int00_noargs               
2000925b  _ctypes_                      
20017ac4  _lock                         
200058cf  _nop                          
20017000  _sys_memory                   
UNDEFED   _system_post_cinit            
20008d57  _system_pre_init              
20017ac8  _unlock                       
20008d5b  abort                         
20007629  aligned_alloc                 
200084e1  atoi                          
ffffffff  binit                         
20017aa0  bufferData                    
20017a9c  bufferIntro                   
20017800  cBuff                         
20017a84  charIndex                     
20008d29  copysign                      
20008d29  copysignl                     
20017a94  currentCode                   
20017a8c  current_char_timeout          
20017aac  cursor_x                      
20017ab0  cursor_y                      
20004c5f  drawChar                      
20004401  drawCircle                    
20004535  drawCircleHelper              
200063d9  drawFastHLine                 
2000633d  drawFastVLine                 
2000477b  drawLine                      
20006475  drawPixel                     
20004867  drawRect                      
200048b5  drawRoundRect                 
20004a1d  drawTriangle                  
20017aa4  edgesDetected                 
20017adc  errno                         
20004653  fillCircle                    
2000468d  fillCircleHelper              
20006287  fillRect                      
200049a3  fillRoundRect                 
20006271  fillScreen                    
20004a5f  fillTriangle                  
20007825  free                          
20008331  frexp                         
20008331  frexpl                        
20004000  g_pfnVectors                  
200061eb  goTo                          
20004e5f  height                        
200064b3  invert                        
200058d1  ir_lookup                     
20005bd9  keyMappingTest                
20017a98  lastCode                      
200079ed  ldexp                         
200079ed  ldexpl                        
20005ec9  main                          
20008d49  malloc                        
20007629  memalign                      
20008ad1  memccpy                       
20007cb9  memcpy                        
200088b5  memmove                       
2000809f  memset                        
20017a78  messageIndex                  
20017a88  newCharSet                    
20017a90  newValueSet                   
20006735  nextChar                      
20007909  realloc                       
20017a80  rx_read                       
20017a7c  rx_write                      
200079ed  scalbn                        
200079ed  scalbnl                       
200064d1  setChar                       
20004df7  setCursor                     
20004e2f  setTextColor                  
20004e0f  setTextSize                   
20004e47  setTextWrap                   
20008c57  strchr                        
20008ca9  strlen                        
20017ae0  systick_cnt                   
20017abc  textbgcolor                   
20017ab8  textcolor                     
20017ab4  textsize                      
20005ae1  transition                    
20017aa8  typing                        
20008685  vsnprintf                     
20008ccf  wcslen                        
20004e5b  width                         
20017ac0  wrap                          
20006031  writeCommand                  
20006075  writeData                     


GLOBAL SYMBOLS: SORTED BY Symbol Address 

address   name                          
-------   ----                          
00000800  __STACK_SIZE                  
00000800  __SYSMEM_SIZE                 
20004000  g_pfnVectors                  
20004401  drawCircle                    
20004535  drawCircleHelper              
20004653  fillCircle                    
2000468d  fillCircleHelper              
2000477b  drawLine                      
20004867  drawRect                      
200048b5  drawRoundRect                 
200049a3  fillRoundRect                 
20004a1d  drawTriangle                  
20004a5f  fillTriangle                  
20004c5f  drawChar                      
20004dab  Outstr                        
20004df7  setCursor                     
20004e0f  setTextSize                   
20004e2f  setTextColor                  
20004e47  setTextWrap                   
20004e5b  width                         
20004e5f  height                        
20004e81  __TI_printfi                  
200058cf  _nop                          
200058d1  ir_lookup                     
20005ae1  transition                    
20005bd9  keyMappingTest                
20005df5  UARTISR                       
20005e49  InitUartCommunication         
20005ec9  main                          
20006031  writeCommand                  
20006075  writeData                     
200060b9  Adafruit_Init                 
200061eb  goTo                          
2000622f  Color565                      
20006271  fillScreen                    
20006287  fillRect                      
2000633d  drawFastVLine                 
200063d9  drawFastHLine                 
20006475  drawPixel                     
200064b3  invert                        
200064cf  __aeabi_idiv0                 
200064cf  __aeabi_ldiv0                 
200064d1  setChar                       
20006735  nextChar                      
2000674d  InitTerm                      
2000676b  Message                       
2000678d  ClearTerm                     
20006797  Error                         
200067cf  GetCmd                        
20006875  TrimSpace                     
2000690d  Report                        
20006dfd  __aeabi_dsub                  
20006e07  __aeabi_dadd                  
20006fb5  PRCMCC3200MCUInit             
2000712d  PinMuxConfig                  
200073d1  __aeabi_ddiv                  
20007629  aligned_alloc                 
20007629  memalign                      
20007729  __aeabi_dmul                  
20007825  free                          
20007909  realloc                       
200079ed  ldexp                         
200079ed  ldexpl                        
200079ed  scalbn                        
200079ed  scalbnl                       
20007b71  IntEnable                     
20007c19  SPIConfigSetExpClk            
20007cb9  __aeabi_memcpy                
20007cb9  __aeabi_memcpy4               
20007cb9  __aeabi_memcpy8               
20007cb9  memcpy                        
20007d55  __aeabi_uldivmod              
20007ded  PRCMPeripheralClockGet        
20007e81  PinConfigSet                  
20007f09  __aeabi_cdcmpeq               
20007f09  __aeabi_cdcmple               
20007f8f  __aeabi_cdrcmple              
20008015  GPIOIntTypeSet                
20008097  __aeabi_memclr                
20008097  __aeabi_memclr4               
20008097  __aeabi_memclr8               
20008099  __aeabi_memset                
20008099  __aeabi_memset4               
20008099  __aeabi_memset8               
2000809f  memset                        
20008111  UARTConfigSetExpClk           
20008267  __TI_decompress_lzss          
200082f1  SysTickReset                  
200082ff  SysTickInit                   
20008331  frexp                         
20008331  frexpl                        
2000838d  PRCMPeripheralReset           
2000843b  __TI_ltoa                     
200084e1  atoi                          
20008575  __aeabi_d2iz                  
20008601  __TI_auto_init_nobinit_nopinit
20008645  PinModeSet                    
20008685  vsnprintf                     
20008705  PRCMPeripheralClkEnable       
20008741  GPIODirModeSet                
20008777  PinTypeGPIO                   
200087a9  UARTDisable                   
20008809  __aeabi_i2d                   
20008839  PRCMSysResetCauseGet          
20008865  PRCMPeripheralClkDisable      
200088b5  memmove                       
200088dd  UARTEnable                    
20008901  _c_int00_noargs               
20008925  GPIOIntStatus                 
20008947  SPIReset                      
20008969  GPIOPinWrite                  
20008989  IntRegister                   
200089a9  SPIDataGet                    
200089c9  GPIOIntRegister               
200089e7  SPIDataPut                    
20008a05  UARTCharPut                   
20008a23  UARTIntRegister               
20008a41  UARTIntStatus                 
20008a61  SysTickIntRegister            
20008a7d  UARTCharGetNonBlocking        
20008a99  __TI_zero_init_nomemset       
20008ad1  memccpy                       
20008aed  GPIOIntEnable                 
20008b07  PinTypeSPI                    
20008b21  PinTypeUART                   
20008b3b  SPIFIFOEnable                 
20008b55  SPICSDisable                  
20008b6d  SPICSEnable                   
20008b85  SPIEnable                     
20008b9d  SysTickPeriodSet              
20008bb5  UARTCharsAvail                
20008bcd  UARTIntEnable                 
20008bfd  __aeabi_lmul                  
20008c15  PRCMHIBRegRead                
20008c2b  PRCMHIBRegWrite               
20008c41  UARTFIFOEnable                
20008c57  strchr                        
20008c6d  CPUcpsie                      
20008c81  GPIOIntClear                  
20008c95  IntVTableBaseSet              
20008ca9  strlen                        
20008cbd  UARTIntClear                  
20008ccf  wcslen                        
20008ce1  SysTickEnable                 
20008cf1  SysTickIntEnable              
20008d01  __TI_decompress_none          
20008d0f  ResetISR                      
20008d1d  SysTickValueGet               
20008d29  copysign                      
20008d29  copysignl                     
20008d35  IntMasterEnable               
20008d41  __aeabi_errno_addr            
20008d49  malloc                        
20008d51  UtilsDelay                    
20008d57  _system_pre_init              
20008d5b  C$$EXIT                       
20008d5b  abort                         
2000925b  _ctypes_                      
20009600  __TI_static_base__            
2000962c  __TI_Handler_Table_Base       
20009638  __TI_Handler_Table_Limit      
20009640  __TI_CINIT_Base               
20009650  __TI_CINIT_Limit              
20017000  __start___llvm_prf_cnts       
20017000  __stop___llvm_prf_cnts        
20017000  _sys_memory                   
20017800  cBuff                         
20017a78  messageIndex                  
20017a7c  rx_write                      
20017a80  rx_read                       
20017a84  charIndex                     
20017a88  newCharSet                    
20017a8c  current_char_timeout          
20017a90  newValueSet                   
20017a94  currentCode                   
20017a98  lastCode                      
20017a9c  bufferIntro                   
20017aa0  bufferData                    
20017aa4  edgesDetected                 
20017aa8  typing                        
20017aac  cursor_x                      
20017ab0  cursor_y                      
20017ab4  textsize                      
20017ab8  textcolor                     
20017abc  textbgcolor                   
20017ac0  wrap                          
20017ac4  _lock                         
20017ac8  _unlock                       
20017adc  errno                         
20017ae0  systick_cnt                   
2002f800  __stack                       
20030000  __STACK_END                   
ffffffff  __TI_pprof_out_hndl           
ffffffff  __TI_prof_data_size           
ffffffff  __TI_prof_data_start          
ffffffff  __binit__                     
ffffffff  __c_args__                    
ffffffff  binit                         
UNDEFED   __mpu_init                    
UNDEFED   _system_post_cinit            

[200 symbols]
