******************************************************************************
                  TI ARM Linker PC v20.2.7                     
******************************************************************************
>> Linked Fri Feb 13 17:08:10 2026

OUTPUT FILE NAME:   <spi_demo.out>
ENTRY POINT SYMBOL: "_c_int00_noargs"  address: 200086a5


MEMORY CONFIGURATION

         name            origin    length      used     unused   attr    fill
----------------------  --------  ---------  --------  --------  ----  --------
  SRAM_CODE             20004000   00013000  000053d6  0000dc2a  RW X
  SRAM_DATA             20017000   00019000  000012e4  00017d1c  RW X


SEGMENT ALLOCATION MAP

run origin  load origin   length   init length attrs members
----------  ----------- ---------- ----------- ----- -------
20004000    20004000    000053d8   000053d8    r-x
  20004000    20004000    00000400   00000400    r-- .intvecs
  20004400    20004400    000046e2   000046e2    r-x .text
  20008ae4    20008ae4    0000089c   0000089c    r-- .const
  20009380    20009380    00000058   00000058    r-- .cinit
20017000    20017000    00000ae4   00000000    rw-
  20017000    20017000    00000800   00000000    rw- .sysmem
  20017800    20017800    00000278   00000000    rw- .bss
  20017a78    20017a78    0000006c   00000000    rw- .data
2002f800    2002f800    00000800   00000000    rw-
  2002f800    2002f800    00000800   00000000    rw- .stack


SECTION ALLOCATION MAP

 output                                  attributes/
section   page    origin      length       input sections
--------  ----  ----------  ----------   ----------------
.intvecs   0    20004000    00000400     
                  20004000    00000400     startup_ccs.obj (.intvecs)

.init_array 
*          0    20004000    00000000     UNINITIALIZED

.text      0    20004400    000046e2     
                  20004400    00000a80     Adafruit_GFX.obj (.text)
                  20004e80    00000a4e     rtsv7M4_T_le_eabi.lib : _printfi.c.obj (.text:__TI_printfi)
                  200058ce    00000002                           : _lock.c.obj (.text:_nop)
                  200058d0    00000620     main.obj (.text)
                  20005ef0    0000049e     Adafruit_SSD1351.obj (.text)
                  2000638e    00000002     rtsv7M4_T_le_eabi.lib : div0.asm.obj (.text)
                  20006390    0000027c     typing.obj (.text)
                  2000660c    0000027c     uart_if.obj (.text)
                  20006888    00000268     rtsv7M4_T_le_eabi.lib : _printfi.c.obj (.text:_pconv_a)
                  20006af0    000001cc                           : _printfi.c.obj (.text:_pconv_g)
                  20006cbc    000001b6                           : fd_add_t2.asm.obj (.text)
                  20006e72    00000002     --HOLE-- [fill = 0]
                  20006e74    00000178     driverlib.a : prcm.obj (.text:PRCMCC3200MCUInit)
                  20006fec    00000178     pin_mux_config.obj (.text)
                  20007164    0000013c     rtsv7M4_T_le_eabi.lib : _printfi.c.obj (.text:_pconv_e)
                  200072a0    00000136                           : fd_div_t2.asm.obj (.text)
                  200073d6    00000002     --HOLE-- [fill = 0]
                  200073d8    00000120                           : _printfi.c.obj (.text:fcvt)
                  200074f8    00000100                           : memory.c.obj (.text:aligned_alloc)
                  200075f8    000000fc                           : fd_mul_t2.asm.obj (.text)
                  200076f4    000000e4                           : memory.c.obj (.text:free)
                  200077d8    000000e4                           : memory.c.obj (.text:realloc)
                  200078bc    000000d0                           : s_scalbn.c.obj (.text:scalbn)
                  2000798c    000000b1                           : _printfi.c.obj (.text:_ltostr)
                  20007a3d    00000003     --HOLE-- [fill = 0]
                  20007a40    000000a8     driverlib.a : interrupt.obj (.text:IntEnable)
                  20007ae8    000000a0                 : spi.obj (.text:SPIConfigSetExpClk)
                  20007b88    0000009c     rtsv7M4_T_le_eabi.lib : memcpy_t2.asm.obj (.text)
                  20007c24    00000096                           : ull_div_t2.asm.obj (.text)
                  20007cba    00000002     --HOLE-- [fill = 0]
                  20007cbc    00000094     driverlib.a : prcm.obj (.text:PRCMPeripheralClockGet)
                  20007d50    00000088                 : pin.obj (.text:PinConfigSet)
                  20007dd8    00000086     rtsv7M4_T_le_eabi.lib : fd_cmp_t2.asm.obj (.text:__aeabi_cdcmple)
                  20007e5e    00000086                           : fd_cmp_t2.asm.obj (.text:__aeabi_cdrcmple)
                  20007ee4    0000007a                           : memset_t2.asm.obj (.text)
                  20007f5e    00000076     driverlib.a : uart.obj (.text:UARTConfigSetExpClk)
                  20007fd4    00000070     rtsv7M4_T_le_eabi.lib : memory.c.obj (.text:split)
                  20008044    0000006e                           : _printfi.c.obj (.text:_mcpy)
                  200080b2    00000068                           : copy_decompress_lzss.c.obj (.text:decompress:lzss:__TI_decompress_lzss)
                  2000811a    00000002     --HOLE-- [fill = 0]
                  2000811c    0000005c                           : s_frexp.c.obj (.text:frexp)
                  20008178    00000058     driverlib.a : prcm.obj (.text:PRCMPeripheralReset)
                  200081d0    00000056     rtsv7M4_T_le_eabi.lib : _printfi.c.obj (.text:_pconv_f)
                  20008226    00000054                           : _ltoa.c.obj (.text:__TI_ltoa)
                  2000827a    00000052                           : _printfi.c.obj (.text:_ecpy)
                  200082cc    0000004c                           : atoi.c.obj (.text:atoi)
                  20008318    00000048                           : fd_toi_t2.asm.obj (.text)
                  20008360    00000044     driverlib.a : uart.obj (.text:UARTIntNumberGet)
                  200083a4    00000044     rtsv7M4_T_le_eabi.lib : autoinit.c.obj (.text:__TI_auto_init_nobinit_nopinit:__TI_auto_init_nobinit_nopinit)
                  200083e8    00000040     driverlib.a : pin.obj (.text:PinModeSet)
                  20008428    00000040     rtsv7M4_T_le_eabi.lib : vsnprintf.c.obj (.text:vsnprintf)
                  20008468    0000003e                           : _printfi.c.obj (.text:_fcpy)
                  200084a6    00000002     --HOLE-- [fill = 0]
                  200084a8    0000003c     driverlib.a : prcm.obj (.text:PRCMPeripheralClkEnable)
                  200084e4    00000036                 : gpio.obj (.text:GPIODirModeSet)
                  2000851a    00000030                 : pin.obj (.text:PinTypeGPIO)
                  2000854a    00000002     --HOLE-- [fill = 0]
                  2000854c    00000030                 : uart.obj (.text:UARTDisable)
                  2000857c    00000030     rtsv7M4_T_le_eabi.lib : vsnprintf.c.obj (.text:_outs)
                  200085ac    0000002e                           : i_tofd_t2.asm.obj (.text)
                  200085da    00000002     --HOLE-- [fill = 0]
                  200085dc    0000002c     driverlib.a : prcm.obj (.text:PRCMSysResetCauseGet)
                  20008608    00000028                 : prcm.obj (.text:PRCMPeripheralClkDisable)
                  20008630    00000028     rtsv7M4_T_le_eabi.lib : memory.c.obj (.text:free_list_insert)
                  20008658    00000028                           : memmov.c.obj (.text:memmove)
                  20008680    00000024     driverlib.a : uart.obj (.text:UARTEnable)
                  200086a4    00000024     rtsv7M4_T_le_eabi.lib : boot_cortex_m.c.obj (.text:_c_int00_noargs:_c_int00_noargs)
                  200086c8    00000022     driverlib.a : gpio.obj (.text:GPIOIntStatus)
                  200086ea    00000022                 : spi.obj (.text:SPIReset)
                  2000870c    00000020                 : gpio.obj (.text:GPIOPinWrite)
                  2000872c    00000020                 : interrupt.obj (.text:IntRegister)
                  2000874c    00000020                 : spi.obj (.text:SPIDataGet)
                  2000876c    0000001e                 : spi.obj (.text:SPIDataPut)
                  2000878a    0000001e                 : uart.obj (.text:UARTCharPut)
                  200087a8    0000001e                 : uart.obj (.text:UARTIntRegister)
                  200087c6    0000001e                 : uart.obj (.text:UARTIntStatus)
                  200087e4    0000001c                 : systick.obj (.text:SysTickIntRegister)
                  20008800    0000001c                 : uart.obj (.text:UARTCharGetNonBlocking)
                  2000881c    0000001c     rtsv7M4_T_le_eabi.lib : copy_zero_init.c.obj (.text:decompress:ZI:__TI_zero_init_nomemset:__TI_zero_init_nomemset)
                  20008838    0000001c                           : memory.c.obj (.text:free_list_remove)
                  20008854    0000001c                           : memccpy.c.obj (.text:memccpy)
                  20008870    0000001a     driverlib.a : pin.obj (.text:PinTypeSPI)
                  2000888a    0000001a                 : pin.obj (.text:PinTypeUART)
                  200088a4    0000001a                 : spi.obj (.text:SPIFIFOEnable)
                  200088be    00000018                 : spi.obj (.text:SPICSDisable)
                  200088d6    00000018                 : spi.obj (.text:SPICSEnable)
                  200088ee    00000018                 : spi.obj (.text:SPIEnable)
                  20008906    00000002     --HOLE-- [fill = 0]
                  20008908    00000018                 : systick.obj (.text:SysTickPeriodSet)
                  20008920    00000018                 : uart.obj (.text:UARTCharsAvail)
                  20008938    00000018                 : uart.obj (.text:UARTIntEnable)
                  20008950    00000018     rtsv7M4_T_le_eabi.lib : vsnprintf.c.obj (.text:_outc)
                  20008968    00000018                           : ll_mul_t2.asm.obj (.text)
                  20008980    00000016     driverlib.a : prcm.obj (.text:PRCMHIBRegRead)
                  20008996    00000016                 : prcm.obj (.text:PRCMHIBRegWrite)
                  200089ac    00000016                 : uart.obj (.text:UARTCharGet)
                  200089c2    00000016                 : uart.obj (.text:UARTFIFOEnable)
                  200089d8    00000016     rtsv7M4_T_le_eabi.lib : strchr.c.obj (.text:strchr)
                  200089ee    00000014     driverlib.a : cpu.obj (.text:CPUcpsie)
                  20008a02    00000014                 : gpio.obj (.text:GPIOIntClear)
                  20008a16    00000002     --HOLE-- [fill = 0]
                  20008a18    00000014                 : interrupt.obj (.text:IntVTableBaseSet)
                  20008a2c    00000014     rtsv7M4_T_le_eabi.lib : strlen.c.obj (.text:strlen)
                  20008a40    00000012     driverlib.a : uart.obj (.text:UARTIntClear)
                  20008a52    00000012     rtsv7M4_T_le_eabi.lib : wcslen.c.obj (.text:wcslen)
                  20008a64    00000010     driverlib.a : systick.obj (.text:SysTickEnable)
                  20008a74    00000010                 : systick.obj (.text:SysTickIntEnable)
                  20008a84    0000000e     rtsv7M4_T_le_eabi.lib : copy_decompress_none.c.obj (.text:decompress:none:__TI_decompress_none)
                  20008a92    0000000e     startup_ccs.obj (.text)
                  20008aa0    0000000c     driverlib.a : systick.obj (.text:SysTickValueGet)
                  20008aac    0000000c     rtsv7M4_T_le_eabi.lib : s_copysign.c.obj (.text:copysign)
                  20008ab8    0000000a     driverlib.a : interrupt.obj (.text:IntMasterEnable)
                  20008ac2    00000002     --HOLE-- [fill = 0]
                  20008ac4    00000008     rtsv7M4_T_le_eabi.lib : errno.c.obj (.text:__aeabi_errno_addr)
                  20008acc    00000008                           : memory.c.obj (.text:malloc)
                  20008ad4    00000006     driverlib.a : utils.obj (.text:UtilsDelay)
                  20008ada    00000004     rtsv7M4_T_le_eabi.lib : pre_init.c.obj (.text:_system_pre_init)
                  20008ade    00000004                           : exit.c.obj (.text:abort:abort)

.const     0    20008ae4    0000089c     
                  20008ae4    000004fb     Adafruit_GFX.obj (.const:.string:font)
                  20008fdf    00000101     rtsv7M4_T_le_eabi.lib : ctype.c.obj (.const:.string:_ctypes_)
                  200090e0    00000100     driverlib.a : pin.obj (.const:g_ulPinToPadMap)
                  200091e0    000000a8                 : prcm.obj (.const:PRCM_PeriphRegsList)
                  20009288    00000066     main.obj (.const:.string)
                  200092ee    00000002     --HOLE-- [fill = 0]
                  200092f0    00000060     main.obj (.const:ir_key_table)
                  20009350    00000018     driverlib.a : interrupt.obj (.const:g_pulEnRegs)
                  20009368    00000010                 : uart.obj (.const:g_ppulUARTIntMap)
                  20009378    00000008     main.obj (.const:infared)

.cinit     0    20009380    00000058     
                  20009380    0000002d     (.cinit..data.load) [load image, compression = lzss]
                  200093ad    00000003     --HOLE-- [fill = 0]
                  200093b0    0000000c     (__TI_handler_table)
                  200093bc    00000004     --HOLE-- [fill = 0]
                  200093c0    00000008     (.cinit..bss.load) [load image, compression = zero_init]
                  200093c8    00000010     (__TI_cinit_table)

.sysmem    0    20017000    00000800     UNINITIALIZED
                  20017000    00000010     rtsv7M4_T_le_eabi.lib : memory.c.obj (.sysmem)
                  20017010    000007f0     --HOLE--

.bss       0    20017800    00000278     UNINITIALIZED
                  20017800    00000274     (.common:cBuff)
                  20017a74    00000004     uart_if.obj (.bss)

.data      0    20017a78    0000006c     UNINITIALIZED
                  20017a78    00000038     main.obj (.data)
                  20017ab0    00000015     Adafruit_GFX.obj (.data)
                  20017ac5    00000003     --HOLE--
                  20017ac8    00000008     rtsv7M4_T_le_eabi.lib : _lock.c.obj (.data:$O1$$)
                  20017ad0    00000008                           : memory.c.obj (.data:$O1$$)
                  20017ad8    00000008     typing.obj (.data)
                  20017ae0    00000004     rtsv7M4_T_le_eabi.lib : errno.c.obj (.data)

.stack     0    2002f800    00000800     UNINITIALIZED
                  2002f800    00000004     rtsv7M4_T_le_eabi.lib : boot_cortex_m.c.obj (.stack)
                  2002f804    000007fc     --HOLE--

__llvm_prf_cnts 
*          0    20017000    00000000     UNINITIALIZED

MODULE SUMMARY

       Module                       code    ro data   rw data
       ------                       ----    -------   -------
    .\
       Adafruit_GFX.obj             2688    1275      21     
       main.obj                     1568    206       684    
       Adafruit_SSD1351.obj         1182    0         0      
       startup_ccs.obj              14      1024      0      
       typing.obj                   636     0         8      
       uart_if.obj                  636     0         4      
       pin_mux_config.obj           376     0         0      
    +--+----------------------------+-------+---------+---------+
       Total:                       7100    2505      717    
                                                             
    C:/ti/CC3200SDK_1.5.0/cc3200-sdk/driverlib/ccs/Release/driverlib.a
       prcm.obj                     800     168       0      
       pin.obj                      300     256       0      
       uart.obj                     498     16        0      
       spi.obj                      354     0         0      
       interrupt.obj                230     24        0      
       gpio.obj                     140     0         0      
       systick.obj                  96      0         0      
       cpu.obj                      20      0         0      
       utils.obj                    6       0         0      
    +--+----------------------------+-------+---------+---------+
       Total:                       2444    464       0      
                                                             
    C:\ti\ccs1250\ccs\tools\compiler\ti-cgt-arm_20.2.7.LTS\lib\rtsv7M4_T_le_eabi.lib
       _printfi.c.obj               4835    0         0      
       memory.c.obj                 900     0         8      
       fd_add_t2.asm.obj            438     0         0      
       fd_div_t2.asm.obj            310     0         0      
       fd_cmp_t2.asm.obj            268     0         0      
       ctype.c.obj                  0       257       0      
       fd_mul_t2.asm.obj            252     0         0      
       s_scalbn.c.obj               208     0         0      
       memcpy_t2.asm.obj            156     0         0      
       ull_div_t2.asm.obj           150     0         0      
       vsnprintf.c.obj              136     0         0      
       memset_t2.asm.obj            122     0         0      
       copy_decompress_lzss.c.obj   104     0         0      
       s_frexp.c.obj                92      0         0      
       _ltoa.c.obj                  84      0         0      
       atoi.c.obj                   76      0         0      
       fd_toi_t2.asm.obj            72      0         0      
       autoinit.c.obj               68      0         0      
       i_tofd_t2.asm.obj            46      0         0      
       memmov.c.obj                 40      0         0      
       boot_cortex_m.c.obj          36      0         0      
       copy_zero_init.c.obj         28      0         0      
       memccpy.c.obj                28      0         0      
       ll_mul_t2.asm.obj            24      0         0      
       strchr.c.obj                 22      0         0      
       strlen.c.obj                 20      0         0      
       wcslen.c.obj                 18      0         0      
       copy_decompress_none.c.obj   14      0         0      
       errno.c.obj                  8       0         4      
       s_copysign.c.obj             12      0         0      
       _lock.c.obj                  2       0         8      
       exit.c.obj                   4       0         0      
       pre_init.c.obj               4       0         0      
       div0.asm.obj                 2       0         0      
    +--+----------------------------+-------+---------+---------+
       Total:                       8579    257       20     
                                                             
       Heap:                        0       0         2048   
       Stack:                       0       0         2048   
       Linker Generated:            0       81        0      
    +--+----------------------------+-------+---------+---------+
       Grand Total:                 18123   3307      4833   


LINKER GENERATED COPY TABLES

__TI_cinit_table @ 200093c8 records: 2, size/record: 8, table size: 16
	.data: load addr=20009380, load size=0000002d bytes, run addr=20017a78, run size=0000006c bytes, compression=lzss
	.bss: load addr=200093c0, load size=00000008 bytes, run addr=20017800, run size=00000278 bytes, compression=zero_init


LINKER GENERATED HANDLER TABLE

__TI_handler_table @ 200093b0 records: 3, size/record: 4, table size: 12
	index: 0, handler: __TI_decompress_lzss
	index: 1, handler: __TI_decompress_none
	index: 2, handler: __TI_zero_init


GLOBAL SYMBOLS: SORTED ALPHABETICALLY BY Name 

address   name                          
-------   ----                          
20005f79  Adafruit_Init                 
20008adf  C$$EXIT                       
200089ef  CPUcpsie                      
2000664d  ClearTerm                     
200060ef  Color565                      
20006657  Error                         
200084e5  GPIODirModeSet                
20008a03  GPIOIntClear                  
200086c9  GPIOIntStatus                 
2000870d  GPIOPinWrite                  
2000668f  GetCmd                        
2000660d  InitTerm                      
20005cbf  InitUartCommunication         
20007a41  IntEnable                     
20008ab9  IntMasterEnable               
2000872d  IntRegister                   
20008a19  IntVTableBaseSet              
2000662b  Message                       
20004dab  Outstr                        
20006e75  PRCMCC3200MCUInit             
20008981  PRCMHIBRegRead                
20008997  PRCMHIBRegWrite               
20008609  PRCMPeripheralClkDisable      
200084a9  PRCMPeripheralClkEnable       
20007cbd  PRCMPeripheralClockGet        
20008179  PRCMPeripheralReset           
200085dd  PRCMSysResetCauseGet          
20007d51  PinConfigSet                  
200083e9  PinModeSet                    
20006fed  PinMuxConfig                  
2000851b  PinTypeGPIO                   
20008871  PinTypeSPI                    
2000888b  PinTypeUART                   
200067cd  Report                        
20008a93  ResetISR                      
200088bf  SPICSDisable                  
200088d7  SPICSEnable                   
20007ae9  SPIConfigSetExpClk            
2000874d  SPIDataGet                    
2000876d  SPIDataPut                    
200088ef  SPIEnable                     
200088a5  SPIFIFOEnable                 
200086eb  SPIReset                      
20008a65  SysTickEnable                 
20008a75  SysTickIntEnable              
200087e5  SysTickIntRegister            
20008909  SysTickPeriodSet              
20008aa1  SysTickValueGet               
20006735  TrimSpace                     
200089ad  UARTCharGet                   
20008801  UARTCharGetNonBlocking        
2000878b  UARTCharPut                   
20008921  UARTCharsAvail                
20007f5f  UARTConfigSetExpClk           
2000854d  UARTDisable                   
20008681  UARTEnable                    
200089c3  UARTFIFOEnable                
20005ce5  UARTISR                       
20008a41  UARTIntClear                  
20008939  UARTIntEnable                 
200087a9  UARTIntRegister               
200087c7  UARTIntStatus                 
20008ad5  UtilsDelay                    
20030000  __STACK_END                   
00000800  __STACK_SIZE                  
00000800  __SYSMEM_SIZE                 
200093c8  __TI_CINIT_Base               
200093d8  __TI_CINIT_Limit              
200093b0  __TI_Handler_Table_Base       
200093bc  __TI_Handler_Table_Limit      
200083a5  __TI_auto_init_nobinit_nopinit
200080b3  __TI_decompress_lzss          
20008a85  __TI_decompress_none          
20008227  __TI_ltoa                     
ffffffff  __TI_pprof_out_hndl           
20004e81  __TI_printfi                  
ffffffff  __TI_prof_data_size           
ffffffff  __TI_prof_data_start          
20009380  __TI_static_base__            
2000881d  __TI_zero_init_nomemset       
20007dd9  __aeabi_cdcmpeq               
20007dd9  __aeabi_cdcmple               
20007e5f  __aeabi_cdrcmple              
20008319  __aeabi_d2iz                  
20006cc7  __aeabi_dadd                  
200072a1  __aeabi_ddiv                  
200075f9  __aeabi_dmul                  
20006cbd  __aeabi_dsub                  
20008ac5  __aeabi_errno_addr            
200085ad  __aeabi_i2d                   
2000638f  __aeabi_idiv0                 
2000638f  __aeabi_ldiv0                 
20008969  __aeabi_lmul                  
20007ee5  __aeabi_memclr                
20007ee5  __aeabi_memclr4               
20007ee5  __aeabi_memclr8               
20007b89  __aeabi_memcpy                
20007b89  __aeabi_memcpy4               
20007b89  __aeabi_memcpy8               
20007ee7  __aeabi_memset                
20007ee7  __aeabi_memset4               
20007ee7  __aeabi_memset8               
20007c25  __aeabi_uldivmod              
ffffffff  __binit__                     
ffffffff  __c_args__                    
UNDEFED   __mpu_init                    
2002f800  __stack                       
20017000  __start___llvm_prf_cnts       
20017000  __stop___llvm_prf_cnts        
200086a5  _c_int00_noargs               
20008fdf  _ctypes_                      
20017ac8  _lock                         
200058cf  _nop                          
20017000  _sys_memory                   
UNDEFED   _system_post_cinit            
20008adb  _system_pre_init              
20017acc  _unlock                       
20008adf  abort                         
200074f9  aligned_alloc                 
200082cd  atoi                          
ffffffff  binit                         
20017aa0  bufferData                    
20017a9c  bufferIntro                   
20017800  cBuff                         
20017a84  charIndex                     
20008aad  copysign                      
20008aad  copysignl                     
20017a94  currentCode                   
20017aac  current_char_timeout          
20017ab0  cursor_x                      
20017ab4  cursor_y                      
20017a7c  delta_log_full                
20017a78  delta_log_idx                 
20004c5f  drawChar                      
20004401  drawCircle                    
20004535  drawCircleHelper              
20006299  drawFastHLine                 
200061fd  drawFastVLine                 
2000477b  drawLine                      
20006335  drawPixel                     
20004867  drawRect                      
200048b5  drawRoundRect                 
20004a1d  drawTriangle                  
20017aa4  edgesDetected                 
20017ae0  errno                         
20004653  fillCircle                    
2000468d  fillCircleHelper              
20006147  fillRect                      
200049a3  fillRoundRect                 
20006131  fillScreen                    
20004a5f  fillTriangle                  
200076f5  free                          
2000811d  frexp                         
2000811d  frexpl                        
20004000  g_pfnVectors                  
200060ab  goTo                          
20004e5f  height                        
20006373  invert                        
200058df  ir_lookup                     
20005b55  keyMappingTest                
20017a98  lastCode                      
200078bd  ldexp                         
200078bd  ldexpl                        
20005d31  main                          
20008acd  malloc                        
200074f9  memalign                      
20008855  memccpy                       
20007b89  memcpy                        
20008659  memmove                       
20007eed  memset                        
20017a80  messageIndex                  
20017a88  newCharSet                    
20017a90  newValueSet                   
200065f5  nextChar                      
200077d9  realloc                       
200078bd  scalbn                        
200078bd  scalbnl                       
20006391  setChar                       
20004df7  setCursor                     
20004e2f  setTextColor                  
20004e0f  setTextSize                   
20004e47  setTextWrap                   
200089d9  strchr                        
20008a2d  strlen                        
20017a8c  systick_cnt                   
20017ac0  textbgcolor                   
20017abc  textcolor                     
20017ab8  textsize                      
20017aa8  typing                        
20008429  vsnprintf                     
20008a53  wcslen                        
20004e5b  width                         
20017ac4  wrap                          
20005ef1  writeCommand                  
20005f35  writeData                     


GLOBAL SYMBOLS: SORTED BY Symbol Address 

address   name                          
-------   ----                          
00000800  __STACK_SIZE                  
00000800  __SYSMEM_SIZE                 
20004000  g_pfnVectors                  
20004401  drawCircle                    
20004535  drawCircleHelper              
20004653  fillCircle                    
2000468d  fillCircleHelper              
2000477b  drawLine                      
20004867  drawRect                      
200048b5  drawRoundRect                 
200049a3  fillRoundRect                 
20004a1d  drawTriangle                  
20004a5f  fillTriangle                  
20004c5f  drawChar                      
20004dab  Outstr                        
20004df7  setCursor                     
20004e0f  setTextSize                   
20004e2f  setTextColor                  
20004e47  setTextWrap                   
20004e5b  width                         
20004e5f  height                        
20004e81  __TI_printfi                  
200058cf  _nop                          
200058df  ir_lookup                     
20005b55  keyMappingTest                
20005cbf  InitUartCommunication         
20005ce5  UARTISR                       
20005d31  main                          
20005ef1  writeCommand                  
20005f35  writeData                     
20005f79  Adafruit_Init                 
200060ab  goTo                          
200060ef  Color565                      
20006131  fillScreen                    
20006147  fillRect                      
200061fd  drawFastVLine                 
20006299  drawFastHLine                 
20006335  drawPixel                     
20006373  invert                        
2000638f  __aeabi_idiv0                 
2000638f  __aeabi_ldiv0                 
20006391  setChar                       
200065f5  nextChar                      
2000660d  InitTerm                      
2000662b  Message                       
2000664d  ClearTerm                     
20006657  Error                         
2000668f  GetCmd                        
20006735  TrimSpace                     
200067cd  Report                        
20006cbd  __aeabi_dsub                  
20006cc7  __aeabi_dadd                  
20006e75  PRCMCC3200MCUInit             
20006fed  PinMuxConfig                  
200072a1  __aeabi_ddiv                  
200074f9  aligned_alloc                 
200074f9  memalign                      
200075f9  __aeabi_dmul                  
200076f5  free                          
200077d9  realloc                       
200078bd  ldexp                         
200078bd  ldexpl                        
200078bd  scalbn                        
200078bd  scalbnl                       
20007a41  IntEnable                     
20007ae9  SPIConfigSetExpClk            
20007b89  __aeabi_memcpy                
20007b89  __aeabi_memcpy4               
20007b89  __aeabi_memcpy8               
20007b89  memcpy                        
20007c25  __aeabi_uldivmod              
20007cbd  PRCMPeripheralClockGet        
20007d51  PinConfigSet                  
20007dd9  __aeabi_cdcmpeq               
20007dd9  __aeabi_cdcmple               
20007e5f  __aeabi_cdrcmple              
20007ee5  __aeabi_memclr                
20007ee5  __aeabi_memclr4               
20007ee5  __aeabi_memclr8               
20007ee7  __aeabi_memset                
20007ee7  __aeabi_memset4               
20007ee7  __aeabi_memset8               
20007eed  memset                        
20007f5f  UARTConfigSetExpClk           
200080b3  __TI_decompress_lzss          
2000811d  frexp                         
2000811d  frexpl                        
20008179  PRCMPeripheralReset           
20008227  __TI_ltoa                     
200082cd  atoi                          
20008319  __aeabi_d2iz                  
200083a5  __TI_auto_init_nobinit_nopinit
200083e9  PinModeSet                    
20008429  vsnprintf                     
200084a9  PRCMPeripheralClkEnable       
200084e5  GPIODirModeSet                
2000851b  PinTypeGPIO                   
2000854d  UARTDisable                   
200085ad  __aeabi_i2d                   
200085dd  PRCMSysResetCauseGet          
20008609  PRCMPeripheralClkDisable      
20008659  memmove                       
20008681  UARTEnable                    
200086a5  _c_int00_noargs               
200086c9  GPIOIntStatus                 
200086eb  SPIReset                      
2000870d  GPIOPinWrite                  
2000872d  IntRegister                   
2000874d  SPIDataGet                    
2000876d  SPIDataPut                    
2000878b  UARTCharPut                   
200087a9  UARTIntRegister               
200087c7  UARTIntStatus                 
200087e5  SysTickIntRegister            
20008801  UARTCharGetNonBlocking        
2000881d  __TI_zero_init_nomemset       
20008855  memccpy                       
20008871  PinTypeSPI                    
2000888b  PinTypeUART                   
200088a5  SPIFIFOEnable                 
200088bf  SPICSDisable                  
200088d7  SPICSEnable                   
200088ef  SPIEnable                     
20008909  SysTickPeriodSet              
20008921  UARTCharsAvail                
20008939  UARTIntEnable                 
20008969  __aeabi_lmul                  
20008981  PRCMHIBRegRead                
20008997  PRCMHIBRegWrite               
200089ad  UARTCharGet                   
200089c3  UARTFIFOEnable                
200089d9  strchr                        
200089ef  CPUcpsie                      
20008a03  GPIOIntClear                  
20008a19  IntVTableBaseSet              
20008a2d  strlen                        
20008a41  UARTIntClear                  
20008a53  wcslen                        
20008a65  SysTickEnable                 
20008a75  SysTickIntEnable              
20008a85  __TI_decompress_none          
20008a93  ResetISR                      
20008aa1  SysTickValueGet               
20008aad  copysign                      
20008aad  copysignl                     
20008ab9  IntMasterEnable               
20008ac5  __aeabi_errno_addr            
20008acd  malloc                        
20008ad5  UtilsDelay                    
20008adb  _system_pre_init              
20008adf  C$$EXIT                       
20008adf  abort                         
20008fdf  _ctypes_                      
20009380  __TI_static_base__            
200093b0  __TI_Handler_Table_Base       
200093bc  __TI_Handler_Table_Limit      
200093c8  __TI_CINIT_Base               
200093d8  __TI_CINIT_Limit              
20017000  __start___llvm_prf_cnts       
20017000  __stop___llvm_prf_cnts        
20017000  _sys_memory                   
20017800  cBuff                         
20017a78  delta_log_idx                 
20017a7c  delta_log_full                
20017a80  messageIndex                  
20017a84  charIndex                     
20017a88  newCharSet                    
20017a8c  systick_cnt                   
20017a90  newValueSet                   
20017a94  currentCode                   
20017a98  lastCode                      
20017a9c  bufferIntro                   
20017aa0  bufferData                    
20017aa4  edgesDetected                 
20017aa8  typing                        
20017aac  current_char_timeout          
20017ab0  cursor_x                      
20017ab4  cursor_y                      
20017ab8  textsize                      
20017abc  textcolor                     
20017ac0  textbgcolor                   
20017ac4  wrap                          
20017ac8  _lock                         
20017acc  _unlock                       
20017ae0  errno                         
2002f800  __stack                       
20030000  __STACK_END                   
ffffffff  __TI_pprof_out_hndl           
ffffffff  __TI_prof_data_size           
ffffffff  __TI_prof_data_start          
ffffffff  __binit__                     
ffffffff  __c_args__                    
ffffffff  binit                         
UNDEFED   __mpu_init                    
UNDEFED   _system_post_cinit            

[195 symbols]
