******************************************************************************
                  TI ARM Linker PC v20.2.7                     
******************************************************************************
>> Linked Fri Feb 20 15:20:25 2026

OUTPUT FILE NAME:   <spi_demo.out>
ENTRY POINT SYMBOL: "_c_int00_noargs"  address: 200119bd


MEMORY CONFIGURATION

         name            origin    length      used     unused   attr    fill
----------------------  --------  ---------  --------  --------  ----  --------
  SRAM_CODE             20004000   00013000  0000de86  0000517a  RW X
  SRAM_DATA             20017000   00019000  00001324  00017cdc  RW X


SEGMENT ALLOCATION MAP

run origin  load origin   length   init length attrs members
----------  ----------- ---------- ----------- ----- -------
20004000    20004000    0000de88   0000de88    r-x
  20004000    20004000    00000400   00000400    r-- .intvecs
  20004400    20004400    00008284   00008284    r-- .const
  2000c684    2000c684    000057b2   000057b2    r-x .text
  20011e38    20011e38    00000050   00000050    r-- .cinit
20017000    20017000    00000b24   00000000    rw-
  20017000    20017000    00000800   00000000    rw- .sysmem
  20017800    20017800    000002a4   00000000    rw- .bss
  20017aa4    20017aa4    00000080   00000000    rw- .data
2002f800    2002f800    00000800   00000000    rw-
  2002f800    2002f800    00000800   00000000    rw- .stack


SECTION ALLOCATION MAP

 output                                  attributes/
section   page    origin      length       input sections
--------  ----  ----------  ----------   ----------------
.intvecs   0    20004000    00000400     
                  20004000    00000400     startup_ccs.obj (.intvecs)

.init_array 
*          0    20004000    00000000     UNINITIALIZED

.const     0    20004400    00008284     
                  20004400    00002580     main.obj (.const:failure)
                  20006980    00002580     main.obj (.const:gallow)
                  20008f00    00002580     main.obj (.const:victory)
                  2000b480    000004fb     Adafruit_GFX.obj (.const:.string:font)
                  2000b97b    000004fb     oled_test.obj (.const:.string:font)
                  2000be76    00000002     --HOLE-- [fill = 0]
                  2000be78    00000190     main.obj (.const:left_leg)
                  2000c008    00000190     main.obj (.const:right_leg)
                  2000c198    00000101     rtsv7M4_T_le_eabi.lib : ctype.c.obj (.const:.string:_ctypes_)
                  2000c299    00000003     --HOLE-- [fill = 0]
                  2000c29c    00000100     driverlib.a : pin.obj (.const:g_ulPinToPadMap)
                  2000c39c    00000100     main.obj (.const:head)
                  2000c49c    000000a8     driverlib.a : prcm.obj (.const:PRCM_PeriphRegsList)
                  2000c544    00000066     main.obj (.const:.string)
                  2000c5aa    00000002     --HOLE-- [fill = 0]
                  2000c5ac    00000060     main.obj (.const:ir_key_table)
                  2000c60c    00000028     main.obj (.const:body)
                  2000c634    00000020     main.obj (.const:arm)
                  2000c654    00000018     driverlib.a : interrupt.obj (.const:g_pulEnRegs)
                  2000c66c    00000010                 : uart.obj (.const:g_ppulUARTIntMap)
                  2000c67c    00000008     main.obj (.const:infared)

.text      0    2000c684    000057b2     
                  2000c684    00000b20     main.obj (.text)
                  2000d1a4    00000a80     Adafruit_GFX.obj (.text)
                  2000dc24    00000a78     oled_test.obj (.text)
                  2000e69c    00000a4e     rtsv7M4_T_le_eabi.lib : _printfi.c.obj (.text:__TI_printfi)
                  2000f0ea    00000002                           : _lock.c.obj (.text:_nop)
                  2000f0ec    0000049e     Adafruit_SSD1351.obj (.text)
                  2000f58a    00000002     rtsv7M4_T_le_eabi.lib : div0.asm.obj (.text)
                  2000f58c    0000027c     typing.obj (.text)
                  2000f808    0000027c     uart_if.obj (.text)
                  2000fa84    00000268     rtsv7M4_T_le_eabi.lib : _printfi.c.obj (.text:_pconv_a)
                  2000fcec    000001cc                           : _printfi.c.obj (.text:_pconv_g)
                  2000feb8    000001b6                           : fd_add_t2.asm.obj (.text)
                  2001006e    00000002     --HOLE-- [fill = 0]
                  20010070    00000178     driverlib.a : prcm.obj (.text:PRCMCC3200MCUInit)
                  200101e8    00000168     pin_mux_config.obj (.text)
                  20010350    0000013c     rtsv7M4_T_le_eabi.lib : _printfi.c.obj (.text:_pconv_e)
                  2001048c    00000136                           : fd_div_t2.asm.obj (.text)
                  200105c2    00000002     --HOLE-- [fill = 0]
                  200105c4    00000120                           : _printfi.c.obj (.text:fcvt)
                  200106e4    00000100                           : memory.c.obj (.text:aligned_alloc)
                  200107e4    000000fc                           : fd_mul_t2.asm.obj (.text)
                  200108e0    000000e4                           : memory.c.obj (.text:free)
                  200109c4    000000e4                           : memory.c.obj (.text:realloc)
                  20010aa8    000000d0                           : s_scalbn.c.obj (.text:scalbn)
                  20010b78    000000b1                           : _printfi.c.obj (.text:_ltostr)
                  20010c29    00000003     --HOLE-- [fill = 0]
                  20010c2c    000000a8     driverlib.a : interrupt.obj (.text:IntEnable)
                  20010cd4    000000a0                 : spi.obj (.text:SPIConfigSetExpClk)
                  20010d74    0000009c     rtsv7M4_T_le_eabi.lib : memcpy_t2.asm.obj (.text)
                  20010e10    00000096                           : ull_div_t2.asm.obj (.text)
                  20010ea6    00000002     --HOLE-- [fill = 0]
                  20010ea8    00000094     driverlib.a : prcm.obj (.text:PRCMPeripheralClockGet)
                  20010f3c    00000088                 : pin.obj (.text:PinConfigSet)
                  20010fc4    00000086     rtsv7M4_T_le_eabi.lib : fd_cmp_t2.asm.obj (.text:__aeabi_cdcmple)
                  2001104a    00000086                           : fd_cmp_t2.asm.obj (.text:__aeabi_cdrcmple)
                  200110d0    00000082     driverlib.a : gpio.obj (.text:GPIOIntTypeSet)
                  20011152    0000007a     rtsv7M4_T_le_eabi.lib : memset_t2.asm.obj (.text)
                  200111cc    00000076     driverlib.a : uart.obj (.text:UARTConfigSetExpClk)
                  20011242    00000002     --HOLE-- [fill = 0]
                  20011244    00000070     rtsv7M4_T_le_eabi.lib : memory.c.obj (.text:split)
                  200112b4    0000006e                           : _printfi.c.obj (.text:_mcpy)
                  20011322    00000068                           : copy_decompress_lzss.c.obj (.text:decompress:lzss:__TI_decompress_lzss)
                  2001138a    00000002     --HOLE-- [fill = 0]
                  2001138c    00000060     systick_utils.obj (.text)
                  200113ec    0000005c     rtsv7M4_T_le_eabi.lib : s_frexp.c.obj (.text:frexp)
                  20011448    00000058     driverlib.a : prcm.obj (.text:PRCMPeripheralReset)
                  200114a0    00000056     rtsv7M4_T_le_eabi.lib : _printfi.c.obj (.text:_pconv_f)
                  200114f6    00000054                           : _ltoa.c.obj (.text:__TI_ltoa)
                  2001154a    00000052                           : _printfi.c.obj (.text:_ecpy)
                  2001159c    0000004c                           : atoi.c.obj (.text:atoi)
                  200115e8    00000048     driverlib.a : gpio.obj (.text:GPIOGetIntNumber)
                  20011630    00000048     rtsv7M4_T_le_eabi.lib : fd_toi_t2.asm.obj (.text)
                  20011678    00000044     driverlib.a : uart.obj (.text:UARTIntNumberGet)
                  200116bc    00000044     rtsv7M4_T_le_eabi.lib : autoinit.c.obj (.text:__TI_auto_init_nobinit_nopinit:__TI_auto_init_nobinit_nopinit)
                  20011700    00000040     driverlib.a : pin.obj (.text:PinModeSet)
                  20011740    00000040     rtsv7M4_T_le_eabi.lib : vsnprintf.c.obj (.text:vsnprintf)
                  20011780    0000003e                           : _printfi.c.obj (.text:_fcpy)
                  200117be    00000002     --HOLE-- [fill = 0]
                  200117c0    0000003c     driverlib.a : prcm.obj (.text:PRCMPeripheralClkEnable)
                  200117fc    00000036                 : gpio.obj (.text:GPIODirModeSet)
                  20011832    00000030                 : pin.obj (.text:PinTypeGPIO)
                  20011862    00000002     --HOLE-- [fill = 0]
                  20011864    00000030                 : uart.obj (.text:UARTDisable)
                  20011894    00000030     rtsv7M4_T_le_eabi.lib : vsnprintf.c.obj (.text:_outs)
                  200118c4    0000002e                           : i_tofd_t2.asm.obj (.text)
                  200118f2    00000002     --HOLE-- [fill = 0]
                  200118f4    0000002c     driverlib.a : prcm.obj (.text:PRCMSysResetCauseGet)
                  20011920    00000028                 : prcm.obj (.text:PRCMPeripheralClkDisable)
                  20011948    00000028     rtsv7M4_T_le_eabi.lib : memory.c.obj (.text:free_list_insert)
                  20011970    00000028                           : memmov.c.obj (.text:memmove)
                  20011998    00000024     driverlib.a : uart.obj (.text:UARTEnable)
                  200119bc    00000024     rtsv7M4_T_le_eabi.lib : boot_cortex_m.c.obj (.text:_c_int00_noargs:_c_int00_noargs)
                  200119e0    00000022     driverlib.a : gpio.obj (.text:GPIOIntStatus)
                  20011a02    00000022                 : spi.obj (.text:SPIReset)
                  20011a24    00000020                 : gpio.obj (.text:GPIOPinWrite)
                  20011a44    00000020                 : interrupt.obj (.text:IntRegister)
                  20011a64    00000020                 : spi.obj (.text:SPIDataGet)
                  20011a84    0000001e                 : gpio.obj (.text:GPIOIntRegister)
                  20011aa2    0000001e                 : spi.obj (.text:SPIDataPut)
                  20011ac0    0000001e                 : uart.obj (.text:UARTCharPut)
                  20011ade    0000001e                 : uart.obj (.text:UARTIntRegister)
                  20011afc    0000001e                 : uart.obj (.text:UARTIntStatus)
                  20011b1a    00000002     --HOLE-- [fill = 0]
                  20011b1c    0000001c                 : systick.obj (.text:SysTickIntRegister)
                  20011b38    0000001c                 : uart.obj (.text:UARTCharGetNonBlocking)
                  20011b54    0000001c     rtsv7M4_T_le_eabi.lib : copy_zero_init.c.obj (.text:decompress:ZI:__TI_zero_init_nomemset:__TI_zero_init_nomemset)
                  20011b70    0000001c                           : memory.c.obj (.text:free_list_remove)
                  20011b8c    0000001c                           : memccpy.c.obj (.text:memccpy)
                  20011ba8    0000001a     driverlib.a : gpio.obj (.text:GPIOIntEnable)
                  20011bc2    0000001a                 : pin.obj (.text:PinTypeSPI)
                  20011bdc    0000001a                 : pin.obj (.text:PinTypeUART)
                  20011bf6    0000001a                 : spi.obj (.text:SPIFIFOEnable)
                  20011c10    00000018                 : spi.obj (.text:SPICSDisable)
                  20011c28    00000018                 : spi.obj (.text:SPICSEnable)
                  20011c40    00000018                 : spi.obj (.text:SPIEnable)
                  20011c58    00000018                 : systick.obj (.text:SysTickPeriodSet)
                  20011c70    00000018                 : uart.obj (.text:UARTCharsAvail)
                  20011c88    00000018                 : uart.obj (.text:UARTIntEnable)
                  20011ca0    00000018     rtsv7M4_T_le_eabi.lib : vsnprintf.c.obj (.text:_outc)
                  20011cb8    00000018                           : ll_mul_t2.asm.obj (.text)
                  20011cd0    00000016     driverlib.a : prcm.obj (.text:PRCMHIBRegRead)
                  20011ce6    00000016                 : prcm.obj (.text:PRCMHIBRegWrite)
                  20011cfc    00000016                 : uart.obj (.text:UARTFIFOEnable)
                  20011d12    00000016     rtsv7M4_T_le_eabi.lib : strchr.c.obj (.text:strchr)
                  20011d28    00000014     driverlib.a : cpu.obj (.text:CPUcpsid)
                  20011d3c    00000014                 : cpu.obj (.text:CPUcpsie)
                  20011d50    00000014                 : gpio.obj (.text:GPIOIntClear)
                  20011d64    00000014                 : interrupt.obj (.text:IntVTableBaseSet)
                  20011d78    00000014     rtsv7M4_T_le_eabi.lib : strlen.c.obj (.text:strlen)
                  20011d8c    00000012     driverlib.a : uart.obj (.text:UARTIntClear)
                  20011d9e    00000012     rtsv7M4_T_le_eabi.lib : wcslen.c.obj (.text:wcslen)
                  20011db0    00000010     driverlib.a : systick.obj (.text:SysTickEnable)
                  20011dc0    00000010                 : systick.obj (.text:SysTickIntEnable)
                  20011dd0    0000000e     rtsv7M4_T_le_eabi.lib : copy_decompress_none.c.obj (.text:decompress:none:__TI_decompress_none)
                  20011dde    0000000e     startup_ccs.obj (.text)
                  20011dec    0000000c     driverlib.a : systick.obj (.text:SysTickValueGet)
                  20011df8    0000000c     rtsv7M4_T_le_eabi.lib : s_copysign.c.obj (.text:copysign)
                  20011e04    0000000a     driverlib.a : interrupt.obj (.text:IntMasterDisable)
                  20011e0e    0000000a                 : interrupt.obj (.text:IntMasterEnable)
                  20011e18    00000008     rtsv7M4_T_le_eabi.lib : errno.c.obj (.text:__aeabi_errno_addr)
                  20011e20    00000008                           : memory.c.obj (.text:malloc)
                  20011e28    00000006     driverlib.a : utils.obj (.text:UtilsDelay)
                  20011e2e    00000004     rtsv7M4_T_le_eabi.lib : pre_init.c.obj (.text:_system_pre_init)
                  20011e32    00000004                           : exit.c.obj (.text:abort:abort)

.cinit     0    20011e38    00000050     
                  20011e38    0000002b     (.cinit..data.load) [load image, compression = lzss]
                  20011e63    00000001     --HOLE-- [fill = 0]
                  20011e64    0000000c     (__TI_handler_table)
                  20011e70    00000008     (.cinit..bss.load) [load image, compression = zero_init]
                  20011e78    00000010     (__TI_cinit_table)

.sysmem    0    20017000    00000800     UNINITIALIZED
                  20017000    00000010     rtsv7M4_T_le_eabi.lib : memory.c.obj (.sysmem)
                  20017010    000007f0     --HOLE--

.bss       0    20017800    000002a4     UNINITIALIZED
                  20017800    00000274     (.common:cBuff)
                  20017a74    00000014     (.common:guessState)
                  20017a88    00000014     (.common:word)
                  20017a9c    00000004     uart_if.obj (.bss)
                  20017aa0    00000004     (.common:status)

.data      0    20017aa4    00000080     UNINITIALIZED
                  20017aa4    00000048     main.obj (.data)
                  20017aec    00000015     Adafruit_GFX.obj (.data)
                  20017b01    00000003     --HOLE--
                  20017b04    00000008     rtsv7M4_T_le_eabi.lib : _lock.c.obj (.data:$O1$$)
                  20017b0c    00000008                           : memory.c.obj (.data:$O1$$)
                  20017b14    00000008     typing.obj (.data)
                  20017b1c    00000004     rtsv7M4_T_le_eabi.lib : errno.c.obj (.data)
                  20017b20    00000004     systick_utils.obj (.data)

.stack     0    2002f800    00000800     UNINITIALIZED
                  2002f800    00000004     rtsv7M4_T_le_eabi.lib : boot_cortex_m.c.obj (.stack)
                  2002f804    000007fc     --HOLE--

__llvm_prf_cnts 
*          0    20017000    00000000     UNINITIALIZED

MODULE SUMMARY

       Module                       code    ro data   rw data
       ------                       ----    -------   -------
    .\
       main.obj                     2848    30134     744    
       Adafruit_GFX.obj             2688    1275      21     
       oled_test.obj                2680    1275      0      
       Adafruit_SSD1351.obj         1182    0         0      
       startup_ccs.obj              14      1024      0      
       typing.obj                   636     0         8      
       uart_if.obj                  636     0         4      
       pin_mux_config.obj           360     0         0      
       systick_utils.obj            96      0         4      
    +--+----------------------------+-------+---------+---------+
       Total:                       11140   33708     781    
                                                             
    C:/ti/CC3200SDK_1.5.0/cc3200-sdk/driverlib/ccs/Release/driverlib.a
       prcm.obj                     800     168       0      
       pin.obj                      300     256       0      
       uart.obj                     476     16        0      
       gpio.obj                     398     0         0      
       spi.obj                      354     0         0      
       interrupt.obj                240     24        0      
       systick.obj                  96      0         0      
       cpu.obj                      40      0         0      
       utils.obj                    6       0         0      
    +--+----------------------------+-------+---------+---------+
       Total:                       2710    464       0      
                                                             
    C:\ti\ccs1250\ccs\tools\compiler\ti-cgt-arm_20.2.7.LTS\lib\rtsv7M4_T_le_eabi.lib
       _printfi.c.obj               4835    0         0      
       memory.c.obj                 900     0         8      
       fd_add_t2.asm.obj            438     0         0      
       fd_div_t2.asm.obj            310     0         0      
       fd_cmp_t2.asm.obj            268     0         0      
       ctype.c.obj                  0       257       0      
       fd_mul_t2.asm.obj            252     0         0      
       s_scalbn.c.obj               208     0         0      
       memcpy_t2.asm.obj            156     0         0      
       ull_div_t2.asm.obj           150     0         0      
       vsnprintf.c.obj              136     0         0      
       memset_t2.asm.obj            122     0         0      
       copy_decompress_lzss.c.obj   104     0         0      
       s_frexp.c.obj                92      0         0      
       _ltoa.c.obj                  84      0         0      
       atoi.c.obj                   76      0         0      
       fd_toi_t2.asm.obj            72      0         0      
       autoinit.c.obj               68      0         0      
       i_tofd_t2.asm.obj            46      0         0      
       memmov.c.obj                 40      0         0      
       boot_cortex_m.c.obj          36      0         0      
       copy_zero_init.c.obj         28      0         0      
       memccpy.c.obj                28      0         0      
       ll_mul_t2.asm.obj            24      0         0      
       strchr.c.obj                 22      0         0      
       strlen.c.obj                 20      0         0      
       wcslen.c.obj                 18      0         0      
       copy_decompress_none.c.obj   14      0         0      
       errno.c.obj                  8       0         4      
       s_copysign.c.obj             12      0         0      
       _lock.c.obj                  2       0         8      
       exit.c.obj                   4       0         0      
       pre_init.c.obj               4       0         0      
       div0.asm.obj                 2       0         0      
    +--+----------------------------+-------+---------+---------+
       Total:                       8579    257       20     
                                                             
       Heap:                        0       0         2048   
       Stack:                       0       0         2048   
       Linker Generated:            0       79        0      
    +--+----------------------------+-------+---------+---------+
       Grand Total:                 22429   34508     4897   


LINKER GENERATED COPY TABLES

__TI_cinit_table @ 20011e78 records: 2, size/record: 8, table size: 16
	.data: load addr=20011e38, load size=0000002b bytes, run addr=20017aa4, run size=00000080 bytes, compression=lzss
	.bss: load addr=20011e70, load size=00000008 bytes, run addr=20017800, run size=000002a4 bytes, compression=zero_init


LINKER GENERATED HANDLER TABLE

__TI_handler_table @ 20011e64 records: 3, size/record: 4, table size: 12
	index: 0, handler: __TI_decompress_lzss
	index: 1, handler: __TI_decompress_none
	index: 2, handler: __TI_zero_init


GLOBAL SYMBOLS: SORTED ALPHABETICALLY BY Name 

address   name                          
-------   ----                          
2000f175  Adafruit_Init                 
20011e33  C$$EXIT                       
20011d29  CPUcpsid                      
20011d3d  CPUcpsie                      
2000f849  ClearTerm                     
2000f2eb  Color565                      
2000f853  Error                         
200117fd  GPIODirModeSet                
20011d51  GPIOIntClear                  
20011ba9  GPIOIntEnable                 
20011a85  GPIOIntRegister               
200119e1  GPIOIntStatus                 
200110d1  GPIOIntTypeSet                
20011a25  GPIOPinWrite                  
2000f88b  GetCmd                        
2000f809  InitTerm                      
2000cc05  InitUartCommunication         
20010c2d  IntEnable                     
20011e05  IntMasterDisable              
20011e0f  IntMasterEnable               
20011a45  IntRegister                   
20011d65  IntVTableBaseSet              
2000f827  Message                       
2000db4f  Outstr                        
20010071  PRCMCC3200MCUInit             
20011cd1  PRCMHIBRegRead                
20011ce7  PRCMHIBRegWrite               
20011921  PRCMPeripheralClkDisable      
200117c1  PRCMPeripheralClkEnable       
20010ea9  PRCMPeripheralClockGet        
20011449  PRCMPeripheralReset           
200118f5  PRCMSysResetCauseGet          
20010f3d  PinConfigSet                  
20011701  PinModeSet                    
200101e9  PinMuxConfig                  
20011833  PinTypeGPIO                   
20011bc3  PinTypeSPI                    
20011bdd  PinTypeUART                   
2000f9c9  Report                        
20011ddf  ResetISR                      
20011c11  SPICSDisable                  
20011c29  SPICSEnable                   
20010cd5  SPIConfigSetExpClk            
20011a65  SPIDataGet                    
20011aa3  SPIDataPut                    
20011c41  SPIEnable                     
20011bf7  SPIFIFOEnable                 
20011a03  SPIReset                      
20011db1  SysTickEnable                 
200113bb  SysTickInit                   
20011dc1  SysTickIntEnable              
20011b1d  SysTickIntRegister            
20011c59  SysTickPeriodSet              
200113ad  SysTickReset                  
20011ded  SysTickValueGet               
2000f931  TrimSpace                     
20011b39  UARTCharGetNonBlocking        
20011ac1  UARTCharPut                   
20011c71  UARTCharsAvail                
200111cd  UARTConfigSetExpClk           
20011865  UARTDisable                   
20011999  UARTEnable                    
20011cfd  UARTFIFOEnable                
2000cbb1  UARTISR                       
20011d8d  UARTIntClear                  
20011c89  UARTIntEnable                 
20011adf  UARTIntRegister               
20011afd  UARTIntStatus                 
20011e29  UtilsDelay                    
20030000  __STACK_END                   
00000800  __STACK_SIZE                  
00000800  __SYSMEM_SIZE                 
20011e78  __TI_CINIT_Base               
20011e88  __TI_CINIT_Limit              
20011e64  __TI_Handler_Table_Base       
20011e70  __TI_Handler_Table_Limit      
200116bd  __TI_auto_init_nobinit_nopinit
20011323  __TI_decompress_lzss          
20011dd1  __TI_decompress_none          
200114f7  __TI_ltoa                     
ffffffff  __TI_pprof_out_hndl           
2000e69d  __TI_printfi                  
ffffffff  __TI_prof_data_size           
ffffffff  __TI_prof_data_start          
20011e38  __TI_static_base__            
20011b55  __TI_zero_init_nomemset       
20010fc5  __aeabi_cdcmpeq               
20010fc5  __aeabi_cdcmple               
2001104b  __aeabi_cdrcmple              
20011631  __aeabi_d2iz                  
2000fec3  __aeabi_dadd                  
2001048d  __aeabi_ddiv                  
200107e5  __aeabi_dmul                  
2000feb9  __aeabi_dsub                  
20011e19  __aeabi_errno_addr            
200118c5  __aeabi_i2d                   
2000f58b  __aeabi_idiv0                 
2000f58b  __aeabi_ldiv0                 
20011cb9  __aeabi_lmul                  
20011153  __aeabi_memclr                
20011153  __aeabi_memclr4               
20011153  __aeabi_memclr8               
20010d75  __aeabi_memcpy                
20010d75  __aeabi_memcpy4               
20010d75  __aeabi_memcpy8               
20011155  __aeabi_memset                
20011155  __aeabi_memset4               
20011155  __aeabi_memset8               
20010e11  __aeabi_uldivmod              
ffffffff  __binit__                     
ffffffff  __c_args__                    
UNDEFED   __mpu_init                    
2002f800  __stack                       
20017000  __start___llvm_prf_cnts       
20017000  __stop___llvm_prf_cnts        
200119bd  _c_int00_noargs               
2000c198  _ctypes_                      
20017b04  _lock                         
2000f0eb  _nop                          
20017000  _sys_memory                   
UNDEFED   _system_post_cinit            
20011e2f  _system_pre_init              
20017b08  _unlock                       
20011e33  abort                         
200106e5  aligned_alloc                 
2000e3ed  alphabet                      
2000cc85  answerReveal                  
2000c634  arm                           
2001159d  atoi                          
ffffffff  binit                         
2000c60c  body                          
20017acc  bufferData                    
20017ac8  bufferIntro                   
20017800  cBuff                         
20017ab0  charIndex                     
20011df9  copysign                      
20011df9  copysignl                     
20017ae0  correctIndex                  
20017ac0  currentCode                   
20017ab8  current_char_timeout          
20017aec  cursor_x                      
20017af0  cursor_y                      
2000da03  drawChar                      
2000d1a5  drawCircle                    
2000d2d9  drawCircleHelper              
2000e369  drawDialogueChoices           
2000f495  drawFastHLine                 
2000f3f9  drawFastVLine                 
2000d51f  drawLine                      
2000f531  drawPixel                     
2000e475  drawPixelArt                  
2000d60b  drawRect                      
2000d659  drawRoundRect                 
2000d7c1  drawTriangle                  
20017ad0  edgesDetected                 
20017b1c  errno                         
20004400  failure                       
2000d3f7  fillCircle                    
2000d431  fillCircleHelper              
2000f343  fillRect                      
2000d747  fillRoundRect                 
2000f32d  fillScreen                    
2000d803  fillTriangle                  
200108e1  free                          
200113ed  frexp                         
200113ed  frexpl                        
20004000  g_pfnVectors                  
20006980  gallow                        
20017ad8  game_state                    
2000f2a7  goTo                          
20017ae4  guess                         
20017a74  guessState                    
2000cd65  hang_man_game                 
2000c39c  head                          
2000dc03  height                        
2000e337  helloworld                    
2000e4eb  horizontallines               
2000f56f  invert                        
2000c685  ir_lookup                     
2000c98d  keyMappingTest                
20017ac4  lastCode                      
2000e197  lcdTestPattern                
2000e267  lcdTestPattern2               
20010aa9  ldexp                         
20010aa9  ldexpl                        
2000be78  left_leg                      
2000d009  main                          
20011e21  malloc                        
200106e5  memalign                      
20011b8d  memccpy                       
20010d75  memcpy                        
20011971  memmove                       
2001115b  memset                        
20017aa4  messageIndex                  
20017ae8  misses                        
20017ab4  newCharSet                    
20017abc  newValueSet                   
2000f7f1  nextChar                      
20017adc  numLetters                    
200109c5  realloc                       
2000c008  right_leg                     
20017aac  rx_read                       
20017aa8  rx_write                      
20010aa9  scalbn                        
20010aa9  scalbnl                       
2000f58d  setChar                       
2000db9b  setCursor                     
2000dbd3  setTextColor                  
2000dbb3  setTextSize                   
2000dbeb  setTextWrap                   
20017aa0  status                        
20011d13  strchr                        
20011d79  strlen                        
20017b20  systick_cnt                   
2000de5b  testdrawcircles               
2000dccb  testdrawrects                 
2000dc59  testfastlines                 
2000dde9  testfillcircles               
2000dd2b  testfillrects                 
2000dfc9  testlines                     
2000df57  testroundrects                
2000ded5  testtriangles                 
20017afc  textbgcolor                   
20017af8  textcolor                     
20017af4  textsize                      
2000c895  transition                    
20017ad4  typing                        
2000e5c9  verticallines                 
20008f00  victory                       
20011741  vsnprintf                     
20011d9f  wcslen                        
2000dbff  width                         
20017a88  word                          
20017b00  wrap                          
2000f0ed  writeCommand                  
2000f131  writeData                     


GLOBAL SYMBOLS: SORTED BY Symbol Address 

address   name                          
-------   ----                          
00000800  __STACK_SIZE                  
00000800  __SYSMEM_SIZE                 
20004000  g_pfnVectors                  
20004400  failure                       
20006980  gallow                        
20008f00  victory                       
2000be78  left_leg                      
2000c008  right_leg                     
2000c198  _ctypes_                      
2000c39c  head                          
2000c60c  body                          
2000c634  arm                           
2000c685  ir_lookup                     
2000c895  transition                    
2000c98d  keyMappingTest                
2000cbb1  UARTISR                       
2000cc05  InitUartCommunication         
2000cc85  answerReveal                  
2000cd65  hang_man_game                 
2000d009  main                          
2000d1a5  drawCircle                    
2000d2d9  drawCircleHelper              
2000d3f7  fillCircle                    
2000d431  fillCircleHelper              
2000d51f  drawLine                      
2000d60b  drawRect                      
2000d659  drawRoundRect                 
2000d747  fillRoundRect                 
2000d7c1  drawTriangle                  
2000d803  fillTriangle                  
2000da03  drawChar                      
2000db4f  Outstr                        
2000db9b  setCursor                     
2000dbb3  setTextSize                   
2000dbd3  setTextColor                  
2000dbeb  setTextWrap                   
2000dbff  width                         
2000dc03  height                        
2000dc59  testfastlines                 
2000dccb  testdrawrects                 
2000dd2b  testfillrects                 
2000dde9  testfillcircles               
2000de5b  testdrawcircles               
2000ded5  testtriangles                 
2000df57  testroundrects                
2000dfc9  testlines                     
2000e197  lcdTestPattern                
2000e267  lcdTestPattern2               
2000e337  helloworld                    
2000e369  drawDialogueChoices           
2000e3ed  alphabet                      
2000e475  drawPixelArt                  
2000e4eb  horizontallines               
2000e5c9  verticallines                 
2000e69d  __TI_printfi                  
2000f0eb  _nop                          
2000f0ed  writeCommand                  
2000f131  writeData                     
2000f175  Adafruit_Init                 
2000f2a7  goTo                          
2000f2eb  Color565                      
2000f32d  fillScreen                    
2000f343  fillRect                      
2000f3f9  drawFastVLine                 
2000f495  drawFastHLine                 
2000f531  drawPixel                     
2000f56f  invert                        
2000f58b  __aeabi_idiv0                 
2000f58b  __aeabi_ldiv0                 
2000f58d  setChar                       
2000f7f1  nextChar                      
2000f809  InitTerm                      
2000f827  Message                       
2000f849  ClearTerm                     
2000f853  Error                         
2000f88b  GetCmd                        
2000f931  TrimSpace                     
2000f9c9  Report                        
2000feb9  __aeabi_dsub                  
2000fec3  __aeabi_dadd                  
20010071  PRCMCC3200MCUInit             
200101e9  PinMuxConfig                  
2001048d  __aeabi_ddiv                  
200106e5  aligned_alloc                 
200106e5  memalign                      
200107e5  __aeabi_dmul                  
200108e1  free                          
200109c5  realloc                       
20010aa9  ldexp                         
20010aa9  ldexpl                        
20010aa9  scalbn                        
20010aa9  scalbnl                       
20010c2d  IntEnable                     
20010cd5  SPIConfigSetExpClk            
20010d75  __aeabi_memcpy                
20010d75  __aeabi_memcpy4               
20010d75  __aeabi_memcpy8               
20010d75  memcpy                        
20010e11  __aeabi_uldivmod              
20010ea9  PRCMPeripheralClockGet        
20010f3d  PinConfigSet                  
20010fc5  __aeabi_cdcmpeq               
20010fc5  __aeabi_cdcmple               
2001104b  __aeabi_cdrcmple              
200110d1  GPIOIntTypeSet                
20011153  __aeabi_memclr                
20011153  __aeabi_memclr4               
20011153  __aeabi_memclr8               
20011155  __aeabi_memset                
20011155  __aeabi_memset4               
20011155  __aeabi_memset8               
2001115b  memset                        
200111cd  UARTConfigSetExpClk           
20011323  __TI_decompress_lzss          
200113ad  SysTickReset                  
200113bb  SysTickInit                   
200113ed  frexp                         
200113ed  frexpl                        
20011449  PRCMPeripheralReset           
200114f7  __TI_ltoa                     
2001159d  atoi                          
20011631  __aeabi_d2iz                  
200116bd  __TI_auto_init_nobinit_nopinit
20011701  PinModeSet                    
20011741  vsnprintf                     
200117c1  PRCMPeripheralClkEnable       
200117fd  GPIODirModeSet                
20011833  PinTypeGPIO                   
20011865  UARTDisable                   
200118c5  __aeabi_i2d                   
200118f5  PRCMSysResetCauseGet          
20011921  PRCMPeripheralClkDisable      
20011971  memmove                       
20011999  UARTEnable                    
200119bd  _c_int00_noargs               
200119e1  GPIOIntStatus                 
20011a03  SPIReset                      
20011a25  GPIOPinWrite                  
20011a45  IntRegister                   
20011a65  SPIDataGet                    
20011a85  GPIOIntRegister               
20011aa3  SPIDataPut                    
20011ac1  UARTCharPut                   
20011adf  UARTIntRegister               
20011afd  UARTIntStatus                 
20011b1d  SysTickIntRegister            
20011b39  UARTCharGetNonBlocking        
20011b55  __TI_zero_init_nomemset       
20011b8d  memccpy                       
20011ba9  GPIOIntEnable                 
20011bc3  PinTypeSPI                    
20011bdd  PinTypeUART                   
20011bf7  SPIFIFOEnable                 
20011c11  SPICSDisable                  
20011c29  SPICSEnable                   
20011c41  SPIEnable                     
20011c59  SysTickPeriodSet              
20011c71  UARTCharsAvail                
20011c89  UARTIntEnable                 
20011cb9  __aeabi_lmul                  
20011cd1  PRCMHIBRegRead                
20011ce7  PRCMHIBRegWrite               
20011cfd  UARTFIFOEnable                
20011d13  strchr                        
20011d29  CPUcpsid                      
20011d3d  CPUcpsie                      
20011d51  GPIOIntClear                  
20011d65  IntVTableBaseSet              
20011d79  strlen                        
20011d8d  UARTIntClear                  
20011d9f  wcslen                        
20011db1  SysTickEnable                 
20011dc1  SysTickIntEnable              
20011dd1  __TI_decompress_none          
20011ddf  ResetISR                      
20011ded  SysTickValueGet               
20011df9  copysign                      
20011df9  copysignl                     
20011e05  IntMasterDisable              
20011e0f  IntMasterEnable               
20011e19  __aeabi_errno_addr            
20011e21  malloc                        
20011e29  UtilsDelay                    
20011e2f  _system_pre_init              
20011e33  C$$EXIT                       
20011e33  abort                         
20011e38  __TI_static_base__            
20011e64  __TI_Handler_Table_Base       
20011e70  __TI_Handler_Table_Limit      
20011e78  __TI_CINIT_Base               
20011e88  __TI_CINIT_Limit              
20017000  __start___llvm_prf_cnts       
20017000  __stop___llvm_prf_cnts        
20017000  _sys_memory                   
20017800  cBuff                         
20017a74  guessState                    
20017a88  word                          
20017aa0  status                        
20017aa4  messageIndex                  
20017aa8  rx_write                      
20017aac  rx_read                       
20017ab0  charIndex                     
20017ab4  newCharSet                    
20017ab8  current_char_timeout          
20017abc  newValueSet                   
20017ac0  currentCode                   
20017ac4  lastCode                      
20017ac8  bufferIntro                   
20017acc  bufferData                    
20017ad0  edgesDetected                 
20017ad4  typing                        
20017ad8  game_state                    
20017adc  numLetters                    
20017ae0  correctIndex                  
20017ae4  guess                         
20017ae8  misses                        
20017aec  cursor_x                      
20017af0  cursor_y                      
20017af4  textsize                      
20017af8  textcolor                     
20017afc  textbgcolor                   
20017b00  wrap                          
20017b04  _lock                         
20017b08  _unlock                       
20017b1c  errno                         
20017b20  systick_cnt                   
2002f800  __stack                       
20030000  __STACK_END                   
ffffffff  __TI_pprof_out_hndl           
ffffffff  __TI_prof_data_size           
ffffffff  __TI_prof_data_start          
ffffffff  __binit__                     
ffffffff  __c_args__                    
ffffffff  binit                         
UNDEFED   __mpu_init                    
UNDEFED   _system_post_cinit            

[236 symbols]
