<?xml version="1.0" encoding="ISO-8859-1" ?>
<link_info>
   <banner>TI ARM Linker PC v20.2.7.LTS</banner>
   <copyright>Copyright (c) 1996-2018 Texas Instruments Incorporated</copyright>
   <link_time>0x6998ec39</link_time>
   <link_errors>0x0</link_errors>
   <output_file>spi_demo.out</output_file>
   <entry_point>
      <name>_c_int00_noargs</name>
      <address>0x200119bd</address>
   </entry_point>
   <input_file_list>
      <input_file id="fl-2">
         <path>.\</path>
         <kind>object</kind>
         <file>Adafruit_GFX.obj</file>
         <name>Adafruit_GFX.obj</name>
      </input_file>
      <input_file id="fl-3">
         <path>.\</path>
         <kind>object</kind>
         <file>Adafruit_SSD1351.obj</file>
         <name>Adafruit_SSD1351.obj</name>
      </input_file>
      <input_file id="fl-4">
         <path>.\</path>
         <kind>object</kind>
         <file>main.obj</file>
         <name>main.obj</name>
      </input_file>
      <input_file id="fl-5">
         <path>.\</path>
         <kind>object</kind>
         <file>oled_test.obj</file>
         <name>oled_test.obj</name>
      </input_file>
      <input_file id="fl-6">
         <path>.\</path>
         <kind>object</kind>
         <file>pin_mux_config.obj</file>
         <name>pin_mux_config.obj</name>
      </input_file>
      <input_file id="fl-7">
         <path>.\</path>
         <kind>object</kind>
         <file>startup_ccs.obj</file>
         <name>startup_ccs.obj</name>
      </input_file>
      <input_file id="fl-8">
         <path>.\</path>
         <kind>object</kind>
         <file>systick_utils.obj</file>
         <name>systick_utils.obj</name>
      </input_file>
      <input_file id="fl-9">
         <path>.\</path>
         <kind>object</kind>
         <file>typing.obj</file>
         <name>typing.obj</name>
      </input_file>
      <input_file id="fl-a">
         <path>.\</path>
         <kind>object</kind>
         <file>uart_if.obj</file>
         <name>uart_if.obj</name>
      </input_file>
      <input_file id="fl-f">
         <kind>object</kind>
         <file>&lt;internal&gt;</file>
         <name>&lt;internal&gt;</name>
      </input_file>
      <input_file id="fl-10">
         <path>C:\ti\CC3200SDK_1.5.0\cc3200-sdk\driverlib\ccs\Release\</path>
         <kind>archive</kind>
         <file>driverlib.a</file>
         <name>gpio.obj</name>
      </input_file>
      <input_file id="fl-11">
         <path>C:\ti\CC3200SDK_1.5.0\cc3200-sdk\driverlib\ccs\Release\</path>
         <kind>archive</kind>
         <file>driverlib.a</file>
         <name>interrupt.obj</name>
      </input_file>
      <input_file id="fl-12">
         <path>C:\ti\CC3200SDK_1.5.0\cc3200-sdk\driverlib\ccs\Release\</path>
         <kind>archive</kind>
         <file>driverlib.a</file>
         <name>pin.obj</name>
      </input_file>
      <input_file id="fl-13">
         <path>C:\ti\CC3200SDK_1.5.0\cc3200-sdk\driverlib\ccs\Release\</path>
         <kind>archive</kind>
         <file>driverlib.a</file>
         <name>prcm.obj</name>
      </input_file>
      <input_file id="fl-14">
         <path>C:\ti\CC3200SDK_1.5.0\cc3200-sdk\driverlib\ccs\Release\</path>
         <kind>archive</kind>
         <file>driverlib.a</file>
         <name>spi.obj</name>
      </input_file>
      <input_file id="fl-15">
         <path>C:\ti\CC3200SDK_1.5.0\cc3200-sdk\driverlib\ccs\Release\</path>
         <kind>archive</kind>
         <file>driverlib.a</file>
         <name>systick.obj</name>
      </input_file>
      <input_file id="fl-16">
         <path>C:\ti\CC3200SDK_1.5.0\cc3200-sdk\driverlib\ccs\Release\</path>
         <kind>archive</kind>
         <file>driverlib.a</file>
         <name>uart.obj</name>
      </input_file>
      <input_file id="fl-17">
         <path>C:\ti\CC3200SDK_1.5.0\cc3200-sdk\driverlib\ccs\Release\</path>
         <kind>archive</kind>
         <file>driverlib.a</file>
         <name>utils.obj</name>
      </input_file>
      <input_file id="fl-18">
         <path>C:\ti\CC3200SDK_1.5.0\cc3200-sdk\driverlib\ccs\Release\</path>
         <kind>archive</kind>
         <file>driverlib.a</file>
         <name>cpu.obj</name>
      </input_file>
      <input_file id="fl-19">
         <path>C:\ti\CC3200SDK_1.5.0\cc3200-sdk\driverlib\ccs\Release\</path>
         <kind>archive</kind>
         <file>driverlib.a</file>
         <name>flash.obj</name>
      </input_file>
      <input_file id="fl-cf">
         <path>C:\ti\ccs1250\ccs\tools\compiler\ti-cgt-arm_20.2.7.LTS\lib\</path>
         <kind>archive</kind>
         <file>rtsv7M4_T_le_eabi.lib</file>
         <name>vsnprintf.c.obj</name>
      </input_file>
      <input_file id="fl-d0">
         <path>C:\ti\ccs1250\ccs\tools\compiler\ti-cgt-arm_20.2.7.LTS\lib\</path>
         <kind>archive</kind>
         <file>rtsv7M4_T_le_eabi.lib</file>
         <name>ll_mul_t2.asm.obj</name>
      </input_file>
      <input_file id="fl-d1">
         <path>C:\ti\ccs1250\ccs\tools\compiler\ti-cgt-arm_20.2.7.LTS\lib\</path>
         <kind>archive</kind>
         <file>rtsv7M4_T_le_eabi.lib</file>
         <name>memcpy_t2.asm.obj</name>
      </input_file>
      <input_file id="fl-d2">
         <path>C:\ti\ccs1250\ccs\tools\compiler\ti-cgt-arm_20.2.7.LTS\lib\</path>
         <kind>archive</kind>
         <file>rtsv7M4_T_le_eabi.lib</file>
         <name>ull_div_t2.asm.obj</name>
      </input_file>
      <input_file id="fl-d3">
         <path>C:\ti\ccs1250\ccs\tools\compiler\ti-cgt-arm_20.2.7.LTS\lib\</path>
         <kind>archive</kind>
         <file>rtsv7M4_T_le_eabi.lib</file>
         <name>copy_zero_init.c.obj</name>
      </input_file>
      <input_file id="fl-d4">
         <path>C:\ti\ccs1250\ccs\tools\compiler\ti-cgt-arm_20.2.7.LTS\lib\</path>
         <kind>archive</kind>
         <file>rtsv7M4_T_le_eabi.lib</file>
         <name>copy_decompress_none.c.obj</name>
      </input_file>
      <input_file id="fl-d5">
         <path>C:\ti\ccs1250\ccs\tools\compiler\ti-cgt-arm_20.2.7.LTS\lib\</path>
         <kind>archive</kind>
         <file>rtsv7M4_T_le_eabi.lib</file>
         <name>copy_decompress_lzss.c.obj</name>
      </input_file>
      <input_file id="fl-d6">
         <path>C:\ti\ccs1250\ccs\tools\compiler\ti-cgt-arm_20.2.7.LTS\lib\</path>
         <kind>archive</kind>
         <file>rtsv7M4_T_le_eabi.lib</file>
         <name>memmov.c.obj</name>
      </input_file>
      <input_file id="fl-d7">
         <path>C:\ti\ccs1250\ccs\tools\compiler\ti-cgt-arm_20.2.7.LTS\lib\</path>
         <kind>archive</kind>
         <file>rtsv7M4_T_le_eabi.lib</file>
         <name>memory.c.obj</name>
      </input_file>
      <input_file id="fl-d8">
         <path>C:\ti\ccs1250\ccs\tools\compiler\ti-cgt-arm_20.2.7.LTS\lib\</path>
         <kind>archive</kind>
         <file>rtsv7M4_T_le_eabi.lib</file>
         <name>strlen.c.obj</name>
      </input_file>
      <input_file id="fl-d9">
         <path>C:\ti\ccs1250\ccs\tools\compiler\ti-cgt-arm_20.2.7.LTS\lib\</path>
         <kind>archive</kind>
         <file>rtsv7M4_T_le_eabi.lib</file>
         <name>boot_cortex_m.c.obj</name>
      </input_file>
      <input_file id="fl-da">
         <path>C:\ti\ccs1250\ccs\tools\compiler\ti-cgt-arm_20.2.7.LTS\lib\</path>
         <kind>archive</kind>
         <file>rtsv7M4_T_le_eabi.lib</file>
         <name>_printfi.c.obj</name>
      </input_file>
      <input_file id="fl-db">
         <path>C:\ti\ccs1250\ccs\tools\compiler\ti-cgt-arm_20.2.7.LTS\lib\</path>
         <kind>archive</kind>
         <file>rtsv7M4_T_le_eabi.lib</file>
         <name>div0.asm.obj</name>
      </input_file>
      <input_file id="fl-dc">
         <path>C:\ti\ccs1250\ccs\tools\compiler\ti-cgt-arm_20.2.7.LTS\lib\</path>
         <kind>archive</kind>
         <file>rtsv7M4_T_le_eabi.lib</file>
         <name>fd_add_t2.asm.obj</name>
      </input_file>
      <input_file id="fl-dd">
         <path>C:\ti\ccs1250\ccs\tools\compiler\ti-cgt-arm_20.2.7.LTS\lib\</path>
         <kind>archive</kind>
         <file>rtsv7M4_T_le_eabi.lib</file>
         <name>fd_cmp_t2.asm.obj</name>
      </input_file>
      <input_file id="fl-de">
         <path>C:\ti\ccs1250\ccs\tools\compiler\ti-cgt-arm_20.2.7.LTS\lib\</path>
         <kind>archive</kind>
         <file>rtsv7M4_T_le_eabi.lib</file>
         <name>fd_div_t2.asm.obj</name>
      </input_file>
      <input_file id="fl-df">
         <path>C:\ti\ccs1250\ccs\tools\compiler\ti-cgt-arm_20.2.7.LTS\lib\</path>
         <kind>archive</kind>
         <file>rtsv7M4_T_le_eabi.lib</file>
         <name>fd_mul_t2.asm.obj</name>
      </input_file>
      <input_file id="fl-e0">
         <path>C:\ti\ccs1250\ccs\tools\compiler\ti-cgt-arm_20.2.7.LTS\lib\</path>
         <kind>archive</kind>
         <file>rtsv7M4_T_le_eabi.lib</file>
         <name>fd_toi_t2.asm.obj</name>
      </input_file>
      <input_file id="fl-e1">
         <path>C:\ti\ccs1250\ccs\tools\compiler\ti-cgt-arm_20.2.7.LTS\lib\</path>
         <kind>archive</kind>
         <file>rtsv7M4_T_le_eabi.lib</file>
         <name>i_tofd_t2.asm.obj</name>
      </input_file>
      <input_file id="fl-e2">
         <path>C:\ti\ccs1250\ccs\tools\compiler\ti-cgt-arm_20.2.7.LTS\lib\</path>
         <kind>archive</kind>
         <file>rtsv7M4_T_le_eabi.lib</file>
         <name>memset_t2.asm.obj</name>
      </input_file>
      <input_file id="fl-e3">
         <path>C:\ti\ccs1250\ccs\tools\compiler\ti-cgt-arm_20.2.7.LTS\lib\</path>
         <kind>archive</kind>
         <file>rtsv7M4_T_le_eabi.lib</file>
         <name>autoinit.c.obj</name>
      </input_file>
      <input_file id="fl-e4">
         <path>C:\ti\ccs1250\ccs\tools\compiler\ti-cgt-arm_20.2.7.LTS\lib\</path>
         <kind>archive</kind>
         <file>rtsv7M4_T_le_eabi.lib</file>
         <name>pre_init.c.obj</name>
      </input_file>
      <input_file id="fl-e5">
         <path>C:\ti\ccs1250\ccs\tools\compiler\ti-cgt-arm_20.2.7.LTS\lib\</path>
         <kind>archive</kind>
         <file>rtsv7M4_T_le_eabi.lib</file>
         <name>cpy_tbl.c.obj</name>
      </input_file>
      <input_file id="fl-e6">
         <path>C:\ti\ccs1250\ccs\tools\compiler\ti-cgt-arm_20.2.7.LTS\lib\</path>
         <kind>archive</kind>
         <file>rtsv7M4_T_le_eabi.lib</file>
         <name>exit.c.obj</name>
      </input_file>
      <input_file id="fl-e7">
         <path>C:\ti\ccs1250\ccs\tools\compiler\ti-cgt-arm_20.2.7.LTS\lib\</path>
         <kind>archive</kind>
         <file>rtsv7M4_T_le_eabi.lib</file>
         <name>_lock.c.obj</name>
      </input_file>
      <input_file id="fl-e8">
         <path>C:\ti\ccs1250\ccs\tools\compiler\ti-cgt-arm_20.2.7.LTS\lib\</path>
         <kind>archive</kind>
         <file>rtsv7M4_T_le_eabi.lib</file>
         <name>_ltoa.c.obj</name>
      </input_file>
      <input_file id="fl-e9">
         <path>C:\ti\ccs1250\ccs\tools\compiler\ti-cgt-arm_20.2.7.LTS\lib\</path>
         <kind>archive</kind>
         <file>rtsv7M4_T_le_eabi.lib</file>
         <name>args_main.c.obj</name>
      </input_file>
      <input_file id="fl-ea">
         <path>C:\ti\ccs1250\ccs\tools\compiler\ti-cgt-arm_20.2.7.LTS\lib\</path>
         <kind>archive</kind>
         <file>rtsv7M4_T_le_eabi.lib</file>
         <name>atoi.c.obj</name>
      </input_file>
      <input_file id="fl-eb">
         <path>C:\ti\ccs1250\ccs\tools\compiler\ti-cgt-arm_20.2.7.LTS\lib\</path>
         <kind>archive</kind>
         <file>rtsv7M4_T_le_eabi.lib</file>
         <name>ctype.c.obj</name>
      </input_file>
      <input_file id="fl-ec">
         <path>C:\ti\ccs1250\ccs\tools\compiler\ti-cgt-arm_20.2.7.LTS\lib\</path>
         <kind>archive</kind>
         <file>rtsv7M4_T_le_eabi.lib</file>
         <name>memccpy.c.obj</name>
      </input_file>
      <input_file id="fl-ed">
         <path>C:\ti\ccs1250\ccs\tools\compiler\ti-cgt-arm_20.2.7.LTS\lib\</path>
         <kind>archive</kind>
         <file>rtsv7M4_T_le_eabi.lib</file>
         <name>strchr.c.obj</name>
      </input_file>
      <input_file id="fl-ee">
         <path>C:\ti\ccs1250\ccs\tools\compiler\ti-cgt-arm_20.2.7.LTS\lib\</path>
         <kind>archive</kind>
         <file>rtsv7M4_T_le_eabi.lib</file>
         <name>errno.c.obj</name>
      </input_file>
      <input_file id="fl-ef">
         <path>C:\ti\ccs1250\ccs\tools\compiler\ti-cgt-arm_20.2.7.LTS\lib\</path>
         <kind>archive</kind>
         <file>rtsv7M4_T_le_eabi.lib</file>
         <name>wcslen.c.obj</name>
      </input_file>
      <input_file id="fl-f0">
         <path>C:\ti\ccs1250\ccs\tools\compiler\ti-cgt-arm_20.2.7.LTS\lib\</path>
         <kind>archive</kind>
         <file>rtsv7M4_T_le_eabi.lib</file>
         <name>s_frexp.c.obj</name>
      </input_file>
      <input_file id="fl-f1">
         <path>C:\ti\ccs1250\ccs\tools\compiler\ti-cgt-arm_20.2.7.LTS\lib\</path>
         <kind>archive</kind>
         <file>rtsv7M4_T_le_eabi.lib</file>
         <name>s_scalbn.c.obj</name>
      </input_file>
      <input_file id="fl-f2">
         <path>C:\ti\ccs1250\ccs\tools\compiler\ti-cgt-arm_20.2.7.LTS\lib\</path>
         <kind>archive</kind>
         <file>rtsv7M4_T_le_eabi.lib</file>
         <name>s_copysign.c.obj</name>
      </input_file>
   </input_file_list>
   <object_component_list>
      <object_component id="oc-12">
         <name>.intvecs</name>
         <load_address>0x20004000</load_address>
         <run_address>0x20004000</run_address>
         <size>0x400</size>
         <input_file_ref idref="fl-7"/>
      </object_component>
      <object_component id="oc-97">
         <name>.text</name>
         <load_address>0x2000c684</load_address>
         <run_address>0x2000c684</run_address>
         <size>0xb20</size>
         <input_file_ref idref="fl-4"/>
      </object_component>
      <object_component id="oc-111">
         <name>.text</name>
         <load_address>0x2000d1a4</load_address>
         <run_address>0x2000d1a4</run_address>
         <size>0xa80</size>
         <input_file_ref idref="fl-2"/>
      </object_component>
      <object_component id="oc-162">
         <name>.text</name>
         <load_address>0x2000dc24</load_address>
         <run_address>0x2000dc24</run_address>
         <size>0xa78</size>
         <input_file_ref idref="fl-5"/>
      </object_component>
      <object_component id="oc-386">
         <name>.text:__TI_printfi</name>
         <load_address>0x2000e69c</load_address>
         <run_address>0x2000e69c</run_address>
         <size>0xa4e</size>
         <input_file_ref idref="fl-da"/>
      </object_component>
      <object_component id="oc-3ea">
         <name>.text:_nop</name>
         <load_address>0x2000f0ea</load_address>
         <run_address>0x2000f0ea</run_address>
         <size>0x2</size>
         <input_file_ref idref="fl-e7"/>
      </object_component>
      <object_component id="oc-10b">
         <name>.text</name>
         <load_address>0x2000f0ec</load_address>
         <run_address>0x2000f0ec</run_address>
         <size>0x49e</size>
         <input_file_ref idref="fl-3"/>
      </object_component>
      <object_component id="oc-23b">
         <name>.text</name>
         <load_address>0x2000f58a</load_address>
         <run_address>0x2000f58a</run_address>
         <size>0x2</size>
         <input_file_ref idref="fl-db"/>
      </object_component>
      <object_component id="oc-11d">
         <name>.text</name>
         <load_address>0x2000f58c</load_address>
         <run_address>0x2000f58c</run_address>
         <size>0x27c</size>
         <input_file_ref idref="fl-9"/>
      </object_component>
      <object_component id="oc-117">
         <name>.text</name>
         <load_address>0x2000f808</load_address>
         <run_address>0x2000f808</run_address>
         <size>0x27c</size>
         <input_file_ref idref="fl-a"/>
      </object_component>
      <object_component id="oc-43b">
         <name>.text:_pconv_a</name>
         <load_address>0x2000fa84</load_address>
         <run_address>0x2000fa84</run_address>
         <size>0x268</size>
         <input_file_ref idref="fl-da"/>
      </object_component>
      <object_component id="oc-429">
         <name>.text:_pconv_g</name>
         <load_address>0x2000fcec</load_address>
         <run_address>0x2000fcec</run_address>
         <size>0x1cc</size>
         <input_file_ref idref="fl-da"/>
      </object_component>
      <object_component id="oc-4a9">
         <name>.text</name>
         <load_address>0x2000feb8</load_address>
         <run_address>0x2000feb8</run_address>
         <size>0x1b6</size>
         <input_file_ref idref="fl-dc"/>
      </object_component>
      <object_component id="oc-d7">
         <name>.text:PRCMCC3200MCUInit</name>
         <load_address>0x20010070</load_address>
         <run_address>0x20010070</run_address>
         <size>0x178</size>
         <input_file_ref idref="fl-13"/>
      </object_component>
      <object_component id="oc-16d">
         <name>.text</name>
         <load_address>0x200101e8</load_address>
         <run_address>0x200101e8</run_address>
         <size>0x168</size>
         <input_file_ref idref="fl-6"/>
      </object_component>
      <object_component id="oc-435">
         <name>.text:_pconv_e</name>
         <load_address>0x20010350</load_address>
         <run_address>0x20010350</run_address>
         <size>0x13c</size>
         <input_file_ref idref="fl-da"/>
      </object_component>
      <object_component id="oc-48f">
         <name>.text</name>
         <load_address>0x2001048c</load_address>
         <run_address>0x2001048c</run_address>
         <size>0x136</size>
         <input_file_ref idref="fl-de"/>
      </object_component>
      <object_component id="oc-4bb">
         <name>.text:fcvt</name>
         <load_address>0x200105c4</load_address>
         <run_address>0x200105c4</run_address>
         <size>0x120</size>
         <input_file_ref idref="fl-da"/>
      </object_component>
      <object_component id="oc-3a8">
         <name>.text:aligned_alloc</name>
         <load_address>0x200106e4</load_address>
         <run_address>0x200106e4</run_address>
         <size>0x100</size>
         <input_file_ref idref="fl-d7"/>
      </object_component>
      <object_component id="oc-48a">
         <name>.text</name>
         <load_address>0x200107e4</load_address>
         <run_address>0x200107e4</run_address>
         <size>0xfc</size>
         <input_file_ref idref="fl-df"/>
      </object_component>
      <object_component id="oc-2ab">
         <name>.text:free</name>
         <load_address>0x200108e0</load_address>
         <run_address>0x200108e0</run_address>
         <size>0xe4</size>
         <input_file_ref idref="fl-d7"/>
      </object_component>
      <object_component id="oc-2a5">
         <name>.text:realloc</name>
         <load_address>0x200109c4</load_address>
         <run_address>0x200109c4</run_address>
         <size>0xe4</size>
         <input_file_ref idref="fl-d7"/>
      </object_component>
      <object_component id="oc-4cf">
         <name>.text:scalbn</name>
         <load_address>0x20010aa8</load_address>
         <run_address>0x20010aa8</run_address>
         <size>0xd0</size>
         <input_file_ref idref="fl-f1"/>
      </object_component>
      <object_component id="oc-41e">
         <name>.text:_ltostr</name>
         <load_address>0x20010b78</load_address>
         <run_address>0x20010b78</run_address>
         <size>0xb1</size>
         <input_file_ref idref="fl-da"/>
      </object_component>
      <object_component id="oc-d1">
         <name>.text:IntEnable</name>
         <load_address>0x20010c2c</load_address>
         <run_address>0x20010c2c</run_address>
         <size>0xa8</size>
         <input_file_ref idref="fl-11"/>
      </object_component>
      <object_component id="oc-179">
         <name>.text:SPIConfigSetExpClk</name>
         <load_address>0x20010cd4</load_address>
         <run_address>0x20010cd4</run_address>
         <size>0xa0</size>
         <input_file_ref idref="fl-14"/>
      </object_component>
      <object_component id="oc-3d">
         <name>.text</name>
         <load_address>0x20010d74</load_address>
         <run_address>0x20010d74</run_address>
         <size>0x9c</size>
         <input_file_ref idref="fl-d1"/>
      </object_component>
      <object_component id="oc-ef">
         <name>.text</name>
         <load_address>0x20010e10</load_address>
         <run_address>0x20010e10</run_address>
         <size>0x96</size>
         <input_file_ref idref="fl-d2"/>
      </object_component>
      <object_component id="oc-13b">
         <name>.text:PRCMPeripheralClockGet</name>
         <load_address>0x20010ea8</load_address>
         <run_address>0x20010ea8</run_address>
         <size>0x94</size>
         <input_file_ref idref="fl-13"/>
      </object_component>
      <object_component id="oc-3db">
         <name>.text:PinConfigSet</name>
         <load_address>0x20010f3c</load_address>
         <run_address>0x20010f3c</run_address>
         <size>0x88</size>
         <input_file_ref idref="fl-12"/>
      </object_component>
      <object_component id="oc-424">
         <name>.text:__aeabi_cdcmple</name>
         <load_address>0x20010fc4</load_address>
         <run_address>0x20010fc4</run_address>
         <size>0x86</size>
         <input_file_ref idref="fl-dd"/>
      </object_component>
      <object_component id="oc-494">
         <name>.text:__aeabi_cdrcmple</name>
         <load_address>0x2001104a</load_address>
         <run_address>0x2001104a</run_address>
         <size>0x86</size>
         <input_file_ref idref="fl-dd"/>
      </object_component>
      <object_component id="oc-191">
         <name>.text:GPIOIntTypeSet</name>
         <load_address>0x200110d0</load_address>
         <run_address>0x200110d0</run_address>
         <size>0x82</size>
         <input_file_ref idref="fl-10"/>
      </object_component>
      <object_component id="oc-8b">
         <name>.text</name>
         <load_address>0x20011152</load_address>
         <run_address>0x20011152</run_address>
         <size>0x7a</size>
         <input_file_ref idref="fl-e2"/>
      </object_component>
      <object_component id="oc-141">
         <name>.text:UARTConfigSetExpClk</name>
         <load_address>0x200111cc</load_address>
         <run_address>0x200111cc</run_address>
         <size>0x76</size>
         <input_file_ref idref="fl-16"/>
      </object_component>
      <object_component id="oc-3b5">
         <name>.text:split</name>
         <load_address>0x20011244</load_address>
         <run_address>0x20011244</run_address>
         <size>0x70</size>
         <input_file_ref idref="fl-d7"/>
      </object_component>
      <object_component id="oc-4b4">
         <name>.text:_mcpy</name>
         <load_address>0x200112b4</load_address>
         <run_address>0x200112b4</run_address>
         <size>0x6e</size>
         <input_file_ref idref="fl-da"/>
      </object_component>
      <object_component id="oc-15">
         <name>.text:decompress:lzss:__TI_decompress_lzss</name>
         <load_address>0x20011322</load_address>
         <run_address>0x20011322</run_address>
         <size>0x68</size>
         <input_file_ref idref="fl-d5"/>
      </object_component>
      <object_component id="oc-f9">
         <name>.text</name>
         <load_address>0x2001138c</load_address>
         <run_address>0x2001138c</run_address>
         <size>0x60</size>
         <input_file_ref idref="fl-8"/>
      </object_component>
      <object_component id="oc-4c9">
         <name>.text:frexp</name>
         <load_address>0x200113ec</load_address>
         <run_address>0x200113ec</run_address>
         <size>0x5c</size>
         <input_file_ref idref="fl-f0"/>
      </object_component>
      <object_component id="oc-22b">
         <name>.text:PRCMPeripheralReset</name>
         <load_address>0x20011448</load_address>
         <run_address>0x20011448</run_address>
         <size>0x58</size>
         <input_file_ref idref="fl-13"/>
      </object_component>
      <object_component id="oc-42f">
         <name>.text:_pconv_f</name>
         <load_address>0x200114a0</load_address>
         <run_address>0x200114a0</run_address>
         <size>0x56</size>
         <input_file_ref idref="fl-da"/>
      </object_component>
      <object_component id="oc-49e">
         <name>.text:__TI_ltoa</name>
         <load_address>0x200114f6</load_address>
         <run_address>0x200114f6</run_address>
         <size>0x54</size>
         <input_file_ref idref="fl-e8"/>
      </object_component>
      <object_component id="oc-4ae">
         <name>.text:_ecpy</name>
         <load_address>0x2001154a</load_address>
         <run_address>0x2001154a</run_address>
         <size>0x52</size>
         <input_file_ref idref="fl-da"/>
      </object_component>
      <object_component id="oc-418">
         <name>.text:atoi</name>
         <load_address>0x2001159c</load_address>
         <run_address>0x2001159c</run_address>
         <size>0x4c</size>
         <input_file_ref idref="fl-ea"/>
      </object_component>
      <object_component id="oc-324">
         <name>.text:GPIOGetIntNumber</name>
         <load_address>0x200115e8</load_address>
         <run_address>0x200115e8</run_address>
         <size>0x48</size>
         <input_file_ref idref="fl-10"/>
      </object_component>
      <object_component id="oc-499">
         <name>.text</name>
         <load_address>0x20011630</load_address>
         <run_address>0x20011630</run_address>
         <size>0x48</size>
         <input_file_ref idref="fl-e0"/>
      </object_component>
      <object_component id="oc-2d7">
         <name>.text:UARTIntNumberGet</name>
         <load_address>0x20011678</load_address>
         <run_address>0x20011678</run_address>
         <size>0x44</size>
         <input_file_ref idref="fl-16"/>
      </object_component>
      <object_component id="oc-1d0">
         <name>.text:__TI_auto_init_nobinit_nopinit:__TI_auto_init_nobinit_nopinit</name>
         <load_address>0x200116bc</load_address>
         <run_address>0x200116bc</run_address>
         <size>0x44</size>
         <input_file_ref idref="fl-e3"/>
      </object_component>
      <object_component id="oc-301">
         <name>.text:PinModeSet</name>
         <load_address>0x20011700</load_address>
         <run_address>0x20011700</run_address>
         <size>0x40</size>
         <input_file_ref idref="fl-12"/>
      </object_component>
      <object_component id="oc-28d">
         <name>.text:vsnprintf</name>
         <load_address>0x20011740</load_address>
         <run_address>0x20011740</run_address>
         <size>0x40</size>
         <input_file_ref idref="fl-cf"/>
      </object_component>
      <object_component id="oc-4c1">
         <name>.text:_fcpy</name>
         <load_address>0x20011780</load_address>
         <run_address>0x20011780</run_address>
         <size>0x3e</size>
         <input_file_ref idref="fl-da"/>
      </object_component>
      <object_component id="oc-225">
         <name>.text:PRCMPeripheralClkEnable</name>
         <load_address>0x200117c0</load_address>
         <run_address>0x200117c0</run_address>
         <size>0x3c</size>
         <input_file_ref idref="fl-13"/>
      </object_component>
      <object_component id="oc-30d">
         <name>.text:GPIODirModeSet</name>
         <load_address>0x200117fc</load_address>
         <run_address>0x200117fc</run_address>
         <size>0x36</size>
         <input_file_ref idref="fl-10"/>
      </object_component>
      <object_component id="oc-307">
         <name>.text:PinTypeGPIO</name>
         <load_address>0x20011832</load_address>
         <run_address>0x20011832</run_address>
         <size>0x30</size>
         <input_file_ref idref="fl-12"/>
      </object_component>
      <object_component id="oc-2c9">
         <name>.text:UARTDisable</name>
         <load_address>0x20011864</load_address>
         <run_address>0x20011864</run_address>
         <size>0x30</size>
         <input_file_ref idref="fl-16"/>
      </object_component>
      <object_component id="oc-38c">
         <name>.text:_outs</name>
         <load_address>0x20011894</load_address>
         <run_address>0x20011894</run_address>
         <size>0x30</size>
         <input_file_ref idref="fl-cf"/>
      </object_component>
      <object_component id="oc-4a4">
         <name>.text</name>
         <load_address>0x200118c4</load_address>
         <run_address>0x200118c4</run_address>
         <size>0x2e</size>
         <input_file_ref idref="fl-e1"/>
      </object_component>
      <object_component id="oc-213">
         <name>.text:PRCMSysResetCauseGet</name>
         <load_address>0x200118f4</load_address>
         <run_address>0x200118f4</run_address>
         <size>0x2c</size>
         <input_file_ref idref="fl-13"/>
      </object_component>
      <object_component id="oc-231">
         <name>.text:PRCMPeripheralClkDisable</name>
         <load_address>0x20011920</load_address>
         <run_address>0x20011920</run_address>
         <size>0x28</size>
         <input_file_ref idref="fl-13"/>
      </object_component>
      <object_component id="oc-3bc">
         <name>.text:free_list_insert</name>
         <load_address>0x20011948</load_address>
         <run_address>0x20011948</run_address>
         <size>0x28</size>
         <input_file_ref idref="fl-d7"/>
      </object_component>
      <object_component id="oc-299">
         <name>.text:memmove</name>
         <load_address>0x20011970</load_address>
         <run_address>0x20011970</run_address>
         <size>0x28</size>
         <input_file_ref idref="fl-d6"/>
      </object_component>
      <object_component id="oc-2cf">
         <name>.text:UARTEnable</name>
         <load_address>0x20011998</load_address>
         <run_address>0x20011998</run_address>
         <size>0x24</size>
         <input_file_ref idref="fl-16"/>
      </object_component>
      <object_component id="oc-5b">
         <name>.text:_c_int00_noargs:_c_int00_noargs</name>
         <load_address>0x200119bc</load_address>
         <run_address>0x200119bc</run_address>
         <size>0x24</size>
         <input_file_ref idref="fl-d9"/>
      </object_component>
      <object_component id="oc-dd">
         <name>.text:GPIOIntStatus</name>
         <load_address>0x200119e0</load_address>
         <run_address>0x200119e0</run_address>
         <size>0x22</size>
         <input_file_ref idref="fl-10"/>
      </object_component>
      <object_component id="oc-173">
         <name>.text:SPIReset</name>
         <load_address>0x20011a02</load_address>
         <run_address>0x20011a02</run_address>
         <size>0x22</size>
         <input_file_ref idref="fl-14"/>
      </object_component>
      <object_component id="oc-26b">
         <name>.text:GPIOPinWrite</name>
         <load_address>0x20011a24</load_address>
         <run_address>0x20011a24</run_address>
         <size>0x20</size>
         <input_file_ref idref="fl-10"/>
      </object_component>
      <object_component id="oc-2dd">
         <name>.text:IntRegister</name>
         <load_address>0x20011a44</load_address>
         <run_address>0x20011a44</run_address>
         <size>0x20</size>
         <input_file_ref idref="fl-11"/>
      </object_component>
      <object_component id="oc-277">
         <name>.text:SPIDataGet</name>
         <load_address>0x20011a64</load_address>
         <run_address>0x20011a64</run_address>
         <size>0x20</size>
         <input_file_ref idref="fl-14"/>
      </object_component>
      <object_component id="oc-18b">
         <name>.text:GPIOIntRegister</name>
         <load_address>0x20011a84</load_address>
         <run_address>0x20011a84</run_address>
         <size>0x1e</size>
         <input_file_ref idref="fl-10"/>
      </object_component>
      <object_component id="oc-271">
         <name>.text:SPIDataPut</name>
         <load_address>0x20011aa2</load_address>
         <run_address>0x20011aa2</run_address>
         <size>0x1e</size>
         <input_file_ref idref="fl-14"/>
      </object_component>
      <object_component id="oc-19d">
         <name>.text:UARTCharPut</name>
         <load_address>0x20011ac0</load_address>
         <run_address>0x20011ac0</run_address>
         <size>0x1e</size>
         <input_file_ref idref="fl-16"/>
      </object_component>
      <object_component id="oc-14d">
         <name>.text:UARTIntRegister</name>
         <load_address>0x20011ade</load_address>
         <run_address>0x20011ade</run_address>
         <size>0x1e</size>
         <input_file_ref idref="fl-16"/>
      </object_component>
      <object_component id="oc-123">
         <name>.text:UARTIntStatus</name>
         <load_address>0x20011afc</load_address>
         <run_address>0x20011afc</run_address>
         <size>0x1e</size>
         <input_file_ref idref="fl-16"/>
      </object_component>
      <object_component id="oc-248">
         <name>.text:SysTickIntRegister</name>
         <load_address>0x20011b1c</load_address>
         <run_address>0x20011b1c</run_address>
         <size>0x1c</size>
         <input_file_ref idref="fl-15"/>
      </object_component>
      <object_component id="oc-12f">
         <name>.text:UARTCharGetNonBlocking</name>
         <load_address>0x20011b38</load_address>
         <run_address>0x20011b38</run_address>
         <size>0x1c</size>
         <input_file_ref idref="fl-16"/>
      </object_component>
      <object_component id="oc-49">
         <name>.text:decompress:ZI:__TI_zero_init_nomemset:__TI_zero_init_nomemset</name>
         <load_address>0x20011b54</load_address>
         <run_address>0x20011b54</run_address>
         <size>0x1c</size>
         <input_file_ref idref="fl-d3"/>
      </object_component>
      <object_component id="oc-3af">
         <name>.text:free_list_remove</name>
         <load_address>0x20011b70</load_address>
         <run_address>0x20011b70</run_address>
         <size>0x1c</size>
         <input_file_ref idref="fl-d7"/>
      </object_component>
      <object_component id="oc-441">
         <name>.text:memccpy</name>
         <load_address>0x20011b8c</load_address>
         <run_address>0x20011b8c</run_address>
         <size>0x1c</size>
         <input_file_ref idref="fl-ec"/>
      </object_component>
      <object_component id="oc-197">
         <name>.text:GPIOIntEnable</name>
         <load_address>0x20011ba8</load_address>
         <run_address>0x20011ba8</run_address>
         <size>0x1a</size>
         <input_file_ref idref="fl-10"/>
      </object_component>
      <object_component id="oc-313">
         <name>.text:PinTypeSPI</name>
         <load_address>0x20011bc2</load_address>
         <run_address>0x20011bc2</run_address>
         <size>0x1a</size>
         <input_file_ref idref="fl-12"/>
      </object_component>
      <object_component id="oc-319">
         <name>.text:PinTypeUART</name>
         <load_address>0x20011bdc</load_address>
         <run_address>0x20011bdc</run_address>
         <size>0x1a</size>
         <input_file_ref idref="fl-12"/>
      </object_component>
      <object_component id="oc-17f">
         <name>.text:SPIFIFOEnable</name>
         <load_address>0x20011bf6</load_address>
         <run_address>0x20011bf6</run_address>
         <size>0x1a</size>
         <input_file_ref idref="fl-14"/>
      </object_component>
      <object_component id="oc-27d">
         <name>.text:SPICSDisable</name>
         <load_address>0x20011c10</load_address>
         <run_address>0x20011c10</run_address>
         <size>0x18</size>
         <input_file_ref idref="fl-14"/>
      </object_component>
      <object_component id="oc-265">
         <name>.text:SPICSEnable</name>
         <load_address>0x20011c28</load_address>
         <run_address>0x20011c28</run_address>
         <size>0x18</size>
         <input_file_ref idref="fl-14"/>
      </object_component>
      <object_component id="oc-185">
         <name>.text:SPIEnable</name>
         <load_address>0x20011c40</load_address>
         <run_address>0x20011c40</run_address>
         <size>0x18</size>
         <input_file_ref idref="fl-14"/>
      </object_component>
      <object_component id="oc-242">
         <name>.text:SysTickPeriodSet</name>
         <load_address>0x20011c58</load_address>
         <run_address>0x20011c58</run_address>
         <size>0x18</size>
         <input_file_ref idref="fl-15"/>
      </object_component>
      <object_component id="oc-135">
         <name>.text:UARTCharsAvail</name>
         <load_address>0x20011c70</load_address>
         <run_address>0x20011c70</run_address>
         <size>0x18</size>
         <input_file_ref idref="fl-16"/>
      </object_component>
      <object_component id="oc-153">
         <name>.text:UARTIntEnable</name>
         <load_address>0x20011c88</load_address>
         <run_address>0x20011c88</run_address>
         <size>0x18</size>
         <input_file_ref idref="fl-16"/>
      </object_component>
      <object_component id="oc-392">
         <name>.text:_outc</name>
         <load_address>0x20011ca0</load_address>
         <run_address>0x20011ca0</run_address>
         <size>0x18</size>
         <input_file_ref idref="fl-cf"/>
      </object_component>
      <object_component id="oc-f4">
         <name>.text</name>
         <load_address>0x20011cb8</load_address>
         <run_address>0x20011cb8</run_address>
         <size>0x18</size>
         <input_file_ref idref="fl-d0"/>
      </object_component>
      <object_component id="oc-219">
         <name>.text:PRCMHIBRegRead</name>
         <load_address>0x20011cd0</load_address>
         <run_address>0x20011cd0</run_address>
         <size>0x16</size>
         <input_file_ref idref="fl-13"/>
      </object_component>
      <object_component id="oc-21f">
         <name>.text:PRCMHIBRegWrite</name>
         <load_address>0x20011ce6</load_address>
         <run_address>0x20011ce6</run_address>
         <size>0x16</size>
         <input_file_ref idref="fl-13"/>
      </object_component>
      <object_component id="oc-147">
         <name>.text:UARTFIFOEnable</name>
         <load_address>0x20011cfc</load_address>
         <run_address>0x20011cfc</run_address>
         <size>0x16</size>
         <input_file_ref idref="fl-16"/>
      </object_component>
      <object_component id="oc-4d5">
         <name>.text:strchr</name>
         <load_address>0x20011d12</load_address>
         <run_address>0x20011d12</run_address>
         <size>0x16</size>
         <input_file_ref idref="fl-ed"/>
      </object_component>
      <object_component id="oc-2f2">
         <name>.text:CPUcpsid</name>
         <load_address>0x20011d28</load_address>
         <run_address>0x20011d28</run_address>
         <size>0x14</size>
         <input_file_ref idref="fl-18"/>
      </object_component>
      <object_component id="oc-203">
         <name>.text:CPUcpsie</name>
         <load_address>0x20011d3c</load_address>
         <run_address>0x20011d3c</run_address>
         <size>0x14</size>
         <input_file_ref idref="fl-18"/>
      </object_component>
      <object_component id="oc-e3">
         <name>.text:GPIOIntClear</name>
         <load_address>0x20011d50</load_address>
         <run_address>0x20011d50</run_address>
         <size>0x14</size>
         <input_file_ref idref="fl-10"/>
      </object_component>
      <object_component id="oc-c5">
         <name>.text:IntVTableBaseSet</name>
         <load_address>0x20011d64</load_address>
         <run_address>0x20011d64</run_address>
         <size>0x14</size>
         <input_file_ref idref="fl-11"/>
      </object_component>
      <object_component id="oc-293">
         <name>.text:strlen</name>
         <load_address>0x20011d78</load_address>
         <run_address>0x20011d78</run_address>
         <size>0x14</size>
         <input_file_ref idref="fl-d8"/>
      </object_component>
      <object_component id="oc-129">
         <name>.text:UARTIntClear</name>
         <load_address>0x20011d8c</load_address>
         <run_address>0x20011d8c</run_address>
         <size>0x12</size>
         <input_file_ref idref="fl-16"/>
      </object_component>
      <object_component id="oc-447">
         <name>.text:wcslen</name>
         <load_address>0x20011d9e</load_address>
         <run_address>0x20011d9e</run_address>
         <size>0x12</size>
         <input_file_ref idref="fl-ef"/>
      </object_component>
      <object_component id="oc-254">
         <name>.text:SysTickEnable</name>
         <load_address>0x20011db0</load_address>
         <run_address>0x20011db0</run_address>
         <size>0x10</size>
         <input_file_ref idref="fl-15"/>
      </object_component>
      <object_component id="oc-24e">
         <name>.text:SysTickIntEnable</name>
         <load_address>0x20011dc0</load_address>
         <run_address>0x20011dc0</run_address>
         <size>0x10</size>
         <input_file_ref idref="fl-15"/>
      </object_component>
      <object_component id="oc-1b">
         <name>.text:decompress:none:__TI_decompress_none</name>
         <load_address>0x20011dd0</load_address>
         <run_address>0x20011dd0</run_address>
         <size>0xe</size>
         <input_file_ref idref="fl-d4"/>
      </object_component>
      <object_component id="oc-29">
         <name>.text</name>
         <load_address>0x20011dde</load_address>
         <run_address>0x20011dde</run_address>
         <size>0xe</size>
         <input_file_ref idref="fl-7"/>
      </object_component>
      <object_component id="oc-e9">
         <name>.text:SysTickValueGet</name>
         <load_address>0x20011dec</load_address>
         <run_address>0x20011dec</run_address>
         <size>0xc</size>
         <input_file_ref idref="fl-15"/>
      </object_component>
      <object_component id="oc-512">
         <name>.text:copysign</name>
         <load_address>0x20011df8</load_address>
         <run_address>0x20011df8</run_address>
         <size>0xc</size>
         <input_file_ref idref="fl-f2"/>
      </object_component>
      <object_component id="oc-15c">
         <name>.text:IntMasterDisable</name>
         <load_address>0x20011e04</load_address>
         <run_address>0x20011e04</run_address>
         <size>0xa</size>
         <input_file_ref idref="fl-11"/>
      </object_component>
      <object_component id="oc-cb">
         <name>.text:IntMasterEnable</name>
         <load_address>0x20011e0e</load_address>
         <run_address>0x20011e0e</run_address>
         <size>0xa</size>
         <input_file_ref idref="fl-11"/>
      </object_component>
      <object_component id="oc-44d">
         <name>.text:__aeabi_errno_addr</name>
         <load_address>0x20011e18</load_address>
         <run_address>0x20011e18</run_address>
         <size>0x8</size>
         <input_file_ref idref="fl-ee"/>
      </object_component>
      <object_component id="oc-29f">
         <name>.text:malloc</name>
         <load_address>0x20011e20</load_address>
         <run_address>0x20011e20</run_address>
         <size>0x8</size>
         <input_file_ref idref="fl-d7"/>
      </object_component>
      <object_component id="oc-2f9">
         <name>.text:UtilsDelay</name>
         <load_address>0x20011e28</load_address>
         <run_address>0x20011e28</run_address>
         <size>0x6</size>
         <input_file_ref idref="fl-17"/>
      </object_component>
      <object_component id="oc-91">
         <name>.text:_system_pre_init</name>
         <load_address>0x20011e2e</load_address>
         <run_address>0x20011e2e</run_address>
         <size>0x4</size>
         <input_file_ref idref="fl-e4"/>
      </object_component>
      <object_component id="oc-1c4">
         <name>.text:abort:abort</name>
         <load_address>0x20011e32</load_address>
         <run_address>0x20011e32</run_address>
         <size>0x4</size>
         <input_file_ref idref="fl-e6"/>
      </object_component>
      <object_component id="oc-1b6">
         <name>.const:failure</name>
         <load_address>0x20004400</load_address>
         <run_address>0x20004400</run_address>
         <size>0x2580</size>
         <input_file_ref idref="fl-4"/>
      </object_component>
      <object_component id="oc-169">
         <name>.const:gallow</name>
         <load_address>0x20006980</load_address>
         <run_address>0x20006980</run_address>
         <size>0x2580</size>
         <input_file_ref idref="fl-4"/>
      </object_component>
      <object_component id="oc-1b3">
         <name>.const:victory</name>
         <load_address>0x20008f00</load_address>
         <run_address>0x20008f00</run_address>
         <size>0x2580</size>
         <input_file_ref idref="fl-4"/>
      </object_component>
      <object_component id="oc-285">
         <name>.const:.string:font</name>
         <load_address>0x2000b480</load_address>
         <run_address>0x2000b480</run_address>
         <size>0x4fb</size>
         <input_file_ref idref="fl-2"/>
      </object_component>
      <object_component id="oc-2fa">
         <name>.const:.string:font</name>
         <load_address>0x2000b97b</load_address>
         <run_address>0x2000b97b</run_address>
         <size>0x4fb</size>
         <input_file_ref idref="fl-5"/>
      </object_component>
      <object_component id="oc-1b0">
         <name>.const:left_leg</name>
         <load_address>0x2000be78</load_address>
         <run_address>0x2000be78</run_address>
         <size>0x190</size>
         <input_file_ref idref="fl-4"/>
      </object_component>
      <object_component id="oc-1ad">
         <name>.const:right_leg</name>
         <load_address>0x2000c008</load_address>
         <run_address>0x2000c008</run_address>
         <size>0x190</size>
         <input_file_ref idref="fl-4"/>
      </object_component>
      <object_component id="oc-483">
         <name>.const:.string:_ctypes_</name>
         <load_address>0x2000c198</load_address>
         <run_address>0x2000c198</run_address>
         <size>0x101</size>
         <input_file_ref idref="fl-eb"/>
      </object_component>
      <object_component id="oc-3d7">
         <name>.const:g_ulPinToPadMap</name>
         <load_address>0x2000c29c</load_address>
         <run_address>0x2000c29c</run_address>
         <size>0x100</size>
         <input_file_ref idref="fl-12"/>
      </object_component>
      <object_component id="oc-1a4">
         <name>.const:head</name>
         <load_address>0x2000c39c</load_address>
         <run_address>0x2000c39c</run_address>
         <size>0x100</size>
         <input_file_ref idref="fl-4"/>
      </object_component>
      <object_component id="oc-369">
         <name>.const:PRCM_PeriphRegsList</name>
         <load_address>0x2000c49c</load_address>
         <run_address>0x2000c49c</run_address>
         <size>0xa8</size>
         <input_file_ref idref="fl-13"/>
      </object_component>
      <object_component id="oc-25b">
         <name>.const:.string</name>
         <load_address>0x2000c544</load_address>
         <run_address>0x2000c544</run_address>
         <size>0x66</size>
         <input_file_ref idref="fl-4"/>
      </object_component>
      <object_component id="oc-ff">
         <name>.const:ir_key_table</name>
         <load_address>0x2000c5ac</load_address>
         <run_address>0x2000c5ac</run_address>
         <size>0x60</size>
         <input_file_ref idref="fl-4"/>
      </object_component>
      <object_component id="oc-1aa">
         <name>.const:body</name>
         <load_address>0x2000c60c</load_address>
         <run_address>0x2000c60c</run_address>
         <size>0x28</size>
         <input_file_ref idref="fl-4"/>
      </object_component>
      <object_component id="oc-1a7">
         <name>.const:arm</name>
         <load_address>0x2000c634</load_address>
         <run_address>0x2000c634</run_address>
         <size>0x20</size>
         <input_file_ref idref="fl-4"/>
      </object_component>
      <object_component id="oc-20f">
         <name>.const:g_pulEnRegs</name>
         <load_address>0x2000c654</load_address>
         <run_address>0x2000c654</run_address>
         <size>0x18</size>
         <input_file_ref idref="fl-11"/>
      </object_component>
      <object_component id="oc-3cb">
         <name>.const:g_ppulUARTIntMap</name>
         <load_address>0x2000c66c</load_address>
         <run_address>0x2000c66c</run_address>
         <size>0x10</size>
         <input_file_ref idref="fl-16"/>
      </object_component>
      <object_component id="oc-102">
         <name>.const:infared</name>
         <load_address>0x2000c67c</load_address>
         <run_address>0x2000c67c</run_address>
         <size>0x8</size>
         <input_file_ref idref="fl-4"/>
      </object_component>
      <object_component id="oc-569">
         <name>.cinit..data.load</name>
         <load_address>0x20011e38</load_address>
         <run_address>0x20011e38</run_address>
         <size>0x2b</size>
      </object_component>
      <object_component id="oc-567">
         <name>__TI_handler_table</name>
         <load_address>0x20011e64</load_address>
         <run_address>0x20011e64</run_address>
         <size>0xc</size>
      </object_component>
      <object_component id="oc-56a">
         <name>.cinit..bss.load</name>
         <load_address>0x20011e70</load_address>
         <run_address>0x20011e70</run_address>
         <size>0x8</size>
      </object_component>
      <object_component id="oc-568">
         <name>__TI_cinit_table</name>
         <load_address>0x20011e78</load_address>
         <run_address>0x20011e78</run_address>
         <size>0x10</size>
      </object_component>
      <object_component id="oc-288">
         <name>.data</name>
         <load_address>0x20017aec</load_address>
         <run_address>0x20017aec</run_address>
         <size>0x15</size>
         <input_file_ref idref="fl-2"/>
      </object_component>
      <object_component id="oc-108">
         <name>.data</name>
         <load_address>0x20017aa4</load_address>
         <run_address>0x20017aa4</run_address>
         <size>0x48</size>
         <input_file_ref idref="fl-4"/>
      </object_component>
      <object_component id="oc-105">
         <name>.data</name>
         <load_address>0x20017b20</load_address>
         <run_address>0x20017b20</run_address>
         <size>0x4</size>
         <input_file_ref idref="fl-8"/>
      </object_component>
      <object_component id="oc-2c0">
         <name>.data</name>
         <load_address>0x20017b14</load_address>
         <run_address>0x20017b14</run_address>
         <size>0x8</size>
         <input_file_ref idref="fl-9"/>
      </object_component>
      <object_component id="oc-467">
         <name>.data:$O1$$</name>
         <load_address>0x20017b0c</load_address>
         <run_address>0x20017b0c</run_address>
         <size>0x8</size>
         <input_file_ref idref="fl-d7"/>
      </object_component>
      <object_component id="oc-346">
         <name>.data:$O1$$</name>
         <load_address>0x20017b04</load_address>
         <run_address>0x20017b04</run_address>
         <size>0x8</size>
         <input_file_ref idref="fl-e7"/>
      </object_component>
      <object_component id="oc-4e5">
         <name>.data</name>
         <load_address>0x20017b1c</load_address>
         <run_address>0x20017b1c</run_address>
         <size>0x4</size>
         <input_file_ref idref="fl-ee"/>
      </object_component>
      <object_component id="oc-2b1">
         <name>.bss</name>
         <uninitialized>true</uninitialized>
         <run_address>0x20017a9c</run_address>
         <size>0x4</size>
         <input_file_ref idref="fl-a"/>
      </object_component>
      <object_component id="oc-159">
         <name>.common:cBuff</name>
         <uninitialized>true</uninitialized>
         <run_address>0x20017800</run_address>
         <size>0x274</size>
      </object_component>
      <object_component id="oc-168">
         <name>.common:word</name>
         <uninitialized>true</uninitialized>
         <run_address>0x20017a88</run_address>
         <size>0x14</size>
      </object_component>
      <object_component id="oc-16c">
         <name>.common:guessState</name>
         <uninitialized>true</uninitialized>
         <run_address>0x20017a74</run_address>
         <size>0x14</size>
      </object_component>
      <object_component id="oc-1a3">
         <name>.common:status</name>
         <uninitialized>true</uninitialized>
         <run_address>0x20017aa0</run_address>
         <size>0x4</size>
      </object_component>
      <object_component id="oc-23">
         <name>.sysmem</name>
         <uninitialized>true</uninitialized>
         <run_address>0x20017000</run_address>
         <size>0x10</size>
         <input_file_ref idref="fl-d7"/>
      </object_component>
      <object_component id="oc-56d">
         <name>.sysmem</name>
         <uninitialized>true</uninitialized>
         <run_address>0x20017000</run_address>
         <size>0x0</size>
      </object_component>
      <object_component id="oc-26">
         <name>.stack</name>
         <uninitialized>true</uninitialized>
         <run_address>0x2002f800</run_address>
         <size>0x4</size>
         <input_file_ref idref="fl-d9"/>
      </object_component>
      <object_component id="oc-56c">
         <name>.stack</name>
         <uninitialized>true</uninitialized>
         <run_address>0x2002f800</run_address>
         <size>0x0</size>
      </object_component>
      <object_component id="oc-28c">
         <name>.debug_info</name>
         <load_address>0x0</load_address>
         <run_address>0x0</run_address>
         <size>0x229</size>
         <input_file_ref idref="fl-2"/>
      </object_component>
      <object_component id="oc-286">
         <name>.debug_info</name>
         <load_address>0x229</load_address>
         <run_address>0x229</run_address>
         <size>0xdb</size>
         <input_file_ref idref="fl-2"/>
      </object_component>
      <object_component id="oc-289">
         <name>.debug_info</name>
         <load_address>0x304</load_address>
         <run_address>0x304</run_address>
         <size>0x189</size>
         <input_file_ref idref="fl-2"/>
      </object_component>
      <object_component id="oc-115">
         <name>.debug_info</name>
         <load_address>0x48d</load_address>
         <run_address>0x48d</run_address>
         <size>0x1547</size>
         <input_file_ref idref="fl-2"/>
      </object_component>
      <object_component id="oc-38">
         <name>.debug_info</name>
         <load_address>0x19d4</load_address>
         <run_address>0x19d4</run_address>
         <size>0x84</size>
         <input_file_ref idref="fl-2"/>
      </object_component>
      <object_component id="oc-284">
         <name>.debug_info</name>
         <load_address>0x1a58</load_address>
         <run_address>0x1a58</run_address>
         <size>0x22d</size>
         <input_file_ref idref="fl-3"/>
      </object_component>
      <object_component id="oc-10f">
         <name>.debug_info</name>
         <load_address>0x1c85</load_address>
         <run_address>0x1c85</run_address>
         <size>0xe97</size>
         <input_file_ref idref="fl-3"/>
      </object_component>
      <object_component id="oc-40f">
         <name>.debug_info</name>
         <load_address>0x2b1c</load_address>
         <run_address>0x2b1c</run_address>
         <size>0x62</size>
         <input_file_ref idref="fl-3"/>
      </object_component>
      <object_component id="oc-20a">
         <name>.debug_info</name>
         <load_address>0x2b7e</load_address>
         <run_address>0x2b7e</run_address>
         <size>0x2c</size>
         <input_file_ref idref="fl-3"/>
      </object_component>
      <object_component id="oc-bc">
         <name>.debug_info</name>
         <load_address>0x2baa</load_address>
         <run_address>0x2baa</run_address>
         <size>0x2c</size>
         <input_file_ref idref="fl-3"/>
      </object_component>
      <object_component id="oc-2ed">
         <name>.debug_info</name>
         <load_address>0x2bd6</load_address>
         <run_address>0x2bd6</run_address>
         <size>0x35</size>
         <input_file_ref idref="fl-3"/>
      </object_component>
      <object_component id="oc-15a">
         <name>.debug_info</name>
         <load_address>0x2c0b</load_address>
         <run_address>0x2c0b</run_address>
         <size>0xa0e</size>
         <input_file_ref idref="fl-4"/>
      </object_component>
      <object_component id="oc-109">
         <name>.debug_info</name>
         <load_address>0x3619</load_address>
         <run_address>0x3619</run_address>
         <size>0x358</size>
         <input_file_ref idref="fl-4"/>
      </object_component>
      <object_component id="oc-100">
         <name>.debug_info</name>
         <load_address>0x3971</load_address>
         <run_address>0x3971</run_address>
         <size>0xe3</size>
         <input_file_ref idref="fl-4"/>
      </object_component>
      <object_component id="oc-103">
         <name>.debug_info</name>
         <load_address>0x3a54</load_address>
         <run_address>0x3a54</run_address>
         <size>0xd9</size>
         <input_file_ref idref="fl-4"/>
      </object_component>
      <object_component id="oc-16a">
         <name>.debug_info</name>
         <load_address>0x3b2d</load_address>
         <run_address>0x3b2d</run_address>
         <size>0xd9</size>
         <input_file_ref idref="fl-4"/>
      </object_component>
      <object_component id="oc-1a5">
         <name>.debug_info</name>
         <load_address>0x3c06</load_address>
         <run_address>0x3c06</run_address>
         <size>0xd5</size>
         <input_file_ref idref="fl-4"/>
      </object_component>
      <object_component id="oc-1a8">
         <name>.debug_info</name>
         <load_address>0x3cdb</load_address>
         <run_address>0x3cdb</run_address>
         <size>0xd3</size>
         <input_file_ref idref="fl-4"/>
      </object_component>
      <object_component id="oc-1ab">
         <name>.debug_info</name>
         <load_address>0x3dae</load_address>
         <run_address>0x3dae</run_address>
         <size>0xd5</size>
         <input_file_ref idref="fl-4"/>
      </object_component>
      <object_component id="oc-1ae">
         <name>.debug_info</name>
         <load_address>0x3e83</load_address>
         <run_address>0x3e83</run_address>
         <size>0xdf</size>
         <input_file_ref idref="fl-4"/>
      </object_component>
      <object_component id="oc-1b1">
         <name>.debug_info</name>
         <load_address>0x3f62</load_address>
         <run_address>0x3f62</run_address>
         <size>0xdd</size>
         <input_file_ref idref="fl-4"/>
      </object_component>
      <object_component id="oc-1b4">
         <name>.debug_info</name>
         <load_address>0x403f</load_address>
         <run_address>0x403f</run_address>
         <size>0xdb</size>
         <input_file_ref idref="fl-4"/>
      </object_component>
      <object_component id="oc-1b7">
         <name>.debug_info</name>
         <load_address>0x411a</load_address>
         <run_address>0x411a</run_address>
         <size>0xdb</size>
         <input_file_ref idref="fl-4"/>
      </object_component>
      <object_component id="oc-98">
         <name>.debug_info</name>
         <load_address>0x41f5</load_address>
         <run_address>0x41f5</run_address>
         <size>0xe04</size>
         <input_file_ref idref="fl-4"/>
      </object_component>
      <object_component id="oc-1bf">
         <name>.debug_info</name>
         <load_address>0x4ff9</load_address>
         <run_address>0x4ff9</run_address>
         <size>0x173</size>
         <input_file_ref idref="fl-4"/>
      </object_component>
      <object_component id="oc-2e8">
         <name>.debug_info</name>
         <load_address>0x516c</load_address>
         <run_address>0x516c</run_address>
         <size>0x26b</size>
         <input_file_ref idref="fl-4"/>
      </object_component>
      <object_component id="oc-33d">
         <name>.debug_info</name>
         <load_address>0x53d7</load_address>
         <run_address>0x53d7</run_address>
         <size>0x2a4</size>
         <input_file_ref idref="fl-4"/>
      </object_component>
      <object_component id="oc-1ba">
         <name>.debug_info</name>
         <load_address>0x567b</load_address>
         <run_address>0x567b</run_address>
         <size>0xbb</size>
         <input_file_ref idref="fl-4"/>
      </object_component>
      <object_component id="oc-2b6">
         <name>.debug_info</name>
         <load_address>0x5736</load_address>
         <run_address>0x5736</run_address>
         <size>0x2c</size>
         <input_file_ref idref="fl-4"/>
      </object_component>
      <object_component id="oc-2fe">
         <name>.debug_info</name>
         <load_address>0x5762</load_address>
         <run_address>0x5762</run_address>
         <size>0x524</size>
         <input_file_ref idref="fl-5"/>
      </object_component>
      <object_component id="oc-2fb">
         <name>.debug_info</name>
         <load_address>0x5c86</load_address>
         <run_address>0x5c86</run_address>
         <size>0xd8</size>
         <input_file_ref idref="fl-5"/>
      </object_component>
      <object_component id="oc-163">
         <name>.debug_info</name>
         <load_address>0x5d5e</load_address>
         <run_address>0x5d5e</run_address>
         <size>0x14c5</size>
         <input_file_ref idref="fl-5"/>
      </object_component>
      <object_component id="oc-170">
         <name>.debug_info</name>
         <load_address>0x7223</load_address>
         <run_address>0x7223</run_address>
         <size>0x446</size>
         <input_file_ref idref="fl-6"/>
      </object_component>
      <object_component id="oc-31">
         <name>.debug_info</name>
         <load_address>0x7669</load_address>
         <run_address>0x7669</run_address>
         <size>0x199</size>
         <input_file_ref idref="fl-7"/>
      </object_component>
      <object_component id="oc-13">
         <name>.debug_info</name>
         <load_address>0x7802</load_address>
         <run_address>0x7802</run_address>
         <size>0x118</size>
         <input_file_ref idref="fl-7"/>
      </object_component>
      <object_component id="oc-2c">
         <name>.debug_info</name>
         <load_address>0x791a</load_address>
         <run_address>0x791a</run_address>
         <size>0x439</size>
         <input_file_ref idref="fl-7"/>
      </object_component>
      <object_component id="oc-262">
         <name>.debug_info</name>
         <load_address>0x7d53</load_address>
         <run_address>0x7d53</run_address>
         <size>0x252</size>
         <input_file_ref idref="fl-8"/>
      </object_component>
      <object_component id="oc-106">
         <name>.debug_info</name>
         <load_address>0x7fa5</load_address>
         <run_address>0x7fa5</run_address>
         <size>0xeb</size>
         <input_file_ref idref="fl-8"/>
      </object_component>
      <object_component id="oc-fa">
         <name>.debug_info</name>
         <load_address>0x8090</load_address>
         <run_address>0x8090</run_address>
         <size>0x23f</size>
         <input_file_ref idref="fl-8"/>
      </object_component>
      <object_component id="oc-2c1">
         <name>.debug_info</name>
         <load_address>0x82cf</load_address>
         <run_address>0x82cf</run_address>
         <size>0xf9</size>
         <input_file_ref idref="fl-9"/>
      </object_component>
      <object_component id="oc-120">
         <name>.debug_info</name>
         <load_address>0x83c8</load_address>
         <run_address>0x83c8</run_address>
         <size>0x184</size>
         <input_file_ref idref="fl-9"/>
      </object_component>
      <object_component id="oc-2b5">
         <name>.debug_info</name>
         <load_address>0x854c</load_address>
         <run_address>0x854c</run_address>
         <size>0x3b7</size>
         <input_file_ref idref="fl-a"/>
      </object_component>
      <object_component id="oc-2b2">
         <name>.debug_info</name>
         <load_address>0x8903</load_address>
         <run_address>0x8903</run_address>
         <size>0xe2</size>
         <input_file_ref idref="fl-a"/>
      </object_component>
      <object_component id="oc-119">
         <name>.debug_info</name>
         <load_address>0x89e5</load_address>
         <run_address>0x89e5</run_address>
         <size>0x64a</size>
         <input_file_ref idref="fl-a"/>
      </object_component>
      <object_component id="oc-2bb">
         <name>.debug_info</name>
         <load_address>0x902f</load_address>
         <run_address>0x902f</run_address>
         <size>0x110</size>
         <input_file_ref idref="fl-a"/>
      </object_component>
      <object_component id="oc-32b">
         <name>.debug_info</name>
         <load_address>0x913f</load_address>
         <run_address>0x913f</run_address>
         <size>0x1e0</size>
         <input_file_ref idref="fl-10"/>
      </object_component>
      <object_component id="oc-328">
         <name>.debug_info</name>
         <load_address>0x931f</load_address>
         <run_address>0x931f</run_address>
         <size>0x19e</size>
         <input_file_ref idref="fl-10"/>
      </object_component>
      <object_component id="oc-311">
         <name>.debug_info</name>
         <load_address>0x94bd</load_address>
         <run_address>0x94bd</run_address>
         <size>0x1dd</size>
         <input_file_ref idref="fl-10"/>
      </object_component>
      <object_component id="oc-195">
         <name>.debug_info</name>
         <load_address>0x969a</load_address>
         <run_address>0x969a</run_address>
         <size>0x1e8</size>
         <input_file_ref idref="fl-10"/>
      </object_component>
      <object_component id="oc-19b">
         <name>.debug_info</name>
         <load_address>0x9882</load_address>
         <run_address>0x9882</run_address>
         <size>0x1bf</size>
         <input_file_ref idref="fl-10"/>
      </object_component>
      <object_component id="oc-e0">
         <name>.debug_info</name>
         <load_address>0x9a41</load_address>
         <run_address>0x9a41</run_address>
         <size>0x1b7</size>
         <input_file_ref idref="fl-10"/>
      </object_component>
      <object_component id="oc-e7">
         <name>.debug_info</name>
         <load_address>0x9bf8</load_address>
         <run_address>0x9bf8</run_address>
         <size>0x1bd</size>
         <input_file_ref idref="fl-10"/>
      </object_component>
      <object_component id="oc-18e">
         <name>.debug_info</name>
         <load_address>0x9db5</load_address>
         <run_address>0x9db5</run_address>
         <size>0x208</size>
         <input_file_ref idref="fl-10"/>
      </object_component>
      <object_component id="oc-26d">
         <name>.debug_info</name>
         <load_address>0x9fbd</load_address>
         <run_address>0x9fbd</run_address>
         <size>0x1d4</size>
         <input_file_ref idref="fl-10"/>
      </object_component>
      <object_component id="oc-365">
         <name>.debug_info</name>
         <load_address>0xa191</load_address>
         <run_address>0xa191</run_address>
         <size>0x201</size>
         <input_file_ref idref="fl-11"/>
      </object_component>
      <object_component id="oc-210">
         <name>.debug_info</name>
         <load_address>0xa392</load_address>
         <run_address>0xa392</run_address>
         <size>0xf4</size>
         <input_file_ref idref="fl-11"/>
      </object_component>
      <object_component id="oc-ce">
         <name>.debug_info</name>
         <load_address>0xa486</load_address>
         <run_address>0xa486</run_address>
         <size>0x17c</size>
         <input_file_ref idref="fl-11"/>
      </object_component>
      <object_component id="oc-15f">
         <name>.debug_info</name>
         <load_address>0xa602</load_address>
         <run_address>0xa602</run_address>
         <size>0x17e</size>
         <input_file_ref idref="fl-11"/>
      </object_component>
      <object_component id="oc-c8">
         <name>.debug_info</name>
         <load_address>0xa780</load_address>
         <run_address>0xa780</run_address>
         <size>0x1ae</size>
         <input_file_ref idref="fl-11"/>
      </object_component>
      <object_component id="oc-2e0">
         <name>.debug_info</name>
         <load_address>0xa92e</load_address>
         <run_address>0xa92e</run_address>
         <size>0x1f8</size>
         <input_file_ref idref="fl-11"/>
      </object_component>
      <object_component id="oc-d4">
         <name>.debug_info</name>
         <load_address>0xab26</load_address>
         <run_address>0xab26</run_address>
         <size>0x19f</size>
         <input_file_ref idref="fl-11"/>
      </object_component>
      <object_component id="oc-472">
         <name>.debug_info</name>
         <load_address>0xacc5</load_address>
         <run_address>0xacc5</run_address>
         <size>0x14e</size>
         <input_file_ref idref="fl-12"/>
      </object_component>
      <object_component id="oc-3d8">
         <name>.debug_info</name>
         <load_address>0xae13</load_address>
         <run_address>0xae13</run_address>
         <size>0xf6</size>
         <input_file_ref idref="fl-12"/>
      </object_component>
      <object_component id="oc-303">
         <name>.debug_info</name>
         <load_address>0xaf09</load_address>
         <run_address>0xaf09</run_address>
         <size>0x1bf</size>
         <input_file_ref idref="fl-12"/>
      </object_component>
      <object_component id="oc-3dd">
         <name>.debug_info</name>
         <load_address>0xb0c8</load_address>
         <run_address>0xb0c8</run_address>
         <size>0x20d</size>
         <input_file_ref idref="fl-12"/>
      </object_component>
      <object_component id="oc-31d">
         <name>.debug_info</name>
         <load_address>0xb2d5</load_address>
         <run_address>0xb2d5</run_address>
         <size>0x1d4</size>
         <input_file_ref idref="fl-12"/>
      </object_component>
      <object_component id="oc-316">
         <name>.debug_info</name>
         <load_address>0xb4a9</load_address>
         <run_address>0xb4a9</run_address>
         <size>0x1d2</size>
         <input_file_ref idref="fl-12"/>
      </object_component>
      <object_component id="oc-30b">
         <name>.debug_info</name>
         <load_address>0xb67b</load_address>
         <run_address>0xb67b</run_address>
         <size>0x222</size>
         <input_file_ref idref="fl-12"/>
      </object_component>
      <object_component id="oc-36e">
         <name>.debug_info</name>
         <load_address>0xb89d</load_address>
         <run_address>0xb89d</run_address>
         <size>0x25e</size>
         <input_file_ref idref="fl-13"/>
      </object_component>
      <object_component id="oc-36a">
         <name>.debug_info</name>
         <load_address>0xbafb</load_address>
         <run_address>0xbafb</run_address>
         <size>0xff</size>
         <input_file_ref idref="fl-13"/>
      </object_component>
      <object_component id="oc-215">
         <name>.debug_info</name>
         <load_address>0xbbfa</load_address>
         <run_address>0xbbfa</run_address>
         <size>0x1a6</size>
         <input_file_ref idref="fl-13"/>
      </object_component>
      <object_component id="oc-227">
         <name>.debug_info</name>
         <load_address>0xbda0</load_address>
         <run_address>0xbda0</run_address>
         <size>0x1eb</size>
         <input_file_ref idref="fl-13"/>
      </object_component>
      <object_component id="oc-233">
         <name>.debug_info</name>
         <load_address>0xbf8b</load_address>
         <run_address>0xbf8b</run_address>
         <size>0x1ed</size>
         <input_file_ref idref="fl-13"/>
      </object_component>
      <object_component id="oc-13d">
         <name>.debug_info</name>
         <load_address>0xc178</load_address>
         <run_address>0xc178</run_address>
         <size>0x216</size>
         <input_file_ref idref="fl-13"/>
      </object_component>
      <object_component id="oc-22d">
         <name>.debug_info</name>
         <load_address>0xc38e</load_address>
         <run_address>0xc38e</run_address>
         <size>0x1c0</size>
         <input_file_ref idref="fl-13"/>
      </object_component>
      <object_component id="oc-d8">
         <name>.debug_info</name>
         <load_address>0xc54e</load_address>
         <run_address>0xc54e</run_address>
         <size>0x283</size>
         <input_file_ref idref="fl-13"/>
      </object_component>
      <object_component id="oc-21a">
         <name>.debug_info</name>
         <load_address>0xc7d1</load_address>
         <run_address>0xc7d1</run_address>
         <size>0x1bf</size>
         <input_file_ref idref="fl-13"/>
      </object_component>
      <object_component id="oc-220">
         <name>.debug_info</name>
         <load_address>0xc990</load_address>
         <run_address>0xc990</run_address>
         <size>0x1d4</size>
         <input_file_ref idref="fl-13"/>
      </object_component>
      <object_component id="oc-37c">
         <name>.debug_info</name>
         <load_address>0xcb64</load_address>
         <run_address>0xcb64</run_address>
         <size>0x232</size>
         <input_file_ref idref="fl-14"/>
      </object_component>
      <object_component id="oc-189">
         <name>.debug_info</name>
         <load_address>0xcd96</load_address>
         <run_address>0xcd96</run_address>
         <size>0x179</size>
         <input_file_ref idref="fl-14"/>
      </object_component>
      <object_component id="oc-177">
         <name>.debug_info</name>
         <load_address>0xcf0f</load_address>
         <run_address>0xcf0f</run_address>
         <size>0x177</size>
         <input_file_ref idref="fl-14"/>
      </object_component>
      <object_component id="oc-17d">
         <name>.debug_info</name>
         <load_address>0xd086</load_address>
         <run_address>0xd086</run_address>
         <size>0x28e</size>
         <input_file_ref idref="fl-14"/>
      </object_component>
      <object_component id="oc-27b">
         <name>.debug_info</name>
         <load_address>0xd314</load_address>
         <run_address>0xd314</run_address>
         <size>0x1aa</size>
         <input_file_ref idref="fl-14"/>
      </object_component>
      <object_component id="oc-275">
         <name>.debug_info</name>
         <load_address>0xd4be</load_address>
         <run_address>0xd4be</run_address>
         <size>0x1a6</size>
         <input_file_ref idref="fl-14"/>
      </object_component>
      <object_component id="oc-183">
         <name>.debug_info</name>
         <load_address>0xd664</load_address>
         <run_address>0xd664</run_address>
         <size>0x1b0</size>
         <input_file_ref idref="fl-14"/>
      </object_component>
      <object_component id="oc-269">
         <name>.debug_info</name>
         <load_address>0xd814</load_address>
         <run_address>0xd814</run_address>
         <size>0x17d</size>
         <input_file_ref idref="fl-14"/>
      </object_component>
      <object_component id="oc-281">
         <name>.debug_info</name>
         <load_address>0xd991</load_address>
         <run_address>0xd991</run_address>
         <size>0x17f</size>
         <input_file_ref idref="fl-14"/>
      </object_component>
      <object_component id="oc-373">
         <name>.debug_info</name>
         <load_address>0xdb10</load_address>
         <run_address>0xdb10</run_address>
         <size>0x199</size>
         <input_file_ref idref="fl-15"/>
      </object_component>
      <object_component id="oc-255">
         <name>.debug_info</name>
         <load_address>0xdca9</load_address>
         <run_address>0xdca9</run_address>
         <size>0x15f</size>
         <input_file_ref idref="fl-15"/>
      </object_component>
      <object_component id="oc-249">
         <name>.debug_info</name>
         <load_address>0xde08</load_address>
         <run_address>0xde08</run_address>
         <size>0x1b6</size>
         <input_file_ref idref="fl-15"/>
      </object_component>
      <object_component id="oc-24f">
         <name>.debug_info</name>
         <load_address>0xdfbe</load_address>
         <run_address>0xdfbe</run_address>
         <size>0x165</size>
         <input_file_ref idref="fl-15"/>
      </object_component>
      <object_component id="oc-246">
         <name>.debug_info</name>
         <load_address>0xe123</load_address>
         <run_address>0xe123</run_address>
         <size>0x198</size>
         <input_file_ref idref="fl-15"/>
      </object_component>
      <object_component id="oc-ed">
         <name>.debug_info</name>
         <load_address>0xe2bb</load_address>
         <run_address>0xe2bb</run_address>
         <size>0x16a</size>
         <input_file_ref idref="fl-15"/>
      </object_component>
      <object_component id="oc-2e4">
         <name>.debug_info</name>
         <load_address>0xe425</load_address>
         <run_address>0xe425</run_address>
         <size>0x209</size>
         <input_file_ref idref="fl-16"/>
      </object_component>
      <object_component id="oc-3cc">
         <name>.debug_info</name>
         <load_address>0xe62e</load_address>
         <run_address>0xe62e</run_address>
         <size>0xf9</size>
         <input_file_ref idref="fl-16"/>
      </object_component>
      <object_component id="oc-2d9">
         <name>.debug_info</name>
         <load_address>0xe727</load_address>
         <run_address>0xe727</run_address>
         <size>0x19e</size>
         <input_file_ref idref="fl-16"/>
      </object_component>
      <object_component id="oc-143">
         <name>.debug_info</name>
         <load_address>0xe8c5</load_address>
         <run_address>0xe8c5</run_address>
         <size>0x25c</size>
         <input_file_ref idref="fl-16"/>
      </object_component>
      <object_component id="oc-2d1">
         <name>.debug_info</name>
         <load_address>0xeb21</load_address>
         <run_address>0xeb21</run_address>
         <size>0x17e</size>
         <input_file_ref idref="fl-16"/>
      </object_component>
      <object_component id="oc-2cb">
         <name>.debug_info</name>
         <load_address>0xec9f</load_address>
         <run_address>0xec9f</run_address>
         <size>0x180</size>
         <input_file_ref idref="fl-16"/>
      </object_component>
      <object_component id="oc-149">
         <name>.debug_info</name>
         <load_address>0xee1f</load_address>
         <run_address>0xee1f</run_address>
         <size>0x186</size>
         <input_file_ref idref="fl-16"/>
      </object_component>
      <object_component id="oc-137">
         <name>.debug_info</name>
         <load_address>0xefa5</load_address>
         <run_address>0xefa5</run_address>
         <size>0x18a</size>
         <input_file_ref idref="fl-16"/>
      </object_component>
      <object_component id="oc-130">
         <name>.debug_info</name>
         <load_address>0xf12f</load_address>
         <run_address>0xf12f</run_address>
         <size>0x19a</size>
         <input_file_ref idref="fl-16"/>
      </object_component>
      <object_component id="oc-19f">
         <name>.debug_info</name>
         <load_address>0xf2c9</load_address>
         <run_address>0xf2c9</run_address>
         <size>0x1ab</size>
         <input_file_ref idref="fl-16"/>
      </object_component>
      <object_component id="oc-14f">
         <name>.debug_info</name>
         <load_address>0xf474</load_address>
         <run_address>0xf474</run_address>
         <size>0x210</size>
         <input_file_ref idref="fl-16"/>
      </object_component>
      <object_component id="oc-155">
         <name>.debug_info</name>
         <load_address>0xf684</load_address>
         <run_address>0xf684</run_address>
         <size>0x1bf</size>
[...]
      <symbol id="sm-36b">
         <name>nextChar</name>
         <value>0x2000f7f1</value>
         <object_component_ref idref="oc-11d"/>
      </symbol>
      <symbol id="sm-3ad">
         <name>GetCmd</name>
         <value>0x2000f88b</value>
         <object_component_ref idref="oc-117"/>
      </symbol>
      <symbol id="sm-3ae">
         <name>Message</name>
         <value>0x2000f827</value>
         <object_component_ref idref="oc-117"/>
      </symbol>
      <symbol id="sm-3af">
         <name>Report</name>
         <value>0x2000f9c9</value>
         <object_component_ref idref="oc-117"/>
      </symbol>
      <symbol id="sm-3b0">
         <name>Error</name>
         <value>0x2000f853</value>
         <object_component_ref idref="oc-117"/>
      </symbol>
      <symbol id="sm-3b1">
         <name>InitTerm</name>
         <value>0x2000f809</value>
         <object_component_ref idref="oc-117"/>
      </symbol>
      <symbol id="sm-3b2">
         <name>ClearTerm</name>
         <value>0x2000f849</value>
         <object_component_ref idref="oc-117"/>
      </symbol>
      <symbol id="sm-3b3">
         <name>TrimSpace</name>
         <value>0x2000f931</value>
         <object_component_ref idref="oc-117"/>
      </symbol>
      <symbol id="sm-40b">
         <name>GPIOIntRegister</name>
         <value>0x20011a85</value>
         <object_component_ref idref="oc-18b"/>
      </symbol>
      <symbol id="sm-40c">
         <name>GPIOIntEnable</name>
         <value>0x20011ba9</value>
         <object_component_ref idref="oc-197"/>
      </symbol>
      <symbol id="sm-40d">
         <name>GPIOIntTypeSet</name>
         <value>0x200110d1</value>
         <object_component_ref idref="oc-191"/>
      </symbol>
      <symbol id="sm-40e">
         <name>GPIOIntClear</name>
         <value>0x20011d51</value>
         <object_component_ref idref="oc-e3"/>
      </symbol>
      <symbol id="sm-40f">
         <name>GPIOIntStatus</name>
         <value>0x200119e1</value>
         <object_component_ref idref="oc-dd"/>
      </symbol>
      <symbol id="sm-410">
         <name>GPIODirModeSet</name>
         <value>0x200117fd</value>
         <object_component_ref idref="oc-30d"/>
      </symbol>
      <symbol id="sm-411">
         <name>GPIOPinWrite</name>
         <value>0x20011a25</value>
         <object_component_ref idref="oc-26b"/>
      </symbol>
      <symbol id="sm-452">
         <name>IntVTableBaseSet</name>
         <value>0x20011d65</value>
         <object_component_ref idref="oc-c5"/>
      </symbol>
      <symbol id="sm-453">
         <name>IntEnable</name>
         <value>0x20010c2d</value>
         <object_component_ref idref="oc-d1"/>
      </symbol>
      <symbol id="sm-454">
         <name>IntRegister</name>
         <value>0x20011a45</value>
         <object_component_ref idref="oc-2dd"/>
      </symbol>
      <symbol id="sm-455">
         <name>IntMasterDisable</name>
         <value>0x20011e05</value>
         <object_component_ref idref="oc-15c"/>
      </symbol>
      <symbol id="sm-456">
         <name>IntMasterEnable</name>
         <value>0x20011e0f</value>
         <object_component_ref idref="oc-cb"/>
      </symbol>
      <symbol id="sm-495">
         <name>PinTypeUART</name>
         <value>0x20011bdd</value>
         <object_component_ref idref="oc-319"/>
      </symbol>
      <symbol id="sm-496">
         <name>PinTypeGPIO</name>
         <value>0x20011833</value>
         <object_component_ref idref="oc-307"/>
      </symbol>
      <symbol id="sm-497">
         <name>PinConfigSet</name>
         <value>0x20010f3d</value>
         <object_component_ref idref="oc-3db"/>
      </symbol>
      <symbol id="sm-498">
         <name>PinTypeSPI</name>
         <value>0x20011bc3</value>
         <object_component_ref idref="oc-313"/>
      </symbol>
      <symbol id="sm-499">
         <name>PinModeSet</name>
         <value>0x20011701</value>
         <object_component_ref idref="oc-301"/>
      </symbol>
      <symbol id="sm-51f">
         <name>PRCMPeripheralReset</name>
         <value>0x20011449</value>
         <object_component_ref idref="oc-22b"/>
      </symbol>
      <symbol id="sm-520">
         <name>PRCMPeripheralClkEnable</name>
         <value>0x200117c1</value>
         <object_component_ref idref="oc-225"/>
      </symbol>
      <symbol id="sm-521">
         <name>PRCMPeripheralClockGet</name>
         <value>0x20010ea9</value>
         <object_component_ref idref="oc-13b"/>
      </symbol>
      <symbol id="sm-522">
         <name>PRCMCC3200MCUInit</name>
         <value>0x20010071</value>
         <object_component_ref idref="oc-d7"/>
      </symbol>
      <symbol id="sm-523">
         <name>PRCMHIBRegWrite</name>
         <value>0x20011ce7</value>
         <object_component_ref idref="oc-21f"/>
      </symbol>
      <symbol id="sm-524">
         <name>PRCMSysResetCauseGet</name>
         <value>0x200118f5</value>
         <object_component_ref idref="oc-213"/>
      </symbol>
      <symbol id="sm-525">
         <name>PRCMPeripheralClkDisable</name>
         <value>0x20011921</value>
         <object_component_ref idref="oc-231"/>
      </symbol>
      <symbol id="sm-526">
         <name>PRCMHIBRegRead</name>
         <value>0x20011cd1</value>
         <object_component_ref idref="oc-219"/>
      </symbol>
      <symbol id="sm-573">
         <name>SPICSEnable</name>
         <value>0x20011c29</value>
         <object_component_ref idref="oc-265"/>
      </symbol>
      <symbol id="sm-574">
         <name>SPIFIFOEnable</name>
         <value>0x20011bf7</value>
         <object_component_ref idref="oc-17f"/>
      </symbol>
      <symbol id="sm-575">
         <name>SPIDataPut</name>
         <value>0x20011aa3</value>
         <object_component_ref idref="oc-271"/>
      </symbol>
      <symbol id="sm-576">
         <name>SPIEnable</name>
         <value>0x20011c41</value>
         <object_component_ref idref="oc-185"/>
      </symbol>
      <symbol id="sm-577">
         <name>SPIDataGet</name>
         <value>0x20011a65</value>
         <object_component_ref idref="oc-277"/>
      </symbol>
      <symbol id="sm-578">
         <name>SPIConfigSetExpClk</name>
         <value>0x20010cd5</value>
         <object_component_ref idref="oc-179"/>
      </symbol>
      <symbol id="sm-579">
         <name>SPIReset</name>
         <value>0x20011a03</value>
         <object_component_ref idref="oc-173"/>
      </symbol>
      <symbol id="sm-57a">
         <name>SPICSDisable</name>
         <value>0x20011c11</value>
         <object_component_ref idref="oc-27d"/>
      </symbol>
      <symbol id="sm-5b1">
         <name>SysTickEnable</name>
         <value>0x20011db1</value>
         <object_component_ref idref="oc-254"/>
      </symbol>
      <symbol id="sm-5b2">
         <name>SysTickIntRegister</name>
         <value>0x20011b1d</value>
         <object_component_ref idref="oc-248"/>
      </symbol>
      <symbol id="sm-5b3">
         <name>SysTickIntEnable</name>
         <value>0x20011dc1</value>
         <object_component_ref idref="oc-24e"/>
      </symbol>
      <symbol id="sm-5b4">
         <name>SysTickValueGet</name>
         <value>0x20011ded</value>
         <object_component_ref idref="oc-e9"/>
      </symbol>
      <symbol id="sm-5b5">
         <name>SysTickPeriodSet</name>
         <value>0x20011c59</value>
         <object_component_ref idref="oc-242"/>
      </symbol>
      <symbol id="sm-635">
         <name>UARTConfigSetExpClk</name>
         <value>0x200111cd</value>
         <object_component_ref idref="oc-141"/>
      </symbol>
      <symbol id="sm-636">
         <name>UARTDisable</name>
         <value>0x20011865</value>
         <object_component_ref idref="oc-2c9"/>
      </symbol>
      <symbol id="sm-637">
         <name>UARTIntEnable</name>
         <value>0x20011c89</value>
         <object_component_ref idref="oc-153"/>
      </symbol>
      <symbol id="sm-638">
         <name>UARTCharsAvail</name>
         <value>0x20011c71</value>
         <object_component_ref idref="oc-135"/>
      </symbol>
      <symbol id="sm-639">
         <name>UARTCharGetNonBlocking</name>
         <value>0x20011b39</value>
         <object_component_ref idref="oc-12f"/>
      </symbol>
      <symbol id="sm-63a">
         <name>UARTCharPut</name>
         <value>0x20011ac1</value>
         <object_component_ref idref="oc-19d"/>
      </symbol>
      <symbol id="sm-63b">
         <name>UARTEnable</name>
         <value>0x20011999</value>
         <object_component_ref idref="oc-2cf"/>
      </symbol>
      <symbol id="sm-63c">
         <name>UARTFIFOEnable</name>
         <value>0x20011cfd</value>
         <object_component_ref idref="oc-147"/>
      </symbol>
      <symbol id="sm-63d">
         <name>UARTIntClear</name>
         <value>0x20011d8d</value>
         <object_component_ref idref="oc-129"/>
      </symbol>
      <symbol id="sm-63e">
         <name>UARTIntStatus</name>
         <value>0x20011afd</value>
         <object_component_ref idref="oc-123"/>
      </symbol>
      <symbol id="sm-63f">
         <name>UARTIntRegister</name>
         <value>0x20011adf</value>
         <object_component_ref idref="oc-14d"/>
      </symbol>
      <symbol id="sm-643">
         <name>UtilsDelay</name>
         <value>0x20011e29</value>
         <object_component_ref idref="oc-2f9"/>
      </symbol>
      <symbol id="sm-655">
         <name>CPUcpsie</name>
         <value>0x20011d3d</value>
         <object_component_ref idref="oc-203"/>
      </symbol>
      <symbol id="sm-656">
         <name>CPUcpsid</name>
         <value>0x20011d29</value>
         <object_component_ref idref="oc-2f2"/>
      </symbol>
      <symbol id="sm-686">
         <name>vsnprintf</name>
         <value>0x20011741</value>
         <object_component_ref idref="oc-28d"/>
      </symbol>
      <symbol id="sm-68f">
         <name>__aeabi_lmul</name>
         <value>0x20011cb9</value>
         <object_component_ref idref="oc-f4"/>
      </symbol>
      <symbol id="sm-6aa">
         <name>memcpy</name>
         <value>0x20010d75</value>
         <object_component_ref idref="oc-3d"/>
      </symbol>
      <symbol id="sm-6ab">
         <name>__aeabi_memcpy</name>
         <value>0x20010d75</value>
         <object_component_ref idref="oc-3d"/>
      </symbol>
      <symbol id="sm-6ac">
         <name>__aeabi_memcpy8</name>
         <value>0x20010d75</value>
         <object_component_ref idref="oc-3d"/>
      </symbol>
      <symbol id="sm-6ad">
         <name>__aeabi_memcpy4</name>
         <value>0x20010d75</value>
         <object_component_ref idref="oc-3d"/>
      </symbol>
      <symbol id="sm-6ba">
         <name>__aeabi_uldivmod</name>
         <value>0x20010e11</value>
         <object_component_ref idref="oc-ef"/>
      </symbol>
      <symbol id="sm-6ce">
         <name>__TI_zero_init_nomemset</name>
         <value>0x20011b55</value>
         <object_component_ref idref="oc-49"/>
      </symbol>
      <symbol id="sm-6e5">
         <name>__TI_decompress_none</name>
         <value>0x20011dd1</value>
         <object_component_ref idref="oc-1b"/>
      </symbol>
      <symbol id="sm-708">
         <name>__TI_decompress_lzss</name>
         <value>0x20011323</value>
         <object_component_ref idref="oc-15"/>
      </symbol>
      <symbol id="sm-719">
         <name>memmove</name>
         <value>0x20011971</value>
         <object_component_ref idref="oc-299"/>
      </symbol>
      <symbol id="sm-7b7">
         <name>_sys_memory</name>
         <value>0x20017000</value>
         <object_component_ref idref="oc-23"/>
      </symbol>
      <symbol id="sm-7b8">
         <name>free</name>
         <value>0x200108e1</value>
         <object_component_ref idref="oc-2ab"/>
      </symbol>
      <symbol id="sm-7b9">
         <name>realloc</name>
         <value>0x200109c5</value>
         <object_component_ref idref="oc-2a5"/>
      </symbol>
      <symbol id="sm-7ba">
         <name>memalign</name>
         <value>0x200106e5</value>
         <object_component_ref idref="oc-3a8"/>
      </symbol>
      <symbol id="sm-7bb">
         <name>malloc</name>
         <value>0x20011e21</value>
         <object_component_ref idref="oc-29f"/>
      </symbol>
      <symbol id="sm-7bc">
         <name>aligned_alloc</name>
         <value>0x200106e5</value>
         <object_component_ref idref="oc-3a8"/>
      </symbol>
      <symbol id="sm-7ca">
         <name>strlen</name>
         <value>0x20011d79</value>
         <object_component_ref idref="oc-293"/>
      </symbol>
      <symbol id="sm-7dc">
         <name>__stack</name>
         <value>0x2002f800</value>
         <object_component_ref idref="oc-26"/>
      </symbol>
      <symbol id="sm-7dd">
         <name>_c_int00_noargs</name>
         <value>0x200119bd</value>
         <object_component_ref idref="oc-5b"/>
      </symbol>
      <symbol id="sm-942">
         <name>__TI_printfi</name>
         <value>0x2000e69d</value>
         <object_component_ref idref="oc-386"/>
      </symbol>
      <symbol id="sm-94c">
         <name>__aeabi_idiv0</name>
         <value>0x2000f58b</value>
         <object_component_ref idref="oc-23b"/>
      </symbol>
      <symbol id="sm-94d">
         <name>__aeabi_ldiv0</name>
         <value>0x2000f58b</value>
         <object_component_ref idref="oc-23b"/>
      </symbol>
      <symbol id="sm-964">
         <name>__aeabi_dsub</name>
         <value>0x2000feb9</value>
         <object_component_ref idref="oc-4a9"/>
      </symbol>
      <symbol id="sm-965">
         <name>__aeabi_dadd</name>
         <value>0x2000fec3</value>
         <object_component_ref idref="oc-4a9"/>
      </symbol>
      <symbol id="sm-987">
         <name>__aeabi_cdcmpeq</name>
         <value>0x20010fc5</value>
         <object_component_ref idref="oc-424"/>
      </symbol>
      <symbol id="sm-988">
         <name>__aeabi_cdcmple</name>
         <value>0x20010fc5</value>
         <object_component_ref idref="oc-424"/>
      </symbol>
      <symbol id="sm-989">
         <name>__aeabi_cdrcmple</name>
         <value>0x2001104b</value>
         <object_component_ref idref="oc-494"/>
      </symbol>
      <symbol id="sm-99d">
         <name>__aeabi_ddiv</name>
         <value>0x2001048d</value>
         <object_component_ref idref="oc-48f"/>
      </symbol>
      <symbol id="sm-9a8">
         <name>__aeabi_dmul</name>
         <value>0x200107e5</value>
         <object_component_ref idref="oc-48a"/>
      </symbol>
      <symbol id="sm-9b2">
         <name>__aeabi_d2iz</name>
         <value>0x20011631</value>
         <object_component_ref idref="oc-499"/>
      </symbol>
      <symbol id="sm-9bc">
         <name>__aeabi_i2d</name>
         <value>0x200118c5</value>
         <object_component_ref idref="oc-4a4"/>
      </symbol>
      <symbol id="sm-9cb">
         <name>__aeabi_memset</name>
         <value>0x20011155</value>
         <object_component_ref idref="oc-8b"/>
      </symbol>
      <symbol id="sm-9cc">
         <name>memset</name>
         <value>0x2001115b</value>
         <object_component_ref idref="oc-8b"/>
      </symbol>
      <symbol id="sm-9cd">
         <name>__aeabi_memset8</name>
         <value>0x20011155</value>
         <object_component_ref idref="oc-8b"/>
      </symbol>
      <symbol id="sm-9ce">
         <name>__aeabi_memset4</name>
         <value>0x20011155</value>
         <object_component_ref idref="oc-8b"/>
      </symbol>
      <symbol id="sm-9cf">
         <name>__aeabi_memclr8</name>
         <value>0x20011153</value>
         <object_component_ref idref="oc-8b"/>
      </symbol>
      <symbol id="sm-9d0">
         <name>__aeabi_memclr4</name>
         <value>0x20011153</value>
         <object_component_ref idref="oc-8b"/>
      </symbol>
      <symbol id="sm-9d1">
         <name>__aeabi_memclr</name>
         <value>0x20011153</value>
         <object_component_ref idref="oc-8b"/>
      </symbol>
      <symbol id="sm-9f9">
         <name>__TI_auto_init_nobinit_nopinit</name>
         <value>0x200116bd</value>
         <object_component_ref idref="oc-1d0"/>
      </symbol>
      <symbol id="sm-a03">
         <name>_system_pre_init</name>
         <value>0x20011e2f</value>
         <object_component_ref idref="oc-91"/>
      </symbol>
      <symbol id="sm-a0f">
         <name>C$$EXIT</name>
         <value>0x20011e33</value>
         <object_component_ref idref="oc-1c4"/>
      </symbol>
      <symbol id="sm-a10">
         <name>abort</name>
         <value>0x20011e33</value>
         <object_component_ref idref="oc-1c4"/>
      </symbol>
      <symbol id="sm-a25">
         <name>_nop</name>
         <value>0x2000f0eb</value>
         <object_component_ref idref="oc-3ea"/>
      </symbol>
      <symbol id="sm-a26">
         <name>_lock</name>
         <value>0x20017b04</value>
         <object_component_ref idref="oc-346"/>
      </symbol>
      <symbol id="sm-a27">
         <name>_unlock</name>
         <value>0x20017b08</value>
         <object_component_ref idref="oc-346"/>
      </symbol>
      <symbol id="sm-a36">
         <name>__TI_ltoa</name>
         <value>0x200114f7</value>
         <object_component_ref idref="oc-49e"/>
      </symbol>
      <symbol id="sm-a4d">
         <name>atoi</name>
         <value>0x2001159d</value>
         <object_component_ref idref="oc-418"/>
      </symbol>
      <symbol id="sm-a58">
         <name>_ctypes_</name>
         <value>0x2000c198</value>
         <object_component_ref idref="oc-483"/>
      </symbol>
      <symbol id="sm-a68">
         <name>memccpy</name>
         <value>0x20011b8d</value>
         <object_component_ref idref="oc-441"/>
      </symbol>
      <symbol id="sm-a78">
         <name>strchr</name>
         <value>0x20011d13</value>
         <object_component_ref idref="oc-4d5"/>
      </symbol>
      <symbol id="sm-a8e">
         <name>__aeabi_errno_addr</name>
         <value>0x20011e19</value>
         <object_component_ref idref="oc-44d"/>
      </symbol>
      <symbol id="sm-a8f">
         <name>errno</name>
         <value>0x20017b1c</value>
         <object_component_ref idref="oc-4e5"/>
      </symbol>
      <symbol id="sm-aa8">
         <name>wcslen</name>
         <value>0x20011d9f</value>
         <object_component_ref idref="oc-447"/>
      </symbol>
      <symbol id="sm-ac8">
         <name>frexpl</name>
         <value>0x200113ed</value>
         <object_component_ref idref="oc-4c9"/>
      </symbol>
      <symbol id="sm-ac9">
         <name>frexp</name>
         <value>0x200113ed</value>
         <object_component_ref idref="oc-4c9"/>
      </symbol>
      <symbol id="sm-ae7">
         <name>scalbn</name>
         <value>0x20010aa9</value>
         <object_component_ref idref="oc-4cf"/>
      </symbol>
      <symbol id="sm-ae8">
         <name>scalbnl</name>
         <value>0x20010aa9</value>
         <object_component_ref idref="oc-4cf"/>
      </symbol>
      <symbol id="sm-ae9">
         <name>ldexpl</name>
         <value>0x20010aa9</value>
         <object_component_ref idref="oc-4cf"/>
      </symbol>
      <symbol id="sm-aea">
         <name>ldexp</name>
         <value>0x20010aa9</value>
         <object_component_ref idref="oc-4cf"/>
      </symbol>
      <symbol id="sm-af4">
         <name>copysign</name>
         <value>0x20011df9</value>
         <object_component_ref idref="oc-512"/>
      </symbol>
      <symbol id="sm-af5">
         <name>copysignl</name>
         <value>0x20011df9</value>
         <object_component_ref idref="oc-512"/>
      </symbol>
      <symbol id="sm-af6">
         <name>__TI_static_base__</name>
         <value>0x20011e38</value>
      </symbol>
      <symbol id="sm-af9">
         <name>__mpu_init</name>
         <value>0x0</value>
      </symbol>
      <symbol id="sm-afa">
         <name>_system_post_cinit</name>
         <value>0x0</value>
      </symbol>
   </symbol_table>
   <title>Link successful</title>
</link_info>
