<?xml version="1.0" encoding="ISO-8859-1" ?>
<link_info>
   <banner>TI ARM Linker PC v20.2.7.LTS</banner>
   <copyright>Copyright (c) 1996-2018 Texas Instruments Incorporated</copyright>
   <link_time>0x6986679c</link_time>
   <link_errors>0x0</link_errors>
   <output_file>spi_demo.out</output_file>
   <entry_point>
      <name>_c_int00_noargs</name>
      <address>0x20008fd9</address>
   </entry_point>
   <input_file_list>
      <input_file id="fl-2">
         <path>.\</path>
         <kind>object</kind>
         <file>Adafruit_GFX.obj</file>
         <name>Adafruit_GFX.obj</name>
      </input_file>
      <input_file id="fl-3">
         <path>.\</path>
         <kind>object</kind>
         <file>Adafruit_SSD1351.obj</file>
         <name>Adafruit_SSD1351.obj</name>
      </input_file>
      <input_file id="fl-4">
         <path>.\</path>
         <kind>object</kind>
         <file>main.obj</file>
         <name>main.obj</name>
      </input_file>
      <input_file id="fl-5">
         <path>.\</path>
         <kind>object</kind>
         <file>oled_test.obj</file>
         <name>oled_test.obj</name>
      </input_file>
      <input_file id="fl-6">
         <path>.\</path>
         <kind>object</kind>
         <file>pin_mux_config.obj</file>
         <name>pin_mux_config.obj</name>
      </input_file>
      <input_file id="fl-7">
         <path>.\</path>
         <kind>object</kind>
         <file>startup_ccs.obj</file>
         <name>startup_ccs.obj</name>
      </input_file>
      <input_file id="fl-8">
         <path>.\</path>
         <kind>object</kind>
         <file>uart_if.obj</file>
         <name>uart_if.obj</name>
      </input_file>
      <input_file id="fl-d">
         <kind>object</kind>
         <file>&lt;internal&gt;</file>
         <name>&lt;internal&gt;</name>
      </input_file>
      <input_file id="fl-e">
         <path>C:\ti\CC3200SDK_1.5.0\cc3200-sdk\driverlib\ccs\Release\</path>
         <kind>archive</kind>
         <file>driverlib.a</file>
         <name>gpio.obj</name>
      </input_file>
      <input_file id="fl-f">
         <path>C:\ti\CC3200SDK_1.5.0\cc3200-sdk\driverlib\ccs\Release\</path>
         <kind>archive</kind>
         <file>driverlib.a</file>
         <name>interrupt.obj</name>
      </input_file>
      <input_file id="fl-10">
         <path>C:\ti\CC3200SDK_1.5.0\cc3200-sdk\driverlib\ccs\Release\</path>
         <kind>archive</kind>
         <file>driverlib.a</file>
         <name>pin.obj</name>
      </input_file>
      <input_file id="fl-11">
         <path>C:\ti\CC3200SDK_1.5.0\cc3200-sdk\driverlib\ccs\Release\</path>
         <kind>archive</kind>
         <file>driverlib.a</file>
         <name>prcm.obj</name>
      </input_file>
      <input_file id="fl-12">
         <path>C:\ti\CC3200SDK_1.5.0\cc3200-sdk\driverlib\ccs\Release\</path>
         <kind>archive</kind>
         <file>driverlib.a</file>
         <name>spi.obj</name>
      </input_file>
      <input_file id="fl-13">
         <path>C:\ti\CC3200SDK_1.5.0\cc3200-sdk\driverlib\ccs\Release\</path>
         <kind>archive</kind>
         <file>driverlib.a</file>
         <name>systick.obj</name>
      </input_file>
      <input_file id="fl-14">
         <path>C:\ti\CC3200SDK_1.5.0\cc3200-sdk\driverlib\ccs\Release\</path>
         <kind>archive</kind>
         <file>driverlib.a</file>
         <name>uart.obj</name>
      </input_file>
      <input_file id="fl-15">
         <path>C:\ti\CC3200SDK_1.5.0\cc3200-sdk\driverlib\ccs\Release\</path>
         <kind>archive</kind>
         <file>driverlib.a</file>
         <name>utils.obj</name>
      </input_file>
      <input_file id="fl-16">
         <path>C:\ti\CC3200SDK_1.5.0\cc3200-sdk\driverlib\ccs\Release\</path>
         <kind>archive</kind>
         <file>driverlib.a</file>
         <name>cpu.obj</name>
      </input_file>
      <input_file id="fl-17">
         <path>C:\ti\CC3200SDK_1.5.0\cc3200-sdk\driverlib\ccs\Release\</path>
         <kind>archive</kind>
         <file>driverlib.a</file>
         <name>flash.obj</name>
      </input_file>
      <input_file id="fl-cd">
         <path>C:\ti\ccs1250\ccs\tools\compiler\ti-cgt-arm_20.2.7.LTS\lib\</path>
         <kind>archive</kind>
         <file>rtsv7M4_T_le_eabi.lib</file>
         <name>vsnprintf.c.obj</name>
      </input_file>
      <input_file id="fl-ce">
         <path>C:\ti\ccs1250\ccs\tools\compiler\ti-cgt-arm_20.2.7.LTS\lib\</path>
         <kind>archive</kind>
         <file>rtsv7M4_T_le_eabi.lib</file>
         <name>ll_mul_t2.asm.obj</name>
      </input_file>
      <input_file id="fl-cf">
         <path>C:\ti\ccs1250\ccs\tools\compiler\ti-cgt-arm_20.2.7.LTS\lib\</path>
         <kind>archive</kind>
         <file>rtsv7M4_T_le_eabi.lib</file>
         <name>memcpy_t2.asm.obj</name>
      </input_file>
      <input_file id="fl-d0">
         <path>C:\ti\ccs1250\ccs\tools\compiler\ti-cgt-arm_20.2.7.LTS\lib\</path>
         <kind>archive</kind>
         <file>rtsv7M4_T_le_eabi.lib</file>
         <name>ull_div_t2.asm.obj</name>
      </input_file>
      <input_file id="fl-d1">
         <path>C:\ti\ccs1250\ccs\tools\compiler\ti-cgt-arm_20.2.7.LTS\lib\</path>
         <kind>archive</kind>
         <file>rtsv7M4_T_le_eabi.lib</file>
         <name>copy_zero_init.c.obj</name>
      </input_file>
      <input_file id="fl-d2">
         <path>C:\ti\ccs1250\ccs\tools\compiler\ti-cgt-arm_20.2.7.LTS\lib\</path>
         <kind>archive</kind>
         <file>rtsv7M4_T_le_eabi.lib</file>
         <name>copy_decompress_none.c.obj</name>
      </input_file>
      <input_file id="fl-d3">
         <path>C:\ti\ccs1250\ccs\tools\compiler\ti-cgt-arm_20.2.7.LTS\lib\</path>
         <kind>archive</kind>
         <file>rtsv7M4_T_le_eabi.lib</file>
         <name>copy_decompress_lzss.c.obj</name>
      </input_file>
      <input_file id="fl-d4">
         <path>C:\ti\ccs1250\ccs\tools\compiler\ti-cgt-arm_20.2.7.LTS\lib\</path>
         <kind>archive</kind>
         <file>rtsv7M4_T_le_eabi.lib</file>
         <name>memmov.c.obj</name>
      </input_file>
      <input_file id="fl-d5">
         <path>C:\ti\ccs1250\ccs\tools\compiler\ti-cgt-arm_20.2.7.LTS\lib\</path>
         <kind>archive</kind>
         <file>rtsv7M4_T_le_eabi.lib</file>
         <name>memory.c.obj</name>
      </input_file>
      <input_file id="fl-d6">
         <path>C:\ti\ccs1250\ccs\tools\compiler\ti-cgt-arm_20.2.7.LTS\lib\</path>
         <kind>archive</kind>
         <file>rtsv7M4_T_le_eabi.lib</file>
         <name>strlen.c.obj</name>
      </input_file>
      <input_file id="fl-d7">
         <path>C:\ti\ccs1250\ccs\tools\compiler\ti-cgt-arm_20.2.7.LTS\lib\</path>
         <kind>archive</kind>
         <file>rtsv7M4_T_le_eabi.lib</file>
         <name>boot_cortex_m.c.obj</name>
      </input_file>
      <input_file id="fl-d8">
         <path>C:\ti\ccs1250\ccs\tools\compiler\ti-cgt-arm_20.2.7.LTS\lib\</path>
         <kind>archive</kind>
         <file>rtsv7M4_T_le_eabi.lib</file>
         <name>_printfi.c.obj</name>
      </input_file>
      <input_file id="fl-d9">
         <path>C:\ti\ccs1250\ccs\tools\compiler\ti-cgt-arm_20.2.7.LTS\lib\</path>
         <kind>archive</kind>
         <file>rtsv7M4_T_le_eabi.lib</file>
         <name>div0.asm.obj</name>
      </input_file>
      <input_file id="fl-da">
         <path>C:\ti\ccs1250\ccs\tools\compiler\ti-cgt-arm_20.2.7.LTS\lib\</path>
         <kind>archive</kind>
         <file>rtsv7M4_T_le_eabi.lib</file>
         <name>fd_add_t2.asm.obj</name>
      </input_file>
      <input_file id="fl-db">
         <path>C:\ti\ccs1250\ccs\tools\compiler\ti-cgt-arm_20.2.7.LTS\lib\</path>
         <kind>archive</kind>
         <file>rtsv7M4_T_le_eabi.lib</file>
         <name>fd_cmp_t2.asm.obj</name>
      </input_file>
      <input_file id="fl-dc">
         <path>C:\ti\ccs1250\ccs\tools\compiler\ti-cgt-arm_20.2.7.LTS\lib\</path>
         <kind>archive</kind>
         <file>rtsv7M4_T_le_eabi.lib</file>
         <name>fd_div_t2.asm.obj</name>
      </input_file>
      <input_file id="fl-dd">
         <path>C:\ti\ccs1250\ccs\tools\compiler\ti-cgt-arm_20.2.7.LTS\lib\</path>
         <kind>archive</kind>
         <file>rtsv7M4_T_le_eabi.lib</file>
         <name>fd_mul_t2.asm.obj</name>
      </input_file>
      <input_file id="fl-de">
         <path>C:\ti\ccs1250\ccs\tools\compiler\ti-cgt-arm_20.2.7.LTS\lib\</path>
         <kind>archive</kind>
         <file>rtsv7M4_T_le_eabi.lib</file>
         <name>fd_toi_t2.asm.obj</name>
      </input_file>
      <input_file id="fl-df">
         <path>C:\ti\ccs1250\ccs\tools\compiler\ti-cgt-arm_20.2.7.LTS\lib\</path>
         <kind>archive</kind>
         <file>rtsv7M4_T_le_eabi.lib</file>
         <name>i_tofd_t2.asm.obj</name>
      </input_file>
      <input_file id="fl-e0">
         <path>C:\ti\ccs1250\ccs\tools\compiler\ti-cgt-arm_20.2.7.LTS\lib\</path>
         <kind>archive</kind>
         <file>rtsv7M4_T_le_eabi.lib</file>
         <name>memset_t2.asm.obj</name>
      </input_file>
      <input_file id="fl-e1">
         <path>C:\ti\ccs1250\ccs\tools\compiler\ti-cgt-arm_20.2.7.LTS\lib\</path>
         <kind>archive</kind>
         <file>rtsv7M4_T_le_eabi.lib</file>
         <name>autoinit.c.obj</name>
      </input_file>
      <input_file id="fl-e2">
         <path>C:\ti\ccs1250\ccs\tools\compiler\ti-cgt-arm_20.2.7.LTS\lib\</path>
         <kind>archive</kind>
         <file>rtsv7M4_T_le_eabi.lib</file>
         <name>pre_init.c.obj</name>
      </input_file>
      <input_file id="fl-e3">
         <path>C:\ti\ccs1250\ccs\tools\compiler\ti-cgt-arm_20.2.7.LTS\lib\</path>
         <kind>archive</kind>
         <file>rtsv7M4_T_le_eabi.lib</file>
         <name>cpy_tbl.c.obj</name>
      </input_file>
      <input_file id="fl-e4">
         <path>C:\ti\ccs1250\ccs\tools\compiler\ti-cgt-arm_20.2.7.LTS\lib\</path>
         <kind>archive</kind>
         <file>rtsv7M4_T_le_eabi.lib</file>
         <name>exit.c.obj</name>
      </input_file>
      <input_file id="fl-e5">
         <path>C:\ti\ccs1250\ccs\tools\compiler\ti-cgt-arm_20.2.7.LTS\lib\</path>
         <kind>archive</kind>
         <file>rtsv7M4_T_le_eabi.lib</file>
         <name>_lock.c.obj</name>
      </input_file>
      <input_file id="fl-e6">
         <path>C:\ti\ccs1250\ccs\tools\compiler\ti-cgt-arm_20.2.7.LTS\lib\</path>
         <kind>archive</kind>
         <file>rtsv7M4_T_le_eabi.lib</file>
         <name>_ltoa.c.obj</name>
      </input_file>
      <input_file id="fl-e7">
         <path>C:\ti\ccs1250\ccs\tools\compiler\ti-cgt-arm_20.2.7.LTS\lib\</path>
         <kind>archive</kind>
         <file>rtsv7M4_T_le_eabi.lib</file>
         <name>args_main.c.obj</name>
      </input_file>
      <input_file id="fl-e8">
         <path>C:\ti\ccs1250\ccs\tools\compiler\ti-cgt-arm_20.2.7.LTS\lib\</path>
         <kind>archive</kind>
         <file>rtsv7M4_T_le_eabi.lib</file>
         <name>atoi.c.obj</name>
      </input_file>
      <input_file id="fl-e9">
         <path>C:\ti\ccs1250\ccs\tools\compiler\ti-cgt-arm_20.2.7.LTS\lib\</path>
         <kind>archive</kind>
         <file>rtsv7M4_T_le_eabi.lib</file>
         <name>ctype.c.obj</name>
      </input_file>
      <input_file id="fl-ea">
         <path>C:\ti\ccs1250\ccs\tools\compiler\ti-cgt-arm_20.2.7.LTS\lib\</path>
         <kind>archive</kind>
         <file>rtsv7M4_T_le_eabi.lib</file>
         <name>memccpy.c.obj</name>
      </input_file>
      <input_file id="fl-eb">
         <path>C:\ti\ccs1250\ccs\tools\compiler\ti-cgt-arm_20.2.7.LTS\lib\</path>
         <kind>archive</kind>
         <file>rtsv7M4_T_le_eabi.lib</file>
         <name>strchr.c.obj</name>
      </input_file>
      <input_file id="fl-ec">
         <path>C:\ti\ccs1250\ccs\tools\compiler\ti-cgt-arm_20.2.7.LTS\lib\</path>
         <kind>archive</kind>
         <file>rtsv7M4_T_le_eabi.lib</file>
         <name>errno.c.obj</name>
      </input_file>
      <input_file id="fl-ed">
         <path>C:\ti\ccs1250\ccs\tools\compiler\ti-cgt-arm_20.2.7.LTS\lib\</path>
         <kind>archive</kind>
         <file>rtsv7M4_T_le_eabi.lib</file>
         <name>wcslen.c.obj</name>
      </input_file>
      <input_file id="fl-ee">
         <path>C:\ti\ccs1250\ccs\tools\compiler\ti-cgt-arm_20.2.7.LTS\lib\</path>
         <kind>archive</kind>
         <file>rtsv7M4_T_le_eabi.lib</file>
         <name>s_frexp.c.obj</name>
      </input_file>
      <input_file id="fl-ef">
         <path>C:\ti\ccs1250\ccs\tools\compiler\ti-cgt-arm_20.2.7.LTS\lib\</path>
         <kind>archive</kind>
         <file>rtsv7M4_T_le_eabi.lib</file>
         <name>s_scalbn.c.obj</name>
      </input_file>
      <input_file id="fl-f0">
         <path>C:\ti\ccs1250\ccs\tools\compiler\ti-cgt-arm_20.2.7.LTS\lib\</path>
         <kind>archive</kind>
         <file>rtsv7M4_T_le_eabi.lib</file>
         <name>s_copysign.c.obj</name>
      </input_file>
   </input_file_list>
   <object_component_list>
      <object_component id="oc-12">
         <name>.intvecs</name>
         <load_address>0x20004000</load_address>
         <run_address>0x20004000</run_address>
         <size>0x400</size>
         <input_file_ref idref="fl-7"/>
      </object_component>
      <object_component id="oc-21d">
         <name>.text</name>
         <load_address>0x20004400</load_address>
         <run_address>0x20004400</run_address>
         <size>0xa80</size>
         <input_file_ref idref="fl-2"/>
      </object_component>
      <object_component id="oc-10d">
         <name>.text</name>
         <load_address>0x20004e80</load_address>
         <run_address>0x20004e80</run_address>
         <size>0xa78</size>
         <input_file_ref idref="fl-5"/>
      </object_component>
      <object_component id="oc-339">
         <name>.text:__TI_printfi</name>
         <load_address>0x200058f8</load_address>
         <run_address>0x200058f8</run_address>
         <size>0xa4e</size>
         <input_file_ref idref="fl-d8"/>
      </object_component>
      <object_component id="oc-387">
         <name>.text:_nop</name>
         <load_address>0x20006346</load_address>
         <run_address>0x20006346</run_address>
         <size>0x2</size>
         <input_file_ref idref="fl-e5"/>
      </object_component>
      <object_component id="oc-97">
         <name>.text</name>
         <load_address>0x20006348</load_address>
         <run_address>0x20006348</run_address>
         <size>0x6ec</size>
         <input_file_ref idref="fl-4"/>
      </object_component>
      <object_component id="oc-168">
         <name>.text</name>
         <load_address>0x20006a34</load_address>
         <run_address>0x20006a34</run_address>
         <size>0x49e</size>
         <input_file_ref idref="fl-3"/>
      </object_component>
      <object_component id="oc-2cf">
         <name>.text</name>
         <load_address>0x20006ed2</load_address>
         <run_address>0x20006ed2</run_address>
         <size>0x2</size>
         <input_file_ref idref="fl-d9"/>
      </object_component>
      <object_component id="oc-162">
         <name>.text</name>
         <load_address>0x20006ed4</load_address>
         <run_address>0x20006ed4</run_address>
         <size>0x27c</size>
         <input_file_ref idref="fl-8"/>
      </object_component>
      <object_component id="oc-3e0">
         <name>.text:_pconv_a</name>
         <load_address>0x20007150</load_address>
         <run_address>0x20007150</run_address>
         <size>0x268</size>
         <input_file_ref idref="fl-d8"/>
      </object_component>
      <object_component id="oc-3ce">
         <name>.text:_pconv_g</name>
         <load_address>0x200073b8</load_address>
         <run_address>0x200073b8</run_address>
         <size>0x1cc</size>
         <input_file_ref idref="fl-d8"/>
      </object_component>
      <object_component id="oc-44c">
         <name>.text</name>
         <load_address>0x20007584</load_address>
         <run_address>0x20007584</run_address>
         <size>0x1b6</size>
         <input_file_ref idref="fl-da"/>
      </object_component>
      <object_component id="oc-fb">
         <name>.text:PRCMCC3200MCUInit</name>
         <load_address>0x2000773c</load_address>
         <run_address>0x2000773c</run_address>
         <size>0x178</size>
         <input_file_ref idref="fl-11"/>
      </object_component>
      <object_component id="oc-12c">
         <name>.text</name>
         <load_address>0x200078b4</load_address>
         <run_address>0x200078b4</run_address>
         <size>0x15c</size>
         <input_file_ref idref="fl-6"/>
      </object_component>
      <object_component id="oc-3da">
         <name>.text:_pconv_e</name>
         <load_address>0x20007a10</load_address>
         <run_address>0x20007a10</run_address>
         <size>0x13c</size>
         <input_file_ref idref="fl-d8"/>
      </object_component>
      <object_component id="oc-432">
         <name>.text</name>
         <load_address>0x20007b4c</load_address>
         <run_address>0x20007b4c</run_address>
         <size>0x136</size>
         <input_file_ref idref="fl-dc"/>
      </object_component>
      <object_component id="oc-45e">
         <name>.text:fcvt</name>
         <load_address>0x20007c84</load_address>
         <run_address>0x20007c84</run_address>
         <size>0x120</size>
         <input_file_ref idref="fl-d8"/>
      </object_component>
      <object_component id="oc-35d">
         <name>.text:aligned_alloc</name>
         <load_address>0x20007da4</load_address>
         <run_address>0x20007da4</run_address>
         <size>0x100</size>
         <input_file_ref idref="fl-d5"/>
      </object_component>
      <object_component id="oc-42d">
         <name>.text</name>
         <load_address>0x20007ea4</load_address>
         <run_address>0x20007ea4</run_address>
         <size>0xfc</size>
         <input_file_ref idref="fl-dd"/>
      </object_component>
      <object_component id="oc-299">
         <name>.text:free</name>
         <load_address>0x20007fa0</load_address>
         <run_address>0x20007fa0</run_address>
         <size>0xe4</size>
         <input_file_ref idref="fl-d5"/>
      </object_component>
      <object_component id="oc-293">
         <name>.text:realloc</name>
         <load_address>0x20008084</load_address>
         <run_address>0x20008084</run_address>
         <size>0xe4</size>
         <input_file_ref idref="fl-d5"/>
      </object_component>
      <object_component id="oc-472">
         <name>.text:scalbn</name>
         <load_address>0x20008168</load_address>
         <run_address>0x20008168</run_address>
         <size>0xd0</size>
         <input_file_ref idref="fl-ef"/>
      </object_component>
      <object_component id="oc-3c3">
         <name>.text:_ltostr</name>
         <load_address>0x20008238</load_address>
         <run_address>0x20008238</run_address>
         <size>0xb1</size>
         <input_file_ref idref="fl-d8"/>
      </object_component>
      <object_component id="oc-f5">
         <name>.text:IntEnable</name>
         <load_address>0x200082ec</load_address>
         <run_address>0x200082ec</run_address>
         <size>0xa8</size>
         <input_file_ref idref="fl-f"/>
      </object_component>
      <object_component id="oc-13e">
         <name>.text:SPIConfigSetExpClk</name>
         <load_address>0x20008394</load_address>
         <run_address>0x20008394</run_address>
         <size>0xa0</size>
         <input_file_ref idref="fl-12"/>
      </object_component>
      <object_component id="oc-3d">
         <name>.text</name>
         <load_address>0x20008434</load_address>
         <run_address>0x20008434</run_address>
         <size>0x9c</size>
         <input_file_ref idref="fl-cf"/>
      </object_component>
      <object_component id="oc-174">
         <name>.text</name>
         <load_address>0x200084d0</load_address>
         <run_address>0x200084d0</run_address>
         <size>0x96</size>
         <input_file_ref idref="fl-d0"/>
      </object_component>
      <object_component id="oc-138">
         <name>.text:PRCMPeripheralClockGet</name>
         <load_address>0x20008568</load_address>
         <run_address>0x20008568</run_address>
         <size>0x94</size>
         <input_file_ref idref="fl-11"/>
      </object_component>
      <object_component id="oc-31e">
         <name>.text:PinConfigSet</name>
         <load_address>0x200085fc</load_address>
         <run_address>0x200085fc</run_address>
         <size>0x88</size>
         <input_file_ref idref="fl-10"/>
      </object_component>
      <object_component id="oc-3c9">
         <name>.text:__aeabi_cdcmple</name>
         <load_address>0x20008684</load_address>
         <run_address>0x20008684</run_address>
         <size>0x86</size>
         <input_file_ref idref="fl-db"/>
      </object_component>
      <object_component id="oc-437">
         <name>.text:__aeabi_cdrcmple</name>
         <load_address>0x2000870a</load_address>
         <run_address>0x2000870a</run_address>
         <size>0x86</size>
         <input_file_ref idref="fl-db"/>
      </object_component>
      <object_component id="oc-156">
         <name>.text:GPIOIntTypeSet</name>
         <load_address>0x20008790</load_address>
         <run_address>0x20008790</run_address>
         <size>0x82</size>
         <input_file_ref idref="fl-e"/>
      </object_component>
      <object_component id="oc-8b">
         <name>.text</name>
         <load_address>0x20008812</load_address>
         <run_address>0x20008812</run_address>
         <size>0x7a</size>
         <input_file_ref idref="fl-e0"/>
      </object_component>
      <object_component id="oc-263">
         <name>.text:UARTConfigSetExpClk</name>
         <load_address>0x2000888c</load_address>
         <run_address>0x2000888c</run_address>
         <size>0x76</size>
         <input_file_ref idref="fl-14"/>
      </object_component>
      <object_component id="oc-36a">
         <name>.text:split</name>
         <load_address>0x20008904</load_address>
         <run_address>0x20008904</run_address>
         <size>0x70</size>
         <input_file_ref idref="fl-d5"/>
      </object_component>
      <object_component id="oc-457">
         <name>.text:_mcpy</name>
         <load_address>0x20008974</load_address>
         <run_address>0x20008974</run_address>
         <size>0x6e</size>
         <input_file_ref idref="fl-d8"/>
      </object_component>
      <object_component id="oc-15">
         <name>.text:decompress:lzss:__TI_decompress_lzss</name>
         <load_address>0x200089e2</load_address>
         <run_address>0x200089e2</run_address>
         <size>0x68</size>
         <input_file_ref idref="fl-d3"/>
      </object_component>
      <object_component id="oc-46c">
         <name>.text:frexp</name>
         <load_address>0x20008a4c</load_address>
         <run_address>0x20008a4c</run_address>
         <size>0x5c</size>
         <input_file_ref idref="fl-ee"/>
      </object_component>
      <object_component id="oc-1fb">
         <name>.text:PRCMPeripheralReset</name>
         <load_address>0x20008aa8</load_address>
         <run_address>0x20008aa8</run_address>
         <size>0x58</size>
         <input_file_ref idref="fl-11"/>
      </object_component>
      <object_component id="oc-3d4">
         <name>.text:_pconv_f</name>
         <load_address>0x20008b00</load_address>
         <run_address>0x20008b00</run_address>
         <size>0x56</size>
         <input_file_ref idref="fl-d8"/>
      </object_component>
      <object_component id="oc-441">
         <name>.text:__TI_ltoa</name>
         <load_address>0x20008b56</load_address>
         <run_address>0x20008b56</run_address>
         <size>0x54</size>
         <input_file_ref idref="fl-e6"/>
      </object_component>
      <object_component id="oc-451">
         <name>.text:_ecpy</name>
         <load_address>0x20008baa</load_address>
         <run_address>0x20008baa</run_address>
         <size>0x52</size>
         <input_file_ref idref="fl-d8"/>
      </object_component>
      <object_component id="oc-3bd">
         <name>.text:atoi</name>
         <load_address>0x20008bfc</load_address>
         <run_address>0x20008bfc</run_address>
         <size>0x4c</size>
         <input_file_ref idref="fl-e8"/>
      </object_component>
      <object_component id="oc-259">
         <name>.text:GPIOGetIntNumber</name>
         <load_address>0x20008c48</load_address>
         <run_address>0x20008c48</run_address>
         <size>0x48</size>
         <input_file_ref idref="fl-e"/>
      </object_component>
      <object_component id="oc-43c">
         <name>.text</name>
         <load_address>0x20008c90</load_address>
         <run_address>0x20008c90</run_address>
         <size>0x48</size>
         <input_file_ref idref="fl-de"/>
      </object_component>
      <object_component id="oc-193">
         <name>.text:__TI_auto_init_nobinit_nopinit:__TI_auto_init_nobinit_nopinit</name>
         <load_address>0x20008cd8</load_address>
         <run_address>0x20008cd8</run_address>
         <size>0x44</size>
         <input_file_ref idref="fl-e1"/>
      </object_component>
      <object_component id="oc-235">
         <name>.text:PinModeSet</name>
         <load_address>0x20008d1c</load_address>
         <run_address>0x20008d1c</run_address>
         <size>0x40</size>
         <input_file_ref idref="fl-10"/>
      </object_component>
      <object_component id="oc-26f">
         <name>.text:vsnprintf</name>
         <load_address>0x20008d5c</load_address>
         <run_address>0x20008d5c</run_address>
         <size>0x40</size>
         <input_file_ref idref="fl-cd"/>
      </object_component>
      <object_component id="oc-464">
         <name>.text:_fcpy</name>
         <load_address>0x20008d9c</load_address>
         <run_address>0x20008d9c</run_address>
         <size>0x3e</size>
         <input_file_ref idref="fl-d8"/>
      </object_component>
      <object_component id="oc-1f5">
         <name>.text:PRCMPeripheralClkEnable</name>
         <load_address>0x20008ddc</load_address>
         <run_address>0x20008ddc</run_address>
         <size>0x3c</size>
         <input_file_ref idref="fl-11"/>
      </object_component>
      <object_component id="oc-241">
         <name>.text:GPIODirModeSet</name>
         <load_address>0x20008e18</load_address>
         <run_address>0x20008e18</run_address>
         <size>0x36</size>
         <input_file_ref idref="fl-e"/>
      </object_component>
      <object_component id="oc-23b">
         <name>.text:PinTypeGPIO</name>
         <load_address>0x20008e4e</load_address>
         <run_address>0x20008e4e</run_address>
         <size>0x30</size>
         <input_file_ref idref="fl-10"/>
      </object_component>
      <object_component id="oc-32b">
         <name>.text:UARTDisable</name>
         <load_address>0x20008e80</load_address>
         <run_address>0x20008e80</run_address>
         <size>0x30</size>
         <input_file_ref idref="fl-14"/>
      </object_component>
      <object_component id="oc-33f">
         <name>.text:_outs</name>
         <load_address>0x20008eb0</load_address>
         <run_address>0x20008eb0</run_address>
         <size>0x30</size>
         <input_file_ref idref="fl-cd"/>
      </object_component>
      <object_component id="oc-447">
         <name>.text</name>
         <load_address>0x20008ee0</load_address>
         <run_address>0x20008ee0</run_address>
         <size>0x2e</size>
         <input_file_ref idref="fl-df"/>
      </object_component>
      <object_component id="oc-1e3">
         <name>.text:PRCMSysResetCauseGet</name>
         <load_address>0x20008f10</load_address>
         <run_address>0x20008f10</run_address>
         <size>0x2c</size>
         <input_file_ref idref="fl-11"/>
      </object_component>
      <object_component id="oc-201">
         <name>.text:PRCMPeripheralClkDisable</name>
         <load_address>0x20008f3c</load_address>
         <run_address>0x20008f3c</run_address>
         <size>0x28</size>
         <input_file_ref idref="fl-11"/>
      </object_component>
      <object_component id="oc-371">
         <name>.text:free_list_insert</name>
         <load_address>0x20008f64</load_address>
         <run_address>0x20008f64</run_address>
         <size>0x28</size>
         <input_file_ref idref="fl-d5"/>
      </object_component>
      <object_component id="oc-287">
         <name>.text:memmove</name>
         <load_address>0x20008f8c</load_address>
         <run_address>0x20008f8c</run_address>
         <size>0x28</size>
         <input_file_ref idref="fl-d4"/>
      </object_component>
      <object_component id="oc-331">
         <name>.text:UARTEnable</name>
         <load_address>0x20008fb4</load_address>
         <run_address>0x20008fb4</run_address>
         <size>0x24</size>
         <input_file_ref idref="fl-14"/>
      </object_component>
      <object_component id="oc-5b">
         <name>.text:_c_int00_noargs:_c_int00_noargs</name>
         <load_address>0x20008fd8</load_address>
         <run_address>0x20008fd8</run_address>
         <size>0x24</size>
         <input_file_ref idref="fl-d7"/>
      </object_component>
      <object_component id="oc-c5">
         <name>.text:GPIOIntStatus</name>
         <load_address>0x20008ffc</load_address>
         <run_address>0x20008ffc</run_address>
         <size>0x22</size>
         <input_file_ref idref="fl-e"/>
      </object_component>
      <object_component id="oc-132">
         <name>.text:SPIReset</name>
         <load_address>0x2000901e</load_address>
         <run_address>0x2000901e</run_address>
         <size>0x22</size>
         <input_file_ref idref="fl-12"/>
      </object_component>
      <object_component id="oc-2b4">
         <name>.text:GPIOPinWrite</name>
         <load_address>0x20009040</load_address>
         <run_address>0x20009040</run_address>
         <size>0x20</size>
         <input_file_ref idref="fl-e"/>
      </object_component>
      <object_component id="oc-1cd">
         <name>.text:IntRegister</name>
         <load_address>0x20009060</load_address>
         <run_address>0x20009060</run_address>
         <size>0x20</size>
         <input_file_ref idref="fl-f"/>
      </object_component>
      <object_component id="oc-2c0">
         <name>.text:SPIDataGet</name>
         <load_address>0x20009080</load_address>
         <run_address>0x20009080</run_address>
         <size>0x20</size>
         <input_file_ref idref="fl-12"/>
      </object_component>
      <object_component id="oc-150">
         <name>.text:GPIOIntRegister</name>
         <load_address>0x200090a0</load_address>
         <run_address>0x200090a0</run_address>
         <size>0x1e</size>
         <input_file_ref idref="fl-e"/>
      </object_component>
      <object_component id="oc-2ba">
         <name>.text:SPIDataPut</name>
         <load_address>0x200090be</load_address>
         <run_address>0x200090be</run_address>
         <size>0x1e</size>
         <input_file_ref idref="fl-12"/>
      </object_component>
      <object_component id="oc-269">
         <name>.text:UARTCharPut</name>
         <load_address>0x200090dc</load_address>
         <run_address>0x200090dc</run_address>
         <size>0x1e</size>
         <input_file_ref idref="fl-14"/>
      </object_component>
      <object_component id="oc-d7">
         <name>.text:SysTickIntRegister</name>
         <load_address>0x200090fc</load_address>
         <run_address>0x200090fc</run_address>
         <size>0x1c</size>
         <input_file_ref idref="fl-13"/>
      </object_component>
      <object_component id="oc-27b">
         <name>.text:UARTCharGetNonBlocking</name>
         <load_address>0x20009118</load_address>
         <run_address>0x20009118</run_address>
         <size>0x1c</size>
         <input_file_ref idref="fl-14"/>
      </object_component>
      <object_component id="oc-49">
         <name>.text:decompress:ZI:__TI_zero_init_nomemset:__TI_zero_init_nomemset</name>
         <load_address>0x20009134</load_address>
         <run_address>0x20009134</run_address>
         <size>0x1c</size>
         <input_file_ref idref="fl-d1"/>
      </object_component>
      <object_component id="oc-364">
         <name>.text:free_list_remove</name>
         <load_address>0x20009150</load_address>
         <run_address>0x20009150</run_address>
         <size>0x1c</size>
         <input_file_ref idref="fl-d5"/>
      </object_component>
      <object_component id="oc-3e6">
         <name>.text:memccpy</name>
         <load_address>0x2000916c</load_address>
         <run_address>0x2000916c</run_address>
         <size>0x1c</size>
         <input_file_ref idref="fl-ea"/>
      </object_component>
      <object_component id="oc-15c">
         <name>.text:GPIOIntEnable</name>
         <load_address>0x20009188</load_address>
         <run_address>0x20009188</run_address>
         <size>0x1a</size>
         <input_file_ref idref="fl-e"/>
      </object_component>
      <object_component id="oc-247">
         <name>.text:PinTypeSPI</name>
         <load_address>0x200091a2</load_address>
         <run_address>0x200091a2</run_address>
         <size>0x1a</size>
         <input_file_ref idref="fl-10"/>
      </object_component>
      <object_component id="oc-24d">
         <name>.text:PinTypeUART</name>
         <load_address>0x200091bc</load_address>
         <run_address>0x200091bc</run_address>
         <size>0x1a</size>
         <input_file_ref idref="fl-10"/>
      </object_component>
      <object_component id="oc-144">
         <name>.text:SPIFIFOEnable</name>
         <load_address>0x200091d6</load_address>
         <run_address>0x200091d6</run_address>
         <size>0x1a</size>
         <input_file_ref idref="fl-12"/>
      </object_component>
      <object_component id="oc-113">
         <name>.text:GPIOPinRead</name>
         <load_address>0x200091f0</load_address>
         <run_address>0x200091f0</run_address>
         <size>0x18</size>
         <input_file_ref idref="fl-e"/>
      </object_component>
      <object_component id="oc-2c6">
         <name>.text:SPICSDisable</name>
         <load_address>0x20009208</load_address>
         <run_address>0x20009208</run_address>
         <size>0x18</size>
         <input_file_ref idref="fl-12"/>
      </object_component>
      <object_component id="oc-2ae">
         <name>.text:SPICSEnable</name>
         <load_address>0x20009220</load_address>
         <run_address>0x20009220</run_address>
         <size>0x18</size>
         <input_file_ref idref="fl-12"/>
      </object_component>
      <object_component id="oc-14a">
         <name>.text:SPIEnable</name>
         <load_address>0x20009238</load_address>
         <run_address>0x20009238</run_address>
         <size>0x18</size>
         <input_file_ref idref="fl-12"/>
      </object_component>
      <object_component id="oc-d1">
         <name>.text:SysTickPeriodSet</name>
         <load_address>0x20009250</load_address>
         <run_address>0x20009250</run_address>
         <size>0x18</size>
         <input_file_ref idref="fl-13"/>
      </object_component>
      <object_component id="oc-275">
         <name>.text:UARTCharsAvail</name>
         <load_address>0x20009268</load_address>
         <run_address>0x20009268</run_address>
         <size>0x18</size>
         <input_file_ref idref="fl-14"/>
      </object_component>
      <object_component id="oc-345">
         <name>.text:_outc</name>
         <load_address>0x20009280</load_address>
         <run_address>0x20009280</run_address>
         <size>0x18</size>
         <input_file_ref idref="fl-cd"/>
      </object_component>
      <object_component id="oc-179">
         <name>.text</name>
         <load_address>0x20009298</load_address>
         <run_address>0x20009298</run_address>
         <size>0x18</size>
         <input_file_ref idref="fl-ce"/>
      </object_component>
      <object_component id="oc-1e9">
         <name>.text:PRCMHIBRegRead</name>
         <load_address>0x200092b0</load_address>
         <run_address>0x200092b0</run_address>
         <size>0x16</size>
         <input_file_ref idref="fl-11"/>
      </object_component>
      <object_component id="oc-1ef">
         <name>.text:PRCMHIBRegWrite</name>
         <load_address>0x200092c6</load_address>
         <run_address>0x200092c6</run_address>
         <size>0x16</size>
         <input_file_ref idref="fl-11"/>
      </object_component>
      <object_component id="oc-478">
         <name>.text:strchr</name>
         <load_address>0x200092dc</load_address>
         <run_address>0x200092dc</run_address>
         <size>0x16</size>
         <input_file_ref idref="fl-eb"/>
      </object_component>
      <object_component id="oc-1d8">
         <name>.text:CPUcpsie</name>
         <load_address>0x200092f2</load_address>
         <run_address>0x200092f2</run_address>
         <size>0x14</size>
         <input_file_ref idref="fl-16"/>
      </object_component>
      <object_component id="oc-cb">
         <name>.text:GPIOIntClear</name>
         <load_address>0x20009306</load_address>
         <run_address>0x20009306</run_address>
         <size>0x14</size>
         <input_file_ref idref="fl-e"/>
      </object_component>
      <object_component id="oc-e9">
         <name>.text:IntVTableBaseSet</name>
         <load_address>0x2000931c</load_address>
         <run_address>0x2000931c</run_address>
         <size>0x14</size>
         <input_file_ref idref="fl-f"/>
      </object_component>
      <object_component id="oc-281">
         <name>.text:strlen</name>
         <load_address>0x20009330</load_address>
         <run_address>0x20009330</run_address>
         <size>0x14</size>
         <input_file_ref idref="fl-d6"/>
      </object_component>
      <object_component id="oc-3ec">
         <name>.text:wcslen</name>
         <load_address>0x20009344</load_address>
         <run_address>0x20009344</run_address>
         <size>0x12</size>
         <input_file_ref idref="fl-ed"/>
      </object_component>
      <object_component id="oc-e3">
         <name>.text:SysTickEnable</name>
         <load_address>0x20009358</load_address>
         <run_address>0x20009358</run_address>
         <size>0x10</size>
         <input_file_ref idref="fl-13"/>
      </object_component>
      <object_component id="oc-dd">
         <name>.text:SysTickIntEnable</name>
         <load_address>0x20009368</load_address>
         <run_address>0x20009368</run_address>
         <size>0x10</size>
         <input_file_ref idref="fl-13"/>
      </object_component>
      <object_component id="oc-1b">
         <name>.text:decompress:none:__TI_decompress_none</name>
         <load_address>0x20009378</load_address>
         <run_address>0x20009378</run_address>
         <size>0xe</size>
         <input_file_ref idref="fl-d2"/>
      </object_component>
      <object_component id="oc-29">
         <name>.text</name>
         <load_address>0x20009386</load_address>
         <run_address>0x20009386</run_address>
         <size>0xe</size>
         <input_file_ref idref="fl-7"/>
      </object_component>
      <object_component id="oc-16e">
         <name>.text:SysTickValueGet</name>
         <load_address>0x20009394</load_address>
         <run_address>0x20009394</run_address>
         <size>0xc</size>
         <input_file_ref idref="fl-13"/>
      </object_component>
      <object_component id="oc-4b3">
         <name>.text:copysign</name>
         <load_address>0x200093a0</load_address>
         <run_address>0x200093a0</run_address>
         <size>0xc</size>
         <input_file_ref idref="fl-f0"/>
      </object_component>
      <object_component id="oc-ef">
         <name>.text:IntMasterEnable</name>
         <load_address>0x200093ac</load_address>
         <run_address>0x200093ac</run_address>
         <size>0xa</size>
         <input_file_ref idref="fl-f"/>
      </object_component>
      <object_component id="oc-3f2">
         <name>.text:__aeabi_errno_addr</name>
         <load_address>0x200093b8</load_address>
         <run_address>0x200093b8</run_address>
         <size>0x8</size>
         <input_file_ref idref="fl-ec"/>
      </object_component>
      <object_component id="oc-28d">
         <name>.text:malloc</name>
         <load_address>0x200093c0</load_address>
         <run_address>0x200093c0</run_address>
         <size>0x8</size>
         <input_file_ref idref="fl-d5"/>
      </object_component>
      <object_component id="oc-119">
         <name>.text:UtilsDelay</name>
         <load_address>0x200093c8</load_address>
         <run_address>0x200093c8</run_address>
         <size>0x6</size>
         <input_file_ref idref="fl-15"/>
      </object_component>
      <object_component id="oc-91">
         <name>.text:_system_pre_init</name>
         <load_address>0x200093ce</load_address>
         <run_address>0x200093ce</run_address>
         <size>0x4</size>
         <input_file_ref idref="fl-e2"/>
      </object_component>
      <object_component id="oc-187">
         <name>.text:abort:abort</name>
         <load_address>0x200093d2</load_address>
         <run_address>0x200093d2</run_address>
         <size>0x4</size>
         <input_file_ref idref="fl-e4"/>
      </object_component>
      <object_component id="oc-11a">
         <name>.const:$P$T0$1</name>
         <load_address>0x200093d8</load_address>
         <run_address>0x200093d8</run_address>
         <size>0xe10</size>
         <input_file_ref idref="fl-4"/>
      </object_component>
      <object_component id="oc-11d">
         <name>.const:$P$T1$2</name>
         <load_address>0x2000a1e8</load_address>
         <run_address>0x2000a1e8</run_address>
         <size>0xe10</size>
         <input_file_ref idref="fl-4"/>
      </object_component>
      <object_component id="oc-120">
         <name>.const:$P$T2$3</name>
         <load_address>0x2000aff8</load_address>
         <run_address>0x2000aff8</run_address>
         <size>0xe10</size>
         <input_file_ref idref="fl-4"/>
      </object_component>
      <object_component id="oc-123">
         <name>.const:$P$T3$4</name>
         <load_address>0x2000be08</load_address>
         <run_address>0x2000be08</run_address>
         <size>0xe10</size>
         <input_file_ref idref="fl-4"/>
      </object_component>
      <object_component id="oc-30e">
         <name>.const:.string:font</name>
         <load_address>0x2000cc18</load_address>
         <run_address>0x2000cc18</run_address>
         <size>0x4fb</size>
         <input_file_ref idref="fl-2"/>
      </object_component>
      <object_component id="oc-223">
         <name>.const:.string:font</name>
         <load_address>0x2000d113</load_address>
         <run_address>0x2000d113</run_address>
         <size>0x4fb</size>
         <input_file_ref idref="fl-5"/>
      </object_component>
      <object_component id="oc-426">
         <name>.const:.string:_ctypes_</name>
         <load_address>0x2000d60e</load_address>
         <run_address>0x2000d60e</run_address>
         <size>0x101</size>
         <input_file_ref idref="fl-e9"/>
      </object_component>
      <object_component id="oc-31a">
         <name>.const:g_ulPinToPadMap</name>
         <load_address>0x2000d710</load_address>
         <run_address>0x2000d710</run_address>
         <size>0x100</size>
         <input_file_ref idref="fl-10"/>
      </object_component>
      <object_component id="oc-307">
         <name>.const:PRCM_PeriphRegsList</name>
         <load_address>0x2000d810</load_address>
         <run_address>0x2000d810</run_address>
         <size>0xa8</size>
         <input_file_ref idref="fl-11"/>
      </object_component>
      <object_component id="oc-126">
         <name>.const:$P$T4$5</name>
         <load_address>0x2000d8b8</load_address>
         <run_address>0x2000d8b8</run_address>
         <size>0x28</size>
         <input_file_ref idref="fl-4"/>
      </object_component>
      <object_component id="oc-1df">
         <name>.const:g_pulEnRegs</name>
         <load_address>0x2000d8e0</load_address>
         <run_address>0x2000d8e0</run_address>
         <size>0x18</size>
         <input_file_ref idref="fl-f"/>
      </object_component>
      <object_component id="oc-129">
         <name>.const:$P$T5$6</name>
         <load_address>0x2000d8f8</load_address>
         <run_address>0x2000d8f8</run_address>
         <size>0x14</size>
         <input_file_ref idref="fl-4"/>
      </object_component>
      <object_component id="oc-108">
         <name>.const:switch2</name>
         <load_address>0x2000d90c</load_address>
         <run_address>0x2000d90c</run_address>
         <size>0x8</size>
         <input_file_ref idref="fl-4"/>
      </object_component>
      <object_component id="oc-17e">
         <name>.const:switch3</name>
         <load_address>0x2000d914</load_address>
         <run_address>0x2000d914</run_address>
         <size>0x8</size>
         <input_file_ref idref="fl-4"/>
      </object_component>
      <object_component id="oc-50a">
         <name>.cinit..data.load</name>
         <load_address>0x2000d920</load_address>
         <run_address>0x2000d920</run_address>
         <size>0x20</size>
      </object_component>
      <object_component id="oc-508">
         <name>__TI_handler_table</name>
         <load_address>0x2000d940</load_address>
         <run_address>0x2000d940</run_address>
         <size>0xc</size>
      </object_component>
      <object_component id="oc-50b">
         <name>.cinit..bss.load</name>
         <load_address>0x2000d950</load_address>
         <run_address>0x2000d950</run_address>
         <size>0x8</size>
      </object_component>
      <object_component id="oc-509">
         <name>__TI_cinit_table</name>
         <load_address>0x2000d958</load_address>
         <run_address>0x2000d958</run_address>
         <size>0x10</size>
      </object_component>
      <object_component id="oc-311">
         <name>.data</name>
         <load_address>0x20017800</load_address>
         <run_address>0x20017800</run_address>
         <size>0x15</size>
         <input_file_ref idref="fl-2"/>
      </object_component>
      <object_component id="oc-101">
         <name>.data</name>
         <load_address>0x20017828</load_address>
         <run_address>0x20017828</run_address>
         <size>0x4</size>
         <input_file_ref idref="fl-4"/>
      </object_component>
      <object_component id="oc-40c">
         <name>.data:$O1$$</name>
         <load_address>0x20017820</load_address>
         <run_address>0x20017820</run_address>
         <size>0x8</size>
         <input_file_ref idref="fl-d5"/>
      </object_component>
      <object_component id="oc-2e1">
         <name>.data:$O1$$</name>
         <load_address>0x20017818</load_address>
         <run_address>0x20017818</run_address>
         <size>0x8</size>
         <input_file_ref idref="fl-e5"/>
      </object_component>
      <object_component id="oc-488">
         <name>.data</name>
         <load_address>0x2001782c</load_address>
         <run_address>0x2001782c</run_address>
         <size>0x4</size>
         <input_file_ref idref="fl-ec"/>
      </object_component>
      <object_component id="oc-29f">
         <name>.bss</name>
         <uninitialized>true</uninitialized>
         <run_address>0x20017830</run_address>
         <size>0x4</size>
         <input_file_ref idref="fl-8"/>
      </object_component>
      <object_component id="oc-10b">
         <name>.common:SW2_intcount</name>
         <uninitialized>true</uninitialized>
         <run_address>0x20017834</run_address>
         <size>0x4</size>
      </object_component>
      <object_component id="oc-104">
         <name>.common:SW3_intcount</name>
         <uninitialized>true</uninitialized>
         <run_address>0x20017838</run_address>
         <size>0x4</size>
      </object_component>
      <object_component id="oc-10c">
         <name>.common:SW2_intflag</name>
         <uninitialized>true</uninitialized>
         <run_address>0x2001783c</run_address>
         <size>0x1</size>
      </object_component>
      <object_component id="oc-107">
         <name>.common:SW3_intflag</name>
         <uninitialized>true</uninitialized>
         <run_address>0x2001783d</run_address>
         <size>0x1</size>
      </object_component>
      <object_component id="oc-23">
         <name>.sysmem</name>
         <uninitialized>true</uninitialized>
         <run_address>0x20017000</run_address>
         <size>0x10</size>
         <input_file_ref idref="fl-d5"/>
      </object_component>
      <object_component id="oc-50e">
         <name>.sysmem</name>
         <uninitialized>true</uninitialized>
         <run_address>0x20017000</run_address>
         <size>0x0</size>
      </object_component>
      <object_component id="oc-26">
         <name>.stack</name>
         <uninitialized>true</uninitialized>
         <run_address>0x2002f800</run_address>
         <size>0x4</size>
         <input_file_ref idref="fl-d7"/>
      </object_component>
      <object_component id="oc-50d">
         <name>.stack</name>
         <uninitialized>true</uninitialized>
         <run_address>0x2002f800</run_address>
         <size>0x0</size>
      </object_component>
      <object_component id="oc-315">
         <name>.debug_info</name>
         <load_address>0x0</load_address>
         <run_address>0x0</run_address>
         <size>0x229</size>
         <input_file_ref idref="fl-2"/>
      </object_component>
      <object_component id="oc-30f">
         <name>.debug_info</name>
         <load_address>0x229</load_address>
         <run_address>0x229</run_address>
         <size>0xdb</size>
         <input_file_ref idref="fl-2"/>
      </object_component>
      <object_component id="oc-312">
         <name>.debug_info</name>
         <load_address>0x304</load_address>
         <run_address>0x304</run_address>
         <size>0x189</size>
         <input_file_ref idref="fl-2"/>
      </object_component>
      <object_component id="oc-21e">
         <name>.debug_info</name>
         <load_address>0x48d</load_address>
         <run_address>0x48d</run_address>
         <size>0x1547</size>
         <input_file_ref idref="fl-2"/>
      </object_component>
      <object_component id="oc-38">
         <name>.debug_info</name>
         <load_address>0x19d4</load_address>
         <run_address>0x19d4</run_address>
         <size>0x84</size>
         <input_file_ref idref="fl-2"/>
      </object_component>
      <object_component id="oc-2cd">
         <name>.debug_info</name>
         <load_address>0x1a58</load_address>
         <run_address>0x1a58</run_address>
         <size>0x22d</size>
         <input_file_ref idref="fl-3"/>
      </object_component>
      <object_component id="oc-16b">
         <name>.debug_info</name>
         <load_address>0x1c85</load_address>
         <run_address>0x1c85</run_address>
         <size>0xe97</size>
         <input_file_ref idref="fl-3"/>
      </object_component>
      <object_component id="oc-3ac">
         <name>.debug_info</name>
         <load_address>0x2b1c</load_address>
         <run_address>0x2b1c</run_address>
         <size>0x62</size>
         <input_file_ref idref="fl-3"/>
      </object_component>
      <object_component id="oc-1c6">
         <name>.debug_info</name>
         <load_address>0x2b7e</load_address>
         <run_address>0x2b7e</run_address>
         <size>0x2c</size>
         <input_file_ref idref="fl-3"/>
      </object_component>
      <object_component id="oc-bc">
         <name>.debug_info</name>
         <load_address>0x2baa</load_address>
         <run_address>0x2baa</run_address>
         <size>0x2c</size>
         <input_file_ref idref="fl-3"/>
      </object_component>
      <object_component id="oc-216">
         <name>.debug_info</name>
         <load_address>0x2bd6</load_address>
         <run_address>0x2bd6</run_address>
         <size>0x35</size>
         <input_file_ref idref="fl-3"/>
      </object_component>
      <object_component id="oc-105">
         <name>.debug_info</name>
         <load_address>0x2c0b</load_address>
         <run_address>0x2c0b</run_address>
         <size>0x9e3</size>
         <input_file_ref idref="fl-4"/>
      </object_component>
      <object_component id="oc-102">
         <name>.debug_info</name>
         <load_address>0x35ee</load_address>
         <run_address>0x35ee</run_address>
         <size>0xe2</size>
         <input_file_ref idref="fl-4"/>
      </object_component>
      <object_component id="oc-109">
         <name>.debug_info</name>
         <load_address>0x36d0</load_address>
         <run_address>0x36d0</run_address>
         <size>0xd9</size>
         <input_file_ref idref="fl-4"/>
      </object_component>
      <object_component id="oc-17f">
         <name>.debug_info</name>
         <load_address>0x37a9</load_address>
         <run_address>0x37a9</run_address>
         <size>0xd9</size>
         <input_file_ref idref="fl-4"/>
      </object_component>
      <object_component id="oc-11b">
         <name>.debug_info</name>
         <load_address>0x3882</load_address>
         <run_address>0x3882</run_address>
         <size>0xd9</size>
         <input_file_ref idref="fl-4"/>
      </object_component>
      <object_component id="oc-11e">
         <name>.debug_info</name>
         <load_address>0x395b</load_address>
         <run_address>0x395b</run_address>
         <size>0xd9</size>
         <input_file_ref idref="fl-4"/>
      </object_component>
      <object_component id="oc-121">
         <name>.debug_info</name>
         <load_address>0x3a34</load_address>
         <run_address>0x3a34</run_address>
         <size>0xda</size>
         <input_file_ref idref="fl-4"/>
      </object_component>
      <object_component id="oc-124">
         <name>.debug_info</name>
         <load_address>0x3b0e</load_address>
         <run_address>0x3b0e</run_address>
         <size>0xda</size>
         <input_file_ref idref="fl-4"/>
      </object_component>
      <object_component id="oc-127">
         <name>.debug_info</name>
         <load_address>0x3be8</load_address>
         <run_address>0x3be8</run_address>
         <size>0xda</size>
         <input_file_ref idref="fl-4"/>
      </object_component>
      <object_component id="oc-12a">
         <name>.debug_info</name>
         <load_address>0x3cc2</load_address>
         <run_address>0x3cc2</run_address>
         <size>0xda</size>
         <input_file_ref idref="fl-4"/>
      </object_component>
      <object_component id="oc-98">
         <name>.debug_info</name>
         <load_address>0x3d9c</load_address>
         <run_address>0x3d9c</run_address>
         <size>0xb93</size>
         <input_file_ref idref="fl-4"/>
      </object_component>
      <object_component id="oc-211">
         <name>.debug_info</name>
         <load_address>0x492f</load_address>
         <run_address>0x492f</run_address>
         <size>0x26b</size>
         <input_file_ref idref="fl-4"/>
      </object_component>
      <object_component id="oc-20c">
         <name>.debug_info</name>
         <load_address>0x4b9a</load_address>
         <run_address>0x4b9a</run_address>
         <size>0x62</size>
         <input_file_ref idref="fl-4"/>
      </object_component>
      <object_component id="oc-2d8">
         <name>.debug_info</name>
         <load_address>0x4bfc</load_address>
         <run_address>0x4bfc</run_address>
         <size>0x2a4</size>
         <input_file_ref idref="fl-4"/>
      </object_component>
      <object_component id="oc-182">
         <name>.debug_info</name>
         <load_address>0x4ea0</load_address>
         <run_address>0x4ea0</run_address>
         <size>0xbb</size>
         <input_file_ref idref="fl-4"/>
      </object_component>
      <object_component id="oc-2a4">
         <name>.debug_info</name>
         <load_address>0x4f5b</load_address>
         <run_address>0x4f5b</run_address>
         <size>0x2c</size>
         <input_file_ref idref="fl-4"/>
      </object_component>
      <object_component id="oc-227">
         <name>.debug_info</name>
         <load_address>0x4f87</load_address>
         <run_address>0x4f87</run_address>
         <size>0x524</size>
         <input_file_ref idref="fl-5"/>
      </object_component>
      <object_component id="oc-224">
         <name>.debug_info</name>
         <load_address>0x54ab</load_address>
         <run_address>0x54ab</run_address>
         <size>0xd8</size>
         <input_file_ref idref="fl-5"/>
      </object_component>
      <object_component id="oc-110">
         <name>.debug_info</name>
         <load_address>0x5583</load_address>
         <run_address>0x5583</run_address>
         <size>0x14c5</size>
         <input_file_ref idref="fl-5"/>
      </object_component>
      <object_component id="oc-12f">
         <name>.debug_info</name>
         <load_address>0x6a48</load_address>
         <run_address>0x6a48</run_address>
         <size>0x42f</size>
         <input_file_ref idref="fl-6"/>
      </object_component>
      <object_component id="oc-31">
         <name>.debug_info</name>
         <load_address>0x6e77</load_address>
         <run_address>0x6e77</run_address>
         <size>0x199</size>
         <input_file_ref idref="fl-7"/>
      </object_component>
      <object_component id="oc-13">
         <name>.debug_info</name>
         <load_address>0x7010</load_address>
         <run_address>0x7010</run_address>
         <size>0x118</size>
         <input_file_ref idref="fl-7"/>
      </object_component>
      <object_component id="oc-2a">
         <name>.debug_info</name>
         <load_address>0x7128</load_address>
         <run_address>0x7128</run_address>
         <size>0x439</size>
         <input_file_ref idref="fl-7"/>
      </object_component>
      <object_component id="oc-2a3">
         <name>.debug_info</name>
         <load_address>0x7561</load_address>
         <run_address>0x7561</run_address>
         <size>0x3b7</size>
         <input_file_ref idref="fl-8"/>
      </object_component>
      <object_component id="oc-2a0">
         <name>.debug_info</name>
         <load_address>0x7918</load_address>
         <run_address>0x7918</run_address>
         <size>0xe2</size>
         <input_file_ref idref="fl-8"/>
      </object_component>
      <object_component id="oc-163">
         <name>.debug_info</name>
         <load_address>0x79fa</load_address>
         <run_address>0x79fa</run_address>
         <size>0x648</size>
         <input_file_ref idref="fl-8"/>
      </object_component>
      <object_component id="oc-2a9">
         <name>.debug_info</name>
         <load_address>0x8042</load_address>
         <run_address>0x8042</run_address>
         <size>0x110</size>
         <input_file_ref idref="fl-8"/>
      </object_component>
      <object_component id="oc-260">
         <name>.debug_info</name>
         <load_address>0x8152</load_address>
         <run_address>0x8152</run_address>
         <size>0x1e0</size>
         <input_file_ref idref="fl-e"/>
      </object_component>
      <object_component id="oc-25a">
         <name>.debug_info</name>
         <load_address>0x8332</load_address>
         <run_address>0x8332</run_address>
         <size>0x19e</size>
         <input_file_ref idref="fl-e"/>
      </object_component>
      <object_component id="oc-242">
         <name>.debug_info</name>
         <load_address>0x84d0</load_address>
         <run_address>0x84d0</run_address>
         <size>0x1dd</size>
         <input_file_ref idref="fl-e"/>
      </object_component>
      <object_component id="oc-158">
         <name>.debug_info</name>
         <load_address>0x86ad</load_address>
         <run_address>0x86ad</run_address>
         <size>0x1e8</size>
         <input_file_ref idref="fl-e"/>
      </object_component>
      <object_component id="oc-15e">
         <name>.debug_info</name>
         <load_address>0x8895</load_address>
         <run_address>0x8895</run_address>
         <size>0x1bf</size>
         <input_file_ref idref="fl-e"/>
      </object_component>
      <object_component id="oc-c7">
         <name>.debug_info</name>
         <load_address>0x8a54</load_address>
         <run_address>0x8a54</run_address>
         <size>0x1b7</size>
         <input_file_ref idref="fl-e"/>
      </object_component>
      <object_component id="oc-cd">
         <name>.debug_info</name>
         <load_address>0x8c0b</load_address>
         <run_address>0x8c0b</run_address>
         <size>0x1bd</size>
         <input_file_ref idref="fl-e"/>
      </object_component>
      <object_component id="oc-152">
         <name>.debug_info</name>
         <load_address>0x8dc8</load_address>
         <run_address>0x8dc8</run_address>
         <size>0x208</size>
         <input_file_ref idref="fl-e"/>
      </object_component>
      <object_component id="oc-115">
         <name>.debug_info</name>
         <load_address>0x8fd0</load_address>
         <run_address>0x8fd0</run_address>
         <size>0x1af</size>
         <input_file_ref idref="fl-e"/>
      </object_component>
      <object_component id="oc-2b6">
         <name>.debug_info</name>
         <load_address>0x917f</load_address>
         <run_address>0x917f</run_address>
         <size>0x1d4</size>
         <input_file_ref idref="fl-e"/>
      </object_component>
      <object_component id="oc-2fe">
         <name>.debug_info</name>
         <load_address>0x9353</load_address>
         <run_address>0x9353</run_address>
         <size>0x201</size>
         <input_file_ref idref="fl-f"/>
      </object_component>
      <object_component id="oc-1e0">
         <name>.debug_info</name>
         <load_address>0x9554</load_address>
         <run_address>0x9554</run_address>
         <size>0xf4</size>
         <input_file_ref idref="fl-f"/>
      </object_component>
      <object_component id="oc-f1">
         <name>.debug_info</name>
         <load_address>0x9648</load_address>
         <run_address>0x9648</run_address>
         <size>0x17c</size>
         <input_file_ref idref="fl-f"/>
      </object_component>
      <object_component id="oc-eb">
         <name>.debug_info</name>
         <load_address>0x97c4</load_address>
         <run_address>0x97c4</run_address>
         <size>0x1ae</size>
         <input_file_ref idref="fl-f"/>
      </object_component>
      <object_component id="oc-1cf">
         <name>.debug_info</name>
         <load_address>0x9972</load_address>
         <run_address>0x9972</run_address>
         <size>0x1f8</size>
         <input_file_ref idref="fl-f"/>
      </object_component>
      <object_component id="oc-f6">
         <name>.debug_info</name>
         <load_address>0x9b6a</load_address>
         <run_address>0x9b6a</run_address>
         <size>0x19f</size>
         <input_file_ref idref="fl-f"/>
      </object_component>
      <object_component id="oc-3b9">
         <name>.debug_info</name>
         <load_address>0x9d09</load_address>
         <run_address>0x9d09</run_address>
         <size>0x14e</size>
         <input_file_ref idref="fl-10"/>
      </object_component>
      <object_component id="oc-31b">
         <name>.debug_info</name>
         <load_address>0x9e57</load_address>
         <run_address>0x9e57</run_address>
         <size>0xf6</size>
         <input_file_ref idref="fl-10"/>
      </object_component>
      <object_component id="oc-237">
         <name>.debug_info</name>
         <load_address>0x9f4d</load_address>
         <run_address>0x9f4d</run_address>
         <size>0x1bf</size>
         <input_file_ref idref="fl-10"/>
      </object_component>
      <object_component id="oc-321">
         <name>.debug_info</name>
         <load_address>0xa10c</load_address>
         <run_address>0xa10c</run_address>
         <size>0x20d</size>
         <input_file_ref idref="fl-10"/>
      </object_component>
      <object_component id="oc-24f">
         <name>.debug_info</name>
         <load_address>0xa319</load_address>
         <run_address>0xa319</run_address>
         <size>0x1d4</size>
         <input_file_ref idref="fl-10"/>
      </object_component>
      <object_component id="oc-249">
         <name>.debug_info</name>
         <load_address>0xa4ed</load_address>
         <run_address>0xa4ed</run_address>
         <size>0x1d2</size>
         <input_file_ref idref="fl-10"/>
      </object_component>
      <object_component id="oc-23d">
         <name>.debug_info</name>
         <load_address>0xa6bf</load_address>
         <run_address>0xa6bf</run_address>
         <size>0x222</size>
         <input_file_ref idref="fl-10"/>
      </object_component>
      <object_component id="oc-30c">
         <name>.debug_info</name>
         <load_address>0xa8e1</load_address>
         <run_address>0xa8e1</run_address>
         <size>0x25e</size>
         <input_file_ref idref="fl-11"/>
      </object_component>
      <object_component id="oc-308">
         <name>.debug_info</name>
         <load_address>0xab3f</load_address>
         <run_address>0xab3f</run_address>
         <size>0xff</size>
         <input_file_ref idref="fl-11"/>
      </object_component>
      <object_component id="oc-1e6">
         <name>.debug_info</name>
         <load_address>0xac3e</load_address>
         <run_address>0xac3e</run_address>
         <size>0x1a6</size>
         <input_file_ref idref="fl-11"/>
      </object_component>
      <object_component id="oc-1f8">
         <name>.debug_info</name>
         <load_address>0xade4</load_address>
         <run_address>0xade4</run_address>
         <size>0x1eb</size>
         <input_file_ref idref="fl-11"/>
      </object_component>
      <object_component id="oc-204">
         <name>.debug_info</name>
         <load_address>0xafcf</load_address>
         <run_address>0xafcf</run_address>
         <size>0x1ed</size>
         <input_file_ref idref="fl-11"/>
      </object_component>
      <object_component id="oc-13b">
         <name>.debug_info</name>
         <load_address>0xb1bc</load_address>
         <run_address>0xb1bc</run_address>
         <size>0x216</size>
         <input_file_ref idref="fl-11"/>
      </object_component>
      <object_component id="oc-1fe">
         <name>.debug_info</name>
         <load_address>0xb3d2</load_address>
         <run_address>0xb3d2</run_address>
         <size>0x1c0</size>
         <input_file_ref idref="fl-11"/>
      </object_component>
      <object_component id="oc-fd">
         <name>.debug_info</name>
         <load_address>0xb592</load_address>
         <run_address>0xb592</run_address>
         <size>0x283</size>
         <input_file_ref idref="fl-11"/>
      </object_component>
      <object_component id="oc-1eb">
         <name>.debug_info</name>
         <load_address>0xb815</load_address>
         <run_address>0xb815</run_address>
         <size>0x1bf</size>
         <input_file_ref idref="fl-11"/>
      </object_component>
      <object_component id="oc-1f1">
         <name>.debug_info</name>
         <load_address>0xb9d4</load_address>
         <run_address>0xb9d4</run_address>
         <size>0x1d4</size>
         <input_file_ref idref="fl-11"/>
      </object_component>
      <object_component id="oc-380">
         <name>.debug_info</name>
         <load_address>0xbba8</load_address>
         <run_address>0xbba8</run_address>
         <size>0x232</size>
         <input_file_ref idref="fl-12"/>
      </object_component>
      <object_component id="oc-14b">
         <name>.debug_info</name>
         <load_address>0xbdda</load_address>
         <run_address>0xbdda</run_address>
         <size>0x179</size>
         <input_file_ref idref="fl-12"/>
      </object_component>
      <object_component id="oc-133">
         <name>.debug_info</name>
         <load_address>0xbf53</load_address>
         <run_address>0xbf53</run_address>
         <size>0x177</size>
         <input_file_ref idref="fl-12"/>
      </object_component>
      <object_component id="oc-141">
         <name>.debug_info</name>
         <load_address>0xc0ca</load_address>
         <run_address>0xc0ca</run_address>
         <size>0x28e</size>
         <input_file_ref idref="fl-12"/>
      </object_component>
      <object_component id="oc-2c2">
         <name>.debug_info</name>
         <load_address>0xc358</load_address>
         <run_address>0xc358</run_address>
         <size>0x1aa</size>
         <input_file_ref idref="fl-12"/>
      </object_component>
      <object_component id="oc-2bc">
         <name>.debug_info</name>
         <load_address>0xc502</load_address>
         <run_address>0xc502</run_address>
         <size>0x1a6</size>
         <input_file_ref idref="fl-12"/>
      </object_component>
      <object_component id="oc-147">
         <name>.debug_info</name>
         <load_address>0xc6a8</load_address>
         <run_address>0xc6a8</run_address>
         <size>0x1b0</size>
         <input_file_ref idref="fl-12"/>
      </object_component>
      <object_component id="oc-2b0">
         <name>.debug_info</name>
         <load_address>0xc858</load_address>
         <run_address>0xc858</run_address>
         <size>0x17d</size>
         <input_file_ref idref="fl-12"/>
      </object_component>
      <object_component id="oc-2c9">
         <name>.debug_info</name>
         <load_address>0xc9d5</load_address>
         <run_address>0xc9d5</run_address>
         <size>0x17f</size>
         <input_file_ref idref="fl-12"/>
      </object_component>
      <object_component id="oc-1d4">
         <name>.debug_info</name>
         <load_address>0xcb54</load_address>
         <run_address>0xcb54</run_address>
         <size>0x199</size>
         <input_file_ref idref="fl-13"/>
      </object_component>
      <object_component id="oc-e4">
         <name>.debug_info</name>
         <load_address>0xcced</load_address>
         <run_address>0xcced</run_address>
         <size>0x15f</size>
         <input_file_ref idref="fl-13"/>
      </object_component>
      <object_component id="oc-d8">
         <name>.debug_info</name>
         <load_address>0xce4c</load_address>
         <run_address>0xce4c</run_address>
         <size>0x1b6</size>
         <input_file_ref idref="fl-13"/>
      </object_component>
      <object_component id="oc-de">
         <name>.debug_info</name>
         <load_address>0xd002</load_address>
         <run_address>0xd002</run_address>
         <size>0x165</size>
         <input_file_ref idref="fl-13"/>
      </object_component>
      <object_component id="oc-d2">
         <name>.debug_info</name>
         <load_address>0xd167</load_address>
         <run_address>0xd167</run_address>
         <size>0x198</size>
         <input_file_ref idref="fl-13"/>
      </object_component>
      <object_component id="oc-16f">
         <name>.debug_info</name>
         <load_address>0xd2ff</load_address>
         <run_address>0xd2ff</run_address>
         <size>0x16a</size>
         <input_file_ref idref="fl-13"/>
      </object_component>
      <object_component id="oc-265">
         <name>.debug_info</name>
         <load_address>0xd469</load_address>
         <run_address>0xd469</run_address>
         <size>0x25c</size>
         <input_file_ref idref="fl-14"/>
      </object_component>
      <object_component id="oc-334">
         <name>.debug_info</name>
         <load_address>0xd6c5</load_address>
         <run_address>0xd6c5</run_address>
         <size>0x17e</size>
         <input_file_ref idref="fl-14"/>
      </object_component>
      <object_component id="oc-32d">
         <name>.debug_info</name>
         <load_address>0xd843</load_address>
         <run_address>0xd843</run_address>
         <size>0x180</size>
         <input_file_ref idref="fl-14"/>
      </object_component>
      <object_component id="oc-277">
         <name>.debug_info</name>
         <load_address>0xd9c3</load_address>
         <run_address>0xd9c3</run_address>
         <size>0x18a</size>
         <input_file_ref idref="fl-14"/>
      </object_component>
      <object_component id="oc-27d">
         <name>.debug_info</name>
         <load_address>0xdb4d</load_address>
         <run_address>0xdb4d</run_address>
         <size>0x19a</size>
         <input_file_ref idref="fl-14"/>
      </object_component>
      <object_component id="oc-26b">
         <name>.debug_info</name>
         <load_address>0xdce7</load_address>
         <run_address>0xdce7</run_address>
         <size>0x1ab</size>
         <input_file_ref idref="fl-14"/>
      </object_component>
      <object_component id="oc-1da">
         <name>.debug_info</name>
         <load_address>0xde92</load_address>
         <run_address>0xde92</run_address>
         <size>0x14e</size>
         <input_file_ref idref="fl-16"/>
      </object_component>
      <object_component id="oc-34c">
         <name>.debug_info</name>
         <load_address>0xdfe0</load_address>
         <run_address>0xdfe0</run_address>
         <size>0x212</size>
         <input_file_ref idref="fl-cd"/>
      </object_component>
      <object_component id="oc-272">
         <name>.debug_info</name>
         <load_address>0xe1f2</load_address>
         <run_address>0xe1f2</run_address>
         <size>0x208</size>
         <input_file_ref idref="fl-cd"/>
      </object_component>
      <object_component id="oc-341">
         <name>.debug_info</name>
         <load_address>0xe3fa</load_address>
         <run_address>0xe3fa</run_address>
         <size>0x1c6</size>
         <input_file_ref idref="fl-cd"/>
      </object_component>
      <object_component id="oc-346">
         <name>.debug_info</name>
         <load_address>0xe5c0</load_address>
         <run_address>0xe5c0</run_address>
         <size>0x179</size>
         <input_file_ref idref="fl-cd"/>
      </object_component>
      <object_component id="oc-34d">
         <name>.debug_info</name>
         <load_address>0xe739</load_address>
         <run_address>0xe739</run_address>
         <size>0x2c</size>
         <input_file_ref idref="fl-cd"/>
      </object_component>
      <object_component id="oc-352">
         <name>.debug_info</name>
         <load_address>0xe765</load_address>
         <run_address>0xe765</run_address>
         <size>0x69</size>
         <input_file_ref idref="fl-cd"/>
      </object_component>
      <object_component id="oc-17c">
         <name>.debug_info</name>
         <load_address>0xe7ce</load_address>
         <run_address>0xe7ce</run_address>
         <size>0x122</size>
         <input_file_ref idref="fl-ce"/>
      </object_component>
      <object_component id="oc-3e">
         <name>.debug_info</name>
         <load_address>0xe8f0</load_address>
         <run_address>0xe8f0</run_address>
         <size>0x119</size>
         <input_file_ref idref="fl-cf"/>
      </object_component>
      <object_component id="oc-175">
         <name>.debug_info</name>
         <load_address>0xea09</load_address>
         <run_address>0xea09</run_address>
         <size>0x134</size>
         <input_file_ref idref="fl-d0"/>
      </object_component>
      <object_component id="oc-8a">
         <name>.debug_info</name>
         <load_address>0xeb3d</load_address>
         <run_address>0xeb3d</run_address>
         <size>0x1a6</size>
         <input_file_ref idref="fl-d1"/>
      </object_component>
      <object_component id="oc-4c">
         <name>.debug_info</name>
         <load_address>0xece3</load_address>
         <run_address>0xece3</run_address>
         <size>0x1d2</size>
         <input_file_ref idref="fl-d1"/>
      </object_component>
      <object_component id="oc-85">
         <name>.debug_info</name>
         <load_address>0xeeb5</load_address>
         <run_address>0xeeb5</run_address>
         <size>0x46</size>
         <input_file_ref idref="fl-d1"/>
      </object_component>
      <object_component id="oc-48">
         <name>.debug_info</name>
         <load_address>0xeefb</load_address>
         <run_address>0xeefb</run_address>
         <size>0x17a</size>
         <input_file_ref idref="fl-d2"/>
      </object_component>
      <object_component id="oc-1c">
         <name>.debug_info</name>
         <load_address>0xf075</load_address>
         <run_address>0xf075</run_address>
         <size>0x1ea</size>
         <input_file_ref idref="fl-d2"/>
      </object_component>
      <object_component id="oc-43">
         <name>.debug_info</name>
         <load_address>0xf25f</load_address>
         <run_address>0xf25f</run_address>
         <size>0x46</size>
         <input_file_ref idref="fl-d2"/>
      </object_component>
      <object_component id="oc-7d">
         <name>.debug_info</name>
         <load_address>0xf2a5</load_address>
         <run_address>0xf2a5</run_address>
         <size>0x2c</size>
         <input_file_ref idref="fl-d2"/>
      </object_component>
      <object_component id="oc-7b">
         <name>.debug_info</name>
         <load_address>0xf2d1</load_address>
         <run_address>0xf2d1</run_address>
         <size>0x170</size>
         <input_file_ref idref="fl-d3"/>
      </object_component>
      <object_component id="oc-16">
         <name>.debug_info</name>
         <load_address>0xf441</load_address>
         <run_address>0xf441</run_address>
         <size>0x250</size>
         <input_file_ref idref="fl-d3"/>
      </object_component>
      <object_component id="oc-33">
         <name>.debug_info</name>
         <load_address>0xf691</load_address>
         <run_address>0xf691</run_address>
         <size>0x60</size>
         <input_file_ref idref="fl-d3"/>
      </object_component>
      <object_component id="oc-b5">
         <name>.debug_info</name>
         <load_address>0xf6f1</load_address>
         <run_address>0xf6f1</run_address>
         <size>0x46</size>
         <input_file_ref idref="fl-d3"/>
      </object_component>
      <object_component id="oc-76">
         <name>.debug_info</name>
         <load_address>0xf737</load_address>
         <run_address>0xf737</run_address>
         <size>0x39</size>
         <input_file_ref idref="fl-d3"/>
      </object_component>
      <object_component id="oc-35c">
         <name>.debug_info</name>
         <load_address>0xf770</load_address>
         <run_address>0xf770</run_address>
         <size>0x172</size>
         <input_file_ref idref="fl-d4"/>
      </object_component>
      <object_component id="oc-288">
         <name>.debug_info</name>
         <load_address>0xf8e2</load_address>
         <run_address>0xf8e2</run_address>
         <size>0x1a9</size>
         <input_file_ref idref="fl-d4"/>
      </object_component>
      <object_component id="oc-6f">
         <name>.debug_info</name>
         <load_address>0xfa8b</load_address>
         <run_address>0xfa8b</run_address>
         <size>0x284</size>
         <input_file_ref idref="fl-d5"/>
      </object_component>
      <object_component id="oc-24">
         <name>.debug_info</name>
         <load_address>0xfd0f</load_address>
         <run_address>0xfd0f</run_address>
         <size>0x10c</size>
         <input_file_ref idref="fl-d5"/>
      </object_component>
      <object_component id="oc-40d">
         <name>.debug_info</name>
         <load_address>0xfe1b</load_address>
         <run_address>0xfe1b</run_address>
         <size>0x13f</size>
         <input_file_ref idref="fl-d5"/>
      </object_component>
      <object_component id="oc-28e">
         <name>.debug_info</name>
         <load_address>0xff5a</load_address>
         <run_address>0xff5a</run_address>
         <size>0x168</size>
         <input_file_ref idref="fl-d5"/>
      </object_component>
      <object_component id="oc-365">
         <name>.debug_info</name>
         <load_address>0x100c2</load_address>
         <run_address>0x100c2</run_address>
         <size>0x18e</size>
         <input_file_ref idref="fl-d5"/>
      </object_component>
      <object_component id="oc-373">
         <name>.debug_info</name>
         <load_address>0x10250</load_address>
         <run_address>0x10250</run_address>
         <size>0x19f</size>
         <input_file_ref idref="fl-d5"/>
[...]
      <symbol id="sm-24c">
         <name>testdrawrects</name>
         <value>0x20004f27</value>
         <object_component_ref idref="oc-10d"/>
      </symbol>
      <symbol id="sm-24d">
         <name>verticallines</name>
         <value>0x20005825</value>
         <object_component_ref idref="oc-10d"/>
      </symbol>
      <symbol id="sm-24e">
         <name>horizontallines</name>
         <value>0x20005747</value>
         <object_component_ref idref="oc-10d"/>
      </symbol>
      <symbol id="sm-24f">
         <name>testfillcircles</name>
         <value>0x20005045</value>
         <object_component_ref idref="oc-10d"/>
      </symbol>
      <symbol id="sm-25d">
         <name>PinMuxConfig</name>
         <value>0x200078b5</value>
         <object_component_ref idref="oc-12c"/>
      </symbol>
      <symbol id="sm-27c">
         <name>ResetISR</name>
         <value>0x20009387</value>
         <object_component_ref idref="oc-29"/>
      </symbol>
      <symbol id="sm-27d">
         <name>g_pfnVectors</name>
         <value>0x20004000</value>
         <object_component_ref idref="oc-12"/>
      </symbol>
      <symbol id="sm-2bf">
         <name>GetCmd</name>
         <value>0x20006f57</value>
         <object_component_ref idref="oc-162"/>
      </symbol>
      <symbol id="sm-2c0">
         <name>Message</name>
         <value>0x20006ef3</value>
         <object_component_ref idref="oc-162"/>
      </symbol>
      <symbol id="sm-2c1">
         <name>Report</name>
         <value>0x20007095</value>
         <object_component_ref idref="oc-162"/>
      </symbol>
      <symbol id="sm-2c2">
         <name>Error</name>
         <value>0x20006f1f</value>
         <object_component_ref idref="oc-162"/>
      </symbol>
      <symbol id="sm-2c3">
         <name>InitTerm</name>
         <value>0x20006ed5</value>
         <object_component_ref idref="oc-162"/>
      </symbol>
      <symbol id="sm-2c4">
         <name>ClearTerm</name>
         <value>0x20006f15</value>
         <object_component_ref idref="oc-162"/>
      </symbol>
      <symbol id="sm-2c5">
         <name>TrimSpace</name>
         <value>0x20006ffd</value>
         <object_component_ref idref="oc-162"/>
      </symbol>
      <symbol id="sm-325">
         <name>GPIOIntRegister</name>
         <value>0x200090a1</value>
         <object_component_ref idref="oc-150"/>
      </symbol>
      <symbol id="sm-326">
         <name>GPIOIntEnable</name>
         <value>0x20009189</value>
         <object_component_ref idref="oc-15c"/>
      </symbol>
      <symbol id="sm-327">
         <name>GPIOIntTypeSet</name>
         <value>0x20008791</value>
         <object_component_ref idref="oc-156"/>
      </symbol>
      <symbol id="sm-328">
         <name>GPIOIntClear</name>
         <value>0x20009307</value>
         <object_component_ref idref="oc-cb"/>
      </symbol>
      <symbol id="sm-329">
         <name>GPIOIntStatus</name>
         <value>0x20008ffd</value>
         <object_component_ref idref="oc-c5"/>
      </symbol>
      <symbol id="sm-32a">
         <name>GPIOPinRead</name>
         <value>0x200091f1</value>
         <object_component_ref idref="oc-113"/>
      </symbol>
      <symbol id="sm-32b">
         <name>GPIODirModeSet</name>
         <value>0x20008e19</value>
         <object_component_ref idref="oc-241"/>
      </symbol>
      <symbol id="sm-32c">
         <name>GPIOPinWrite</name>
         <value>0x20009041</value>
         <object_component_ref idref="oc-2b4"/>
      </symbol>
      <symbol id="sm-365">
         <name>IntVTableBaseSet</name>
         <value>0x2000931d</value>
         <object_component_ref idref="oc-e9"/>
      </symbol>
      <symbol id="sm-366">
         <name>IntEnable</name>
         <value>0x200082ed</value>
         <object_component_ref idref="oc-f5"/>
      </symbol>
      <symbol id="sm-367">
         <name>IntRegister</name>
         <value>0x20009061</value>
         <object_component_ref idref="oc-1cd"/>
      </symbol>
      <symbol id="sm-368">
         <name>IntMasterEnable</name>
         <value>0x200093ad</value>
         <object_component_ref idref="oc-ef"/>
      </symbol>
      <symbol id="sm-3a7">
         <name>PinTypeUART</name>
         <value>0x200091bd</value>
         <object_component_ref idref="oc-24d"/>
      </symbol>
      <symbol id="sm-3a8">
         <name>PinTypeGPIO</name>
         <value>0x20008e4f</value>
         <object_component_ref idref="oc-23b"/>
      </symbol>
      <symbol id="sm-3a9">
         <name>PinConfigSet</name>
         <value>0x200085fd</value>
         <object_component_ref idref="oc-31e"/>
      </symbol>
      <symbol id="sm-3aa">
         <name>PinTypeSPI</name>
         <value>0x200091a3</value>
         <object_component_ref idref="oc-247"/>
      </symbol>
      <symbol id="sm-3ab">
         <name>PinModeSet</name>
         <value>0x20008d1d</value>
         <object_component_ref idref="oc-235"/>
      </symbol>
      <symbol id="sm-431">
         <name>PRCMPeripheralReset</name>
         <value>0x20008aa9</value>
         <object_component_ref idref="oc-1fb"/>
      </symbol>
      <symbol id="sm-432">
         <name>PRCMPeripheralClkEnable</name>
         <value>0x20008ddd</value>
         <object_component_ref idref="oc-1f5"/>
      </symbol>
      <symbol id="sm-433">
         <name>PRCMPeripheralClockGet</name>
         <value>0x20008569</value>
         <object_component_ref idref="oc-138"/>
      </symbol>
      <symbol id="sm-434">
         <name>PRCMCC3200MCUInit</name>
         <value>0x2000773d</value>
         <object_component_ref idref="oc-fb"/>
      </symbol>
      <symbol id="sm-435">
         <name>PRCMHIBRegWrite</name>
         <value>0x200092c7</value>
         <object_component_ref idref="oc-1ef"/>
      </symbol>
      <symbol id="sm-436">
         <name>PRCMSysResetCauseGet</name>
         <value>0x20008f11</value>
         <object_component_ref idref="oc-1e3"/>
      </symbol>
      <symbol id="sm-437">
         <name>PRCMPeripheralClkDisable</name>
         <value>0x20008f3d</value>
         <object_component_ref idref="oc-201"/>
      </symbol>
      <symbol id="sm-438">
         <name>PRCMHIBRegRead</name>
         <value>0x200092b1</value>
         <object_component_ref idref="oc-1e9"/>
      </symbol>
      <symbol id="sm-485">
         <name>SPICSEnable</name>
         <value>0x20009221</value>
         <object_component_ref idref="oc-2ae"/>
      </symbol>
      <symbol id="sm-486">
         <name>SPIFIFOEnable</name>
         <value>0x200091d7</value>
         <object_component_ref idref="oc-144"/>
      </symbol>
      <symbol id="sm-487">
         <name>SPIDataPut</name>
         <value>0x200090bf</value>
         <object_component_ref idref="oc-2ba"/>
      </symbol>
      <symbol id="sm-488">
         <name>SPIEnable</name>
         <value>0x20009239</value>
         <object_component_ref idref="oc-14a"/>
      </symbol>
      <symbol id="sm-489">
         <name>SPIDataGet</name>
         <value>0x20009081</value>
         <object_component_ref idref="oc-2c0"/>
      </symbol>
      <symbol id="sm-48a">
         <name>SPIConfigSetExpClk</name>
         <value>0x20008395</value>
         <object_component_ref idref="oc-13e"/>
      </symbol>
      <symbol id="sm-48b">
         <name>SPIReset</name>
         <value>0x2000901f</value>
         <object_component_ref idref="oc-132"/>
      </symbol>
      <symbol id="sm-48c">
         <name>SPICSDisable</name>
         <value>0x20009209</value>
         <object_component_ref idref="oc-2c6"/>
      </symbol>
      <symbol id="sm-4c3">
         <name>SysTickEnable</name>
         <value>0x20009359</value>
         <object_component_ref idref="oc-e3"/>
      </symbol>
      <symbol id="sm-4c4">
         <name>SysTickIntRegister</name>
         <value>0x200090fd</value>
         <object_component_ref idref="oc-d7"/>
      </symbol>
      <symbol id="sm-4c5">
         <name>SysTickIntEnable</name>
         <value>0x20009369</value>
         <object_component_ref idref="oc-dd"/>
      </symbol>
      <symbol id="sm-4c6">
         <name>SysTickValueGet</name>
         <value>0x20009395</value>
         <object_component_ref idref="oc-16e"/>
      </symbol>
      <symbol id="sm-4c7">
         <name>SysTickPeriodSet</name>
         <value>0x20009251</value>
         <object_component_ref idref="oc-d1"/>
      </symbol>
      <symbol id="sm-503">
         <name>UARTConfigSetExpClk</name>
         <value>0x2000888d</value>
         <object_component_ref idref="oc-263"/>
      </symbol>
      <symbol id="sm-504">
         <name>UARTDisable</name>
         <value>0x20008e81</value>
         <object_component_ref idref="oc-32b"/>
      </symbol>
      <symbol id="sm-505">
         <name>UARTCharsAvail</name>
         <value>0x20009269</value>
         <object_component_ref idref="oc-275"/>
      </symbol>
      <symbol id="sm-506">
         <name>UARTCharGetNonBlocking</name>
         <value>0x20009119</value>
         <object_component_ref idref="oc-27b"/>
      </symbol>
      <symbol id="sm-507">
         <name>UARTCharPut</name>
         <value>0x200090dd</value>
         <object_component_ref idref="oc-269"/>
      </symbol>
      <symbol id="sm-508">
         <name>UARTEnable</name>
         <value>0x20008fb5</value>
         <object_component_ref idref="oc-331"/>
      </symbol>
      <symbol id="sm-50c">
         <name>UtilsDelay</name>
         <value>0x200093c9</value>
         <object_component_ref idref="oc-119"/>
      </symbol>
      <symbol id="sm-516">
         <name>CPUcpsie</name>
         <value>0x200092f3</value>
         <object_component_ref idref="oc-1d8"/>
      </symbol>
      <symbol id="sm-546">
         <name>vsnprintf</name>
         <value>0x20008d5d</value>
         <object_component_ref idref="oc-26f"/>
      </symbol>
      <symbol id="sm-54f">
         <name>__aeabi_lmul</name>
         <value>0x20009299</value>
         <object_component_ref idref="oc-179"/>
      </symbol>
      <symbol id="sm-56a">
         <name>memcpy</name>
         <value>0x20008435</value>
         <object_component_ref idref="oc-3d"/>
      </symbol>
      <symbol id="sm-56b">
         <name>__aeabi_memcpy</name>
         <value>0x20008435</value>
         <object_component_ref idref="oc-3d"/>
      </symbol>
      <symbol id="sm-56c">
         <name>__aeabi_memcpy8</name>
         <value>0x20008435</value>
         <object_component_ref idref="oc-3d"/>
      </symbol>
      <symbol id="sm-56d">
         <name>__aeabi_memcpy4</name>
         <value>0x20008435</value>
         <object_component_ref idref="oc-3d"/>
      </symbol>
      <symbol id="sm-57a">
         <name>__aeabi_uldivmod</name>
         <value>0x200084d1</value>
         <object_component_ref idref="oc-174"/>
      </symbol>
      <symbol id="sm-58e">
         <name>__TI_zero_init_nomemset</name>
         <value>0x20009135</value>
         <object_component_ref idref="oc-49"/>
      </symbol>
      <symbol id="sm-5a5">
         <name>__TI_decompress_none</name>
         <value>0x20009379</value>
         <object_component_ref idref="oc-1b"/>
      </symbol>
      <symbol id="sm-5c8">
         <name>__TI_decompress_lzss</name>
         <value>0x200089e3</value>
         <object_component_ref idref="oc-15"/>
      </symbol>
      <symbol id="sm-5d9">
         <name>memmove</name>
         <value>0x20008f8d</value>
         <object_component_ref idref="oc-287"/>
      </symbol>
      <symbol id="sm-677">
         <name>_sys_memory</name>
         <value>0x20017000</value>
         <object_component_ref idref="oc-23"/>
      </symbol>
      <symbol id="sm-678">
         <name>free</name>
         <value>0x20007fa1</value>
         <object_component_ref idref="oc-299"/>
      </symbol>
      <symbol id="sm-679">
         <name>realloc</name>
         <value>0x20008085</value>
         <object_component_ref idref="oc-293"/>
      </symbol>
      <symbol id="sm-67a">
         <name>memalign</name>
         <value>0x20007da5</value>
         <object_component_ref idref="oc-35d"/>
      </symbol>
      <symbol id="sm-67b">
         <name>malloc</name>
         <value>0x200093c1</value>
         <object_component_ref idref="oc-28d"/>
      </symbol>
      <symbol id="sm-67c">
         <name>aligned_alloc</name>
         <value>0x20007da5</value>
         <object_component_ref idref="oc-35d"/>
      </symbol>
      <symbol id="sm-68a">
         <name>strlen</name>
         <value>0x20009331</value>
         <object_component_ref idref="oc-281"/>
      </symbol>
      <symbol id="sm-69c">
         <name>__stack</name>
         <value>0x2002f800</value>
         <object_component_ref idref="oc-26"/>
      </symbol>
      <symbol id="sm-69d">
         <name>_c_int00_noargs</name>
         <value>0x20008fd9</value>
         <object_component_ref idref="oc-5b"/>
      </symbol>
      <symbol id="sm-802">
         <name>__TI_printfi</name>
         <value>0x200058f9</value>
         <object_component_ref idref="oc-339"/>
      </symbol>
      <symbol id="sm-80c">
         <name>__aeabi_idiv0</name>
         <value>0x20006ed3</value>
         <object_component_ref idref="oc-2cf"/>
      </symbol>
      <symbol id="sm-80d">
         <name>__aeabi_ldiv0</name>
         <value>0x20006ed3</value>
         <object_component_ref idref="oc-2cf"/>
      </symbol>
      <symbol id="sm-824">
         <name>__aeabi_dsub</name>
         <value>0x20007585</value>
         <object_component_ref idref="oc-44c"/>
      </symbol>
      <symbol id="sm-825">
         <name>__aeabi_dadd</name>
         <value>0x2000758f</value>
         <object_component_ref idref="oc-44c"/>
      </symbol>
      <symbol id="sm-847">
         <name>__aeabi_cdcmpeq</name>
         <value>0x20008685</value>
         <object_component_ref idref="oc-3c9"/>
      </symbol>
      <symbol id="sm-848">
         <name>__aeabi_cdcmple</name>
         <value>0x20008685</value>
         <object_component_ref idref="oc-3c9"/>
      </symbol>
      <symbol id="sm-849">
         <name>__aeabi_cdrcmple</name>
         <value>0x2000870b</value>
         <object_component_ref idref="oc-437"/>
      </symbol>
      <symbol id="sm-85d">
         <name>__aeabi_ddiv</name>
         <value>0x20007b4d</value>
         <object_component_ref idref="oc-432"/>
      </symbol>
      <symbol id="sm-868">
         <name>__aeabi_dmul</name>
         <value>0x20007ea5</value>
         <object_component_ref idref="oc-42d"/>
      </symbol>
      <symbol id="sm-872">
         <name>__aeabi_d2iz</name>
         <value>0x20008c91</value>
         <object_component_ref idref="oc-43c"/>
      </symbol>
      <symbol id="sm-87c">
         <name>__aeabi_i2d</name>
         <value>0x20008ee1</value>
         <object_component_ref idref="oc-447"/>
      </symbol>
      <symbol id="sm-88b">
         <name>__aeabi_memset</name>
         <value>0x20008815</value>
         <object_component_ref idref="oc-8b"/>
      </symbol>
      <symbol id="sm-88c">
         <name>memset</name>
         <value>0x2000881b</value>
         <object_component_ref idref="oc-8b"/>
      </symbol>
      <symbol id="sm-88d">
         <name>__aeabi_memset8</name>
         <value>0x20008815</value>
         <object_component_ref idref="oc-8b"/>
      </symbol>
      <symbol id="sm-88e">
         <name>__aeabi_memset4</name>
         <value>0x20008815</value>
         <object_component_ref idref="oc-8b"/>
      </symbol>
      <symbol id="sm-88f">
         <name>__aeabi_memclr8</name>
         <value>0x20008813</value>
         <object_component_ref idref="oc-8b"/>
      </symbol>
      <symbol id="sm-890">
         <name>__aeabi_memclr4</name>
         <value>0x20008813</value>
         <object_component_ref idref="oc-8b"/>
      </symbol>
      <symbol id="sm-891">
         <name>__aeabi_memclr</name>
         <value>0x20008813</value>
         <object_component_ref idref="oc-8b"/>
      </symbol>
      <symbol id="sm-8b9">
         <name>__TI_auto_init_nobinit_nopinit</name>
         <value>0x20008cd9</value>
         <object_component_ref idref="oc-193"/>
      </symbol>
      <symbol id="sm-8c3">
         <name>_system_pre_init</name>
         <value>0x200093cf</value>
         <object_component_ref idref="oc-91"/>
      </symbol>
      <symbol id="sm-8cf">
         <name>C$$EXIT</name>
         <value>0x200093d3</value>
         <object_component_ref idref="oc-187"/>
      </symbol>
      <symbol id="sm-8d0">
         <name>abort</name>
         <value>0x200093d3</value>
         <object_component_ref idref="oc-187"/>
      </symbol>
      <symbol id="sm-8e5">
         <name>_nop</name>
         <value>0x20006347</value>
         <object_component_ref idref="oc-387"/>
      </symbol>
      <symbol id="sm-8e6">
         <name>_lock</name>
         <value>0x20017818</value>
         <object_component_ref idref="oc-2e1"/>
      </symbol>
      <symbol id="sm-8e7">
         <name>_unlock</name>
         <value>0x2001781c</value>
         <object_component_ref idref="oc-2e1"/>
      </symbol>
      <symbol id="sm-8f6">
         <name>__TI_ltoa</name>
         <value>0x20008b57</value>
         <object_component_ref idref="oc-441"/>
      </symbol>
      <symbol id="sm-90d">
         <name>atoi</name>
         <value>0x20008bfd</value>
         <object_component_ref idref="oc-3bd"/>
      </symbol>
      <symbol id="sm-918">
         <name>_ctypes_</name>
         <value>0x2000d60e</value>
         <object_component_ref idref="oc-426"/>
      </symbol>
      <symbol id="sm-928">
         <name>memccpy</name>
         <value>0x2000916d</value>
         <object_component_ref idref="oc-3e6"/>
      </symbol>
      <symbol id="sm-938">
         <name>strchr</name>
         <value>0x200092dd</value>
         <object_component_ref idref="oc-478"/>
      </symbol>
      <symbol id="sm-94e">
         <name>__aeabi_errno_addr</name>
         <value>0x200093b9</value>
         <object_component_ref idref="oc-3f2"/>
      </symbol>
      <symbol id="sm-94f">
         <name>errno</name>
         <value>0x2001782c</value>
         <object_component_ref idref="oc-488"/>
      </symbol>
      <symbol id="sm-968">
         <name>wcslen</name>
         <value>0x20009345</value>
         <object_component_ref idref="oc-3ec"/>
      </symbol>
      <symbol id="sm-988">
         <name>frexpl</name>
         <value>0x20008a4d</value>
         <object_component_ref idref="oc-46c"/>
      </symbol>
      <symbol id="sm-989">
         <name>frexp</name>
         <value>0x20008a4d</value>
         <object_component_ref idref="oc-46c"/>
      </symbol>
      <symbol id="sm-9a7">
         <name>scalbn</name>
         <value>0x20008169</value>
         <object_component_ref idref="oc-472"/>
      </symbol>
      <symbol id="sm-9a8">
         <name>scalbnl</name>
         <value>0x20008169</value>
         <object_component_ref idref="oc-472"/>
      </symbol>
      <symbol id="sm-9a9">
         <name>ldexpl</name>
         <value>0x20008169</value>
         <object_component_ref idref="oc-472"/>
      </symbol>
      <symbol id="sm-9aa">
         <name>ldexp</name>
         <value>0x20008169</value>
         <object_component_ref idref="oc-472"/>
      </symbol>
      <symbol id="sm-9b4">
         <name>copysign</name>
         <value>0x200093a1</value>
         <object_component_ref idref="oc-4b3"/>
      </symbol>
      <symbol id="sm-9b5">
         <name>copysignl</name>
         <value>0x200093a1</value>
         <object_component_ref idref="oc-4b3"/>
      </symbol>
      <symbol id="sm-9b6">
         <name>__TI_static_base__</name>
         <value>0x2000d920</value>
      </symbol>
      <symbol id="sm-9b9">
         <name>__mpu_init</name>
         <value>0x0</value>
      </symbol>
      <symbol id="sm-9ba">
         <name>_system_post_cinit</name>
         <value>0x0</value>
      </symbol>
   </symbol_table>
   <title>Link successful</title>
</link_info>
