
**** Build of configuration Debug for project spi_demo ****

"C:\\ti\\ccs1250\\ccs\\utils\\bin\\gmake" -k -j 12 all -O 
 
Building file: "../main.c"
Invoking: Arm Compiler
"C:/ti/ccs1250/ccs/tools/compiler/ti-cgt-arm_20.2.7.LTS/bin/armcl" -mv7M4 --code_state=16 --float_support=none -me -Ooff --include_path="C:/Users/Josh/Desktop/EEC 172/labs/lab3_part1/spi_demo" --include_path="C:/ti/CC3200SDK_1.5.0/cc3200-sdk/" --include_path="C:/ti/CC3200SDK_1.5.0/cc3200-sdk/driverlib/" --include_path="C:/ti/CC3200SDK_1.5.0/cc3200-sdk/inc/" --include_path="C:/ti/CC3200SDK_1.5.0/cc3200-sdk/example/common/" --include_path="C:/ti/ccs1250/ccs/tools/compiler/ti-cgt-arm_20.2.7.LTS/include" --define=ccs --define=cc3200 -g --diag_warning=225 --diag_wrap=off --display_error_number --abi=eabi --preproc_with_compile --preproc_dependency="main.d_raw"  "../main.c"
"../main.c", line 340: warning #225-D: function "setTextSize" declared implicitly
"../main.c", line 341: warning #225-D: function "setTextColor" declared implicitly
"../main.c", line 342: warning #225-D: function "setCursor" declared implicitly
"../main.c", line 367: warning #225-D: function "drawChar" declared implicitly
"../main.c", line 466: warning #225-D: function "drawChar" declared implicitly
"../main.c", line 471: warning #225-D: function "drawChar" declared implicitly
"../main.c", line 474: warning #225-D: function "drawChar" declared implicitly
"../main.c", line 527: warning #225-D: function "setTextSize" declared implicitly
"../main.c", line 528: warning #225-D: function "setTextColor" declared implicitly
"../main.c", line 529: warning #225-D: function "setCursor" declared implicitly
"../main.c", line 558: warning #169-D: argument of type "volatile char *" is incompatible with parameter of type "const char *"
"../main.c", line 578: warning #169-D: argument of type "volatile char *" is incompatible with parameter of type "const char *"
"../main.c", line 724: warning #225-D: function "setTextSize" declared implicitly
"../main.c", line 725: warning #225-D: function "setTextColor" declared implicitly
"../main.c", line 726: warning #225-D: function "setCursor" declared implicitly
"../main.c", line 728: warning #179-D: variable "x" was declared but never referenced
"../main.c", line 729: warning #179-D: variable "y" was declared but never referenced
Finished building: "../main.c"
 
Building target: "spi_demo.out"
Invoking: Arm Linker
"C:/ti/ccs1250/ccs/tools/compiler/ti-cgt-arm_20.2.7.LTS/bin/armcl" -mv7M4 --code_state=16 --float_support=none -me -Ooff --define=ccs --define=cc3200 -g --diag_warning=225 --diag_wrap=off --display_error_number --abi=eabi -z -m"spi_demo.map" --heap_size=0x800 --stack_size=0x800 -i"C:/ti/ccs1250/ccs/tools/compiler/ti-cgt-arm_20.2.7.LTS/lib" -i"C:/ti/ccs1250/ccs/tools/compiler/ti-cgt-arm_20.2.7.LTS/include" --reread_libs --diag_wrap=off --display_error_number --warn_sections --xml_link_info="spi_demo_linkInfo.xml" --rom_model -o "spi_demo.out" "./Adafruit_GFX.obj" "./Adafruit_SSD1351.obj" "./main.obj" "./oled_test.obj" "./pin_mux_config.obj" "./startup_ccs.obj" "./systick_utils.obj" "./typing.obj" "./uart_if.obj" "../cc3200v1p32.cmd"  -l"C:/ti/CC3200SDK_1.5.0/cc3200-sdk/driverlib/ccs/Release/driverlib.a" -llibc.a 
<Linking>
Finished building target: "spi_demo.out"
 
C:/ti/ccs1250/ccs/utils/tiobj2bin/tiobj2bin spi_demo.out spi_demo.bin C:/ti/ccs1250/ccs/tools/compiler/ti-cgt-arm_20.2.7.LTS/bin/armofd C:/ti/ccs1250/ccs/tools/compiler/ti-cgt-arm_20.2.7.LTS/bin/armhex C:/ti/ccs1250/ccs/utils/tiobj2bin/mkhex4bin
 

**** Build Finished ****
